BL51 BANKED LINKER/LOCATER V6.22                                                        05/20/2014  11:03:55  PAGE 1


BL51 BANKED LINKER/LOCATER V6.22, INVOKED BY:
C:\KEIL\C51\BIN\BL51.EXE C8051_adc.obj, C8051_delay.obj, C8051_mcutemp.obj, C8051_oscillator.obj, C8051_SMBus.obj, C8051
>> _SMBusSpy.obj, C8051_SMBusTimer3.obj, C8051_SPI0.obj, C8051_SPI0_int.obj, C8051_SPI0_shared.obj, C8051_uart0.obj, C80
>> 51_UART0Timer4.obj, C8051_uart1.obj, C8051_UART1Timer1.obj, C8051_watchdog.obj, comm_generic.obj, comm_imc.obj, comm_
>> itc.obj, comm_itc_cw.obj, hash_blob.obj, hash_frame.obj, hash_manifest.obj, mccif_active.obj, mccif_buffer.obj, mccif
>> _local.obj, mccif_spy.obj, mccif_stream.obj, mccif_xdata.obj, obdh_auth.obj, obdh_constant.obj, obdh_cqt.obj, obdh_de
>> bug.obj, obdh_events.obj, obdh_globalvariables.obj, obdh_grace.obj, obdh_main.obj, obdh_port.obj, obdh_recon.obj, obd
>> h_schedule.obj, obdh_systemconfig.obj, obdh_systeminit.obj, obdh_timer.obj, obdh_timekeeper.obj, obdh_trxuv.obj, rtc_
>> generic.obj, sdcard_generic.obj, sdcard_redundant.obj, state_adcsHk.obj, state_cmdHandler.obj, state_downlink.obj, st
>> ate_ferryCct.obj, state_ferryGps.obj, state_ferryXBee.obj, state_powerCqt.obj, state_pwrsHk.obj, state_radioUp.obj, s
>> tate_rtcSync.obj, state_scheduler.obj, state_trxuvHk.obj, state_util.obj, state_wireUp.obj, state_xdatSegGet.obj, Vel
>> ox_beacon.obj, Velox_calendar.obj, Velox_checksum.obj, Velox_clock.obj, Velox_delay.obj, Velox_meta.obj, Velox_rtc_su
>> pport.obj, Velox_runtime.obj, Velox_screen.obj, Velox_seconds.obj, Velox_slowtask.obj, Velox_sfrstack.obj, Velox_stat
>> e.obj, Velox_timertask.obj, Velox_uart.obj, Velox_uptime.obj, Velox_watchdog.obj TO obdh RAMSIZE (256) CODE (0X0000-0
>> XFFFF) XDATA (0X0000-0X1FFF)


MEMORY MODEL: LARGE WITH FLOATING POINT ARITHMETIC


INPUT MODULES INCLUDED:
  C8051_adc.obj (C8051_ADC)
  C8051_delay.obj (C8051_DELAY)
  C8051_mcutemp.obj (C8051_MCUTEMP)
  C8051_oscillator.obj (C8051_OSCILLATOR)
  C8051_SMBus.obj (C8051_SMBUS)
  C8051_SMBusSpy.obj (C8051_SMBUSSPY)
  C8051_SMBusTimer3.obj (C8051_SMBUSTIMER3)
  C8051_SPI0.obj (C8051_SPI0)
  C8051_SPI0_int.obj (C8051_SPI0_INT)
  C8051_SPI0_shared.obj (C8051_SPI0_SHARED)
  C8051_uart0.obj (C8051_UART0)
  C8051_UART0Timer4.obj (C8051_UART0TIMER4)
  C8051_uart1.obj (C8051_UART1)
  C8051_UART1Timer1.obj (C8051_UART1TIMER1)
  C8051_watchdog.obj (C8051_WATCHDOG)
  comm_generic.obj (COMM_GENERIC)
  comm_imc.obj (COMM_IMC)
  comm_itc.obj (COMM_ITC)
  comm_itc_cw.obj (COMM_ITC_CW)
  hash_blob.obj (HASH_BLOB)
  hash_frame.obj (HASH_FRAME)
  hash_manifest.obj (HASH_MANIFEST)
  mccif_active.obj (MCCIF_ACTIVE)
  mccif_buffer.obj (MCCIF_BUFFER)
  mccif_local.obj (MCCIF_LOCAL)
  mccif_spy.obj (MCCIF_SPY)
  mccif_stream.obj (MCCIF_STREAM)
  mccif_xdata.obj (MCCIF_XDATA)
  obdh_auth.obj (OBDH_AUTH)
  obdh_constant.obj (OBDH_CONSTANT)
  obdh_cqt.obj (OBDH_CQT)
  obdh_debug.obj (OBDH_DEBUG)
  obdh_events.obj (OBDH_EVENTS)
  obdh_globalvariables.obj (OBDH_GLOBALVARIABLES)
  obdh_grace.obj (OBDH_GRACE)
  obdh_main.obj (OBDH_MAIN)
  obdh_port.obj (OBDH_PORT)
BL51 BANKED LINKER/LOCATER V6.22                                                      05/20/2014  11:03:55  PAGE 2


  obdh_recon.obj (OBDH_RECON)
  obdh_schedule.obj (OBDH_SCHEDULE)
  obdh_systemconfig.obj (OBDH_SYSTEMCONFIG)
  obdh_systeminit.obj (OBDH_SYSTEMINIT)
  obdh_timer.obj (OBDH_TIMER)
  obdh_timekeeper.obj (OBDH_TIMEKEEPER)
  obdh_trxuv.obj (OBDH_TRXUV)
  rtc_generic.obj (RTC_GENERIC)
  sdcard_generic.obj (SDCARD_GENERIC)
  sdcard_redundant.obj (SDCARD_REDUNDANT)
  state_adcsHk.obj (STATE_ADCSHK)
  state_cmdHandler.obj (STATE_CMDHANDLER)
  state_downlink.obj (STATE_DOWNLINK)
  state_ferryCct.obj (STATE_FERRYCCT)
  state_ferryGps.obj (STATE_FERRYGPS)
  state_ferryXBee.obj (STATE_FERRYXBEE)
  state_powerCqt.obj (STATE_POWERCQT)
  state_pwrsHk.obj (STATE_PWRSHK)
  state_radioUp.obj (STATE_RADIOUP)
  state_rtcSync.obj (STATE_RTCSYNC)
  state_scheduler.obj (STATE_SCHEDULER)
  state_trxuvHk.obj (STATE_TRXUVHK)
  state_util.obj (STATE_UTIL)
  state_wireUp.obj (STATE_WIREUP)
  state_xdatSegGet.obj (STATE_XDATSEGGET)
  Velox_beacon.obj (VELOX_BEACON)
  Velox_calendar.obj (VELOX_CALENDAR)
  Velox_checksum.obj (VELOX_CHECKSUM)
  Velox_clock.obj (VELOX_CLOCK)
  Velox_delay.obj (VELOX_DELAY)
  Velox_meta.obj (VELOX_META)
  Velox_rtc_support.obj (VELOX_RTC_SUPPORT)
  Velox_runtime.obj (VELOX_RUNTIME)
  Velox_screen.obj (VELOX_SCREEN)
  Velox_seconds.obj (VELOX_SECONDS)
  Velox_slowtask.obj (VELOX_SLOWTASK)
  Velox_sfrstack.obj (VELOX_SFRSTACK)
  Velox_state.obj (VELOX_STATE)
  Velox_timertask.obj (VELOX_TIMERTASK)
  Velox_uart.obj (VELOX_UART)
  Velox_uptime.obj (VELOX_UPTIME)
  Velox_watchdog.obj (VELOX_WATCHDOG)
  C:\KEIL\C51\LIB\C51FPL.LIB (?C?FPADD)
  C:\KEIL\C51\LIB\C51FPL.LIB (?C?FPMUL)
  C:\KEIL\C51\LIB\C51FPL.LIB (?C?FPDIV)
  C:\KEIL\C51\LIB\C51FPL.LIB (?C?FPCMP)
  C:\KEIL\C51\LIB\C51FPL.LIB (?C?FCAST)
  C:\KEIL\C51\LIB\C51FPL.LIB (?C?CASTF)
  C:\KEIL\C51\LIB\C51FPL.LIB (PRINTF)
  C:\KEIL\C51\LIB\C51FPL.LIB (CEIL)
  C:\KEIL\C51\LIB\C51FPL.LIB (?C?FPGETOPN)
  C:\KEIL\C51\LIB\C51FPL.LIB (?C?FPROUND)
  C:\KEIL\C51\LIB\C51FPL.LIB (?C?FPCONVERT)
  C:\KEIL\C51\LIB\C51FPL.LIB (?C?FTNPWR)
  C:\KEIL\C51\LIB\C51L.LIB (?C_STARTUP)
  C:\KEIL\C51\LIB\C51L.LIB (?C?COPY)
  C:\KEIL\C51\LIB\C51L.LIB (?C?SCDIV)
BL51 BANKED LINKER/LOCATER V6.22                                                      05/20/2014  11:03:55  PAGE 3


  C:\KEIL\C51\LIB\C51L.LIB (?C?CLDPTR)
  C:\KEIL\C51\LIB\C51L.LIB (?C?CLDOPTR)
  C:\KEIL\C51\LIB\C51L.LIB (?C?CILDPTR)
  C:\KEIL\C51\LIB\C51L.LIB (?C?CILDOPTR)
  C:\KEIL\C51\LIB\C51L.LIB (?C?CSTPTR)
  C:\KEIL\C51\LIB\C51L.LIB (?C?CSTOPTR)
  C:\KEIL\C51\LIB\C51L.LIB (?C?IMUL)
  C:\KEIL\C51\LIB\C51L.LIB (?C?UIDIV)
  C:\KEIL\C51\LIB\C51L.LIB (?C?SIDIV)
  C:\KEIL\C51\LIB\C51L.LIB (?C?IILDX)
  C:\KEIL\C51\LIB\C51L.LIB (?C?ILDPTR)
  C:\KEIL\C51\LIB\C51L.LIB (?C?ILDOPTR)
  C:\KEIL\C51\LIB\C51L.LIB (?C?IILDPTR)
  C:\KEIL\C51\LIB\C51L.LIB (?C?ISTPTR)
  C:\KEIL\C51\LIB\C51L.LIB (?C?ISTOPTR)
  C:\KEIL\C51\LIB\C51L.LIB (?C?LMUL)
  C:\KEIL\C51\LIB\C51L.LIB (?C?ULDIV)
  C:\KEIL\C51\LIB\C51L.LIB (?C?SLDIV)
  C:\KEIL\C51\LIB\C51L.LIB (?C?LNEG)
  C:\KEIL\C51\LIB\C51L.LIB (?C?SLCMP)
  C:\KEIL\C51\LIB\C51L.LIB (?C?ULCMP)
  C:\KEIL\C51\LIB\C51L.LIB (?C?LSHL)
  C:\KEIL\C51\LIB\C51L.LIB (?C?LLDPTR)
  C:\KEIL\C51\LIB\C51L.LIB (?C?LLDOPTR)
  C:\KEIL\C51\LIB\C51L.LIB (?C?LSTPTR)
  C:\KEIL\C51\LIB\C51L.LIB (?C?LSTOPTR)
  C:\KEIL\C51\LIB\C51L.LIB (?C?LLDPTR0)
  C:\KEIL\C51\LIB\C51L.LIB (?C?LLDOPTR0)
  C:\KEIL\C51\LIB\C51L.LIB (?C?LSTXDATA)
  C:\KEIL\C51\LIB\C51L.LIB (?C?LSTKXDATA)
  C:\KEIL\C51\LIB\C51L.LIB (?C?PLDIXDATA)
  C:\KEIL\C51\LIB\C51L.LIB (?C?PSTXDATA)
  C:\KEIL\C51\LIB\C51L.LIB (?C?PLDPTR)
  C:\KEIL\C51\LIB\C51L.LIB (?C?PSTPTR)
  C:\KEIL\C51\LIB\C51L.LIB (?C?CCASE)
  C:\KEIL\C51\LIB\C51L.LIB (?C?ICASE)
  C:\KEIL\C51\LIB\C51L.LIB (?C?ICALL)
  C:\KEIL\C51\LIB\C51L.LIB (?C?LIMUL)
  C:\KEIL\C51\LIB\C51L.LIB (?C?MEMCMP)
  C:\KEIL\C51\LIB\C51L.LIB (?C?MEMSET)
  C:\KEIL\C51\LIB\C51L.LIB (?C_INIT)
  C:\KEIL\C51\LIB\C51L.LIB (?C?LLDIDATA)
  C:\KEIL\C51\LIB\C51L.LIB (?C?LLDXDATA)
  C:\KEIL\C51\LIB\C51L.LIB (?C?LLDPDATA)
  C:\KEIL\C51\LIB\C51L.LIB (?C?LLDCODE)
  C:\KEIL\C51\LIB\C51L.LIB (?C?LLDIDATA0)
  C:\KEIL\C51\LIB\C51L.LIB (?C?LLDXDATA0)
  C:\KEIL\C51\LIB\C51L.LIB (?C?LLDPDATA0)
  C:\KEIL\C51\LIB\C51L.LIB (?C?LLDCODE0)
  C:\KEIL\C51\LIB\C51L.LIB (?C?LSTIDATA)
  C:\KEIL\C51\LIB\C51L.LIB (?C?LSTPDATA)
  C:\KEIL\C51\LIB\C51L.LIB (?C?PLDIDATA)
  C:\KEIL\C51\LIB\C51L.LIB (?C?PSTIDATA)
  C:\KEIL\C51\LIB\C51L.LIB (?C?PLDXDATA)
  C:\KEIL\C51\LIB\C51L.LIB (?C?PLDPDATA)
  C:\KEIL\C51\LIB\C51L.LIB (?C?PSTPDATA)
  C:\KEIL\C51\LIB\C51L.LIB (?C?PLDCODE)
BL51 BANKED LINKER/LOCATER V6.22                                                      05/20/2014  11:03:55  PAGE 4




LINK MAP OF MODULE:  obdh (C8051_ADC)


            TYPE    BASE      LENGTH    RELOCATION   SEGMENT NAME
            -----------------------------------------------------

            * * * * * * *   D A T A   M E M O R Y   * * * * * * *
            REG     0000H     0008H     ABSOLUTE     "REG BANK 0"
            DATA    0008H     0005H     UNIT         _DATA_GROUP_
                    000DH     0013H                  *** GAP ***
            BIT     0020H.0   0001H.1   UNIT         _BIT_GROUP_
            BIT     0021H.1   0000H.1   UNIT         ?BI?UART0_RESETRX?C8051_UART0
            BIT     0021H.2   0000H.1   UNIT         ?BI?UART0_GETRXAVAILABLE?C8051_UART0
            BIT     0021H.3   0000H.1   UNIT         ?BI?_UART0_ADVANCE?C8051_UART0
            BIT     0021H.4   0000H.1   UNIT         ?BI?_UART0_PUTCHAR?C8051_UART0
            BIT     0021H.5   0000H.1   UNIT         ?BI?WATCHDOG_DISABLE?C8051_WATCHDOG
                    0021H.6   0000H.2                *** GAP ***
            IDATA   0022H     0001H     UNIT         ?STACK

            * * * * * * *  X D A T A   M E M O R Y  * * * * * * *
            XDATA   0000H     0060H     UNIT         ?XD?OBDH_CONSTANT
            XDATA   0060H     0004H     UNIT         ?XD?_ADC0_READSHORT?C8051_ADC
            XDATA   0064H     0002H     ABSOLUTE     
            XDATA   0066H     0001H     ABSOLUTE     
            XDATA   0067H     0002H     ABSOLUTE     
            XDATA   0069H     00D3H     ABSOLUTE     
            XDATA   013CH     0002H     ABSOLUTE     
            XDATA   013EH     001BH     UNIT         ?XD?MCCIF_LOCALPOLL?MCCIF_LOCAL
            XDATA   0159H     0005H     UNIT         ?XD?C8051_ADC
            XDATA   015EH     0360H     ABSOLUTE     
            XDATA   04BEH     0021H     UNIT         ?XD?OBDH_DEBUG
            XDATA   04DFH     0003H     UNIT         ?XD?OSCILLATOR_RESETCAUSECHECK?C8051_OSCILLATOR
            XDATA   04E2H     0006H     ABSOLUTE     
            XDATA   04E8H     0006H     ABSOLUTE     
            XDATA   04EEH     0006H     ABSOLUTE     
            XDATA   04F4H     0006H     ABSOLUTE     
            XDATA   04FAH     0006H     ABSOLUTE     
            XDATA   0500H     0006H     ABSOLUTE     
            XDATA   0506H     0006H     ABSOLUTE     
            XDATA   050CH     0006H     ABSOLUTE     
            XDATA   0512H     0006H     ABSOLUTE     
            XDATA   0518H     0006H     ABSOLUTE     
            XDATA   051EH     0006H     ABSOLUTE     
            XDATA   0524H     0006H     ABSOLUTE     
            XDATA   052AH     0006H     ABSOLUTE     
            XDATA   0530H     0006H     ABSOLUTE     
            XDATA   0536H     0009H     ABSOLUTE     
            XDATA   053FH     0016H     ABSOLUTE     
            XDATA   0555H     0005H     ABSOLUTE     
            XDATA   055AH     001BH     UNIT         ?XD?_STATE_CMDHANDLER?STATE_CMDHANDLER
            XDATA   0575H     0003H     UNIT         ?XD?SMBUSTIMER3_GETTIMEOUTCOUNT?C8051_SMBUSTIMER3
            XDATA   0578H     000EH     ABSOLUTE     
            XDATA   0586H     0032H     ABSOLUTE     
            XDATA   05B8H     000FH     ABSOLUTE     
            XDATA   05C7H     000AH     ABSOLUTE     
BL51 BANKED LINKER/LOCATER V6.22                                                      05/20/2014  11:03:55  PAGE 5


            XDATA   05D1H     0005H     ABSOLUTE     
            XDATA   05D6H     001AH     ABSOLUTE     
            XDATA   05F0H     0002H     ABSOLUTE     
            XDATA   05F2H     0002H     ABSOLUTE     
            XDATA   05F4H     0003H     ABSOLUTE     
            XDATA   05F7H     0004H     ABSOLUTE     
            XDATA   05FBH     0003H     ABSOLUTE     
            XDATA   05FEH     0014H     ABSOLUTE     
            XDATA   0612H     000DH     ABSOLUTE     
            XDATA   061FH     0001H     ABSOLUTE     
            XDATA   0620H     0013H     ABSOLUTE     
            XDATA   0633H     0005H     ABSOLUTE     
            XDATA   0638H     000DH     ABSOLUTE     
            XDATA   0645H     000CH     ABSOLUTE     
            XDATA   0651H     001BH     UNIT         ?XD?_STATE_SCHEDULER?STATE_SCHEDULER
            XDATA   066CH     0006H     UNIT         ?XD?_DELAY_US?C8051_DELAY
            XDATA   0672H     0014H     ABSOLUTE     
            XDATA   0686H     001AH     UNIT         ?XD?_OSCILLATOR_SETPLLDAM?C8051_OSCILLATOR
            XDATA   06A0H     0004H     UNIT         ?XD?MCUTEMP_INCELSIUS?C8051_MCUTEMP
            XDATA   06A4H     000AH     ABSOLUTE     
            XDATA   06AEH     0009H     ABSOLUTE     
            XDATA   06B7H     0008H     ABSOLUTE     
            XDATA   06BFH     0007H     ABSOLUTE     
            XDATA   06C6H     000FH     ABSOLUTE     
            XDATA   06D5H     0001H     ABSOLUTE     
            XDATA   06D6H     0001H     ABSOLUTE     
            XDATA   06D7H     000EH     ABSOLUTE     
            XDATA   06E5H     0018H     ABSOLUTE     
            XDATA   06FDH     0001H     ABSOLUTE     
            XDATA   06FEH     0009H     ABSOLUTE     
            XDATA   0707H     0001H     UNIT         ?XD?_ADC0_SETDELAYUS?C8051_ADC
            XDATA   0708H     0012H     ABSOLUTE     
            XDATA   071AH     000CH     UNIT         ?XD?_SPI0_PUTCHARS?C8051_SPI0
            XDATA   0726H     0009H     ABSOLUTE     
            XDATA   072FH     04A7H     UNIT         ?XD?OBDH_GLOBALVARIABLES
            XDATA   0BD6H     0382H     UNIT         ?XD?OBDH_MAIN
            XDATA   0F58H     0200H     UNIT         ?XD?VELOX_CHECKSUM
            XDATA   1158H     0030H     UNIT         _XDATA_GROUP_
            XDATA   1188H     002CH     UNIT         ?XD?C8051_SMBUS
            XDATA   11B4H     0018H     UNIT         ?XD?C8051_UART0
            XDATA   11CCH     0018H     UNIT         ?XD?_MCCIF_DOWNLINKSTREAM?MCCIF_STREAM
            XDATA   11E4H     0017H     UNIT         ?XD?C8051_UART1
            XDATA   11FBH     0014H     UNIT         ?XD?_SCHEDULE_SWAP?OBDH_SCHEDULE
            XDATA   120FH     0011H     UNIT         ?XD?_SD_SENDCOMMAND?SDCARD_GENERIC
            XDATA   1220H     0011H     UNIT         ?XD?STATE_UTIL
            XDATA   1231H     0011H     UNIT         ?XD?_CHECKSUM_INIT?VELOX_CHECKSUM
            XDATA   1242H     0010H     UNIT         ?XD?_BEACON_LINEAR?VELOX_BEACON
            XDATA   1252H     000FH     UNIT         ?XD?_HASH_GETBLOB?HASH_BLOB
            XDATA   1261H     000FH     UNIT         ?XD?_STATE_ADCSHK?STATE_ADCSHK
            XDATA   1270H     000EH     UNIT         ?XD?_OSCILLATOR_INIT?C8051_OSCILLATOR
            XDATA   127EH     000EH     UNIT         ?XD?_HASH_PUTBLOB?HASH_BLOB
            XDATA   128CH     000EH     UNIT         ?XD?_RTC_FROMTAI?VELOX_RTC_SUPPORT
            XDATA   129AH     000DH     UNIT         ?XD?C8051_SPI0_INT
            XDATA   12A7H     000DH     UNIT         ?XD?_MCCIF_FORMATSET?MCCIF_ACTIVE
            XDATA   12B4H     000DH     UNIT         ?XD?_SDRED_WRITE?SDCARD_REDUNDANT
            XDATA   12C1H     000CH     UNIT         ?XD?_SPI0_INIT?C8051_SPI0_SHARED
            XDATA   12CDH     000CH     UNIT         ?XD?_UART0_OPEN?C8051_UART0
BL51 BANKED LINKER/LOCATER V6.22                                                      05/20/2014  11:03:55  PAGE 6


            XDATA   12D9H     000CH     UNIT         ?XD?SD_INIT?SDCARD_GENERIC
            XDATA   12E5H     000CH     UNIT         ?XD?_SDRED_READ?SDCARD_REDUNDANT
            XDATA   12F1H     000CH     UNIT         ?XD?_CHECKSUM_UPDATE?VELOX_CHECKSUM
            XDATA   12FDH     000BH     UNIT         ?XD?_OSCILLATOR_ATTEMPTEXTINIT?C8051_OSCILLATOR
            XDATA   1308H     000BH     UNIT         ?XD?_SPI0_PUTGETCHARS?C8051_SPI0
            XDATA   1313H     000BH     UNIT         ?XD?_UART0TIMER4_INIT?C8051_UART0TIMER4
            XDATA   131EH     000BH     UNIT         ?XD?_UART1_OPEN?C8051_UART1
            XDATA   1329H     000BH     UNIT         ?XD?_UART1TIMER1_INIT?C8051_UART1TIMER1
            XDATA   1334H     000BH     UNIT         ?XD?_MCCIF_APPENDCHARS?MCCIF_BUFFER
            XDATA   133FH     000BH     UNIT         ?XD?_MCCIF_ISVALIDCONTENT?MCCIF_SPY
            XDATA   134AH     000BH     UNIT         ?XD?_MCCIF_FORMATCONTENT?MCCIF_XDATA
            XDATA   1355H     000BH     UNIT         ?XD?_SD_CRC7UPDATE?SDCARD_GENERIC
            XDATA   1360H     000BH     UNIT         ?XD?_SD_GETUNTILNOT?SDCARD_GENERIC
            XDATA   136BH     000BH     UNIT         ?XD?_SD_COMMANDUNTIL?SDCARD_GENERIC
            XDATA   1376H     000BH     UNIT         ?XD?_SD_WRITESINGLEBLOCK?SDCARD_GENERIC
            XDATA   1381H     000BH     UNIT         ?XD?_STATE_XDATSEGGET?STATE_XDATSEGGET
            XDATA   138CH     000BH     UNIT         ?XD?_CALENDAR_DAYSSINCETAIUNTIL?VELOX_CALENDAR
            XDATA   1397H     000AH     UNIT         ?XD?_SMBUS_INIT?C8051_SMBUS
            XDATA   13A1H     000AH     UNIT         ?XD?_UART0_POLLCHARS?C8051_UART0
            XDATA   13ABH     000AH     UNIT         ?XD?_UART0_PUTCHARS?C8051_UART0
            XDATA   13B5H     000AH     UNIT         ?XD?_UART1_POLLCHARS?C8051_UART1
            XDATA   13BFH     000AH     UNIT         ?XD?_UART1_PUTCHARS?C8051_UART1
            XDATA   13C9H     000AH     UNIT         ?XD?_MCCIF_FORMATREQUEST?MCCIF_ACTIVE
            XDATA   13D3H     000AH     UNIT         ?XD?MCCIF_BUFFER
            XDATA   13DDH     000AH     UNIT         ?XD?_MCCIF_LOCALSET?MCCIF_XDATA
            XDATA   13E7H     000AH     UNIT         ?XD?_SD_READSINGLEBLOCK?SDCARD_GENERIC
            XDATA   13F1H     000AH     UNIT         ?XD?_STATE_PWRSHK?STATE_PWRSHK
            XDATA   13FBH     000AH     UNIT         ?XD?_STATEUTIL_POKESETXDATA?STATE_UTIL
            XDATA   1405H     000AH     UNIT         ?XD?_PRIVATE_XDATSEGPROPAGATE?STATE_XDATSEGGET
            XDATA   140FH     000AH     UNIT         ?XD?_RTC_TOTAI?VELOX_RTC_SUPPORT
            XDATA   1419H     000AH     UNIT         ?XD?_UPTIME_INIT?VELOX_UPTIME
            XDATA   1423H     0009H     UNIT         ?XD?_OSCILLATOR_PRELIMPLLSETTING?C8051_OSCILLATOR
            XDATA   142CH     0009H     UNIT         ?XD?_HASH_ADDRESSBLOB?HASH_BLOB
            XDATA   1435H     0009H     UNIT         ?XD?_MCCIF_LOCALSEND?MCCIF_LOCAL
            XDATA   143EH     0009H     UNIT         ?XD?_AUTH_ISPERMITTED_OVERRIDE?OBDH_AUTH
            XDATA   1447H     0009H     UNIT         ?XD?_CALENDAR_INCREMENTSECONDS?VELOX_CALENDAR
            XDATA   1450H     0009H     UNIT         ?XD?_STATE_TURING?VELOX_STATE
            XDATA   1459H     0008H     UNIT         ?XD?_OSCILLATOR_SETSYSCLKFROMPLL?C8051_OSCILLATOR
            XDATA   1461H     0008H     UNIT         ?XD?_SPI0INT_PROCESS?C8051_SPI0_INT
            XDATA   1469H     0008H     UNIT         ?XD?COMM_GENERIC
            XDATA   1471H     0008H     UNIT         ?XD?_COMM_RXFRAMEGET?COMM_IMC
            XDATA   1479H     0008H     UNIT         ?XD?_HASH_GETFRAME?HASH_FRAME
            XDATA   1481H     0008H     UNIT         ?XD?_HASH_PUTFRAME?HASH_FRAME
            XDATA   1489H     0008H     UNIT         ?XD?_STATE_POWERCQT?STATE_POWERCQT
            XDATA   1491H     0008H     UNIT         ?XD?_STATE_RADIOUP?STATE_RADIOUP
            XDATA   1499H     0008H     UNIT         ?XD?_STATE_RTCSYNC?STATE_RTCSYNC
            XDATA   14A1H     0008H     UNIT         ?XD?_STATEUTIL_INIT?STATE_UTIL
            XDATA   14A9H     0008H     UNIT         ?XD?_STATE_ISREADY?VELOX_STATE
            XDATA   14B1H     0007H     UNIT         ?XD?_ADC0_INIT?C8051_ADC
            XDATA   14B8H     0007H     UNIT         ?XD?_ADC0_GETAVERAGE_MV?C8051_ADC
            XDATA   14BFH     0007H     UNIT         ?XD?_OSCILLATOR_SETXFCN?C8051_OSCILLATOR
            XDATA   14C6H     0007H     UNIT         ?XD?_INT_OSCILLATOR_INIT?C8051_OSCILLATOR
            XDATA   14CDH     0007H     UNIT         ?XD?COMM_ALLTELEMETRYGET?COMM_IMC
            XDATA   14D4H     0007H     UNIT         ?XD?_HASH_GETADDRESS?HASH_FRAME
            XDATA   14DBH     0007H     UNIT         ?XD?_TIMER0_INIT?OBDH_TIMER
            XDATA   14E2H     0007H     UNIT         ?XD?_SD_WRITEBLOCKDATA?SDCARD_GENERIC
            XDATA   14E9H     0007H     UNIT         ?XD?_SD_READBLOCKDATA?SDCARD_GENERIC
BL51 BANKED LINKER/LOCATER V6.22                                                      05/20/2014  11:03:55  PAGE 7


            XDATA   14F0H     0007H     UNIT         ?XD?_STATE_FERRYCCT?STATE_FERRYCCT
            XDATA   14F7H     0007H     UNIT         ?XD?_STATE_FERRYGPS?STATE_FERRYGPS
            XDATA   14FEH     0007H     UNIT         ?XD?_STATE_FERRYXBEE?STATE_FERRYXBEE
            XDATA   1505H     0007H     UNIT         ?XD?_STATEUTIL_POKEREQUESTXDATA?STATE_UTIL
            XDATA   150CH     0007H     UNIT         ?XD?_STATEUTIL_PEEK?STATE_UTIL
            XDATA   1513H     0007H     UNIT         ?XD?_STATE_WIREUP?STATE_WIREUP
            XDATA   151AH     0007H     UNIT         ?XD?_CALENDAR_SETFROMDAYS?VELOX_CALENDAR
            XDATA   1521H     0007H     UNIT         ?XD?_CALENDAR_FROMTAI?VELOX_CALENDAR
            XDATA   1528H     0007H     UNIT         ?XD?_CALENDAR_TOTAI?VELOX_CALENDAR
            XDATA   152FH     0007H     UNIT         ?XD?_DELAY_BLOCKMS?VELOX_DELAY
            XDATA   1536H     0007H     UNIT         ?XD?_RTC_FROMCALENDAR?VELOX_RTC_SUPPORT
            XDATA   153DH     0007H     UNIT         ?XD?_TIMERTASK_ISREADY?VELOX_TIMERTASK
            XDATA   1544H     0007H     UNIT         ?XD?VELOX_UPTIME
            XDATA   154BH     0007H     UNIT         ?XD?VELOX_WATCHDOG
            XDATA   1552H     0006H     UNIT         ?XD?_SMBUS_SETRXBUFFER?C8051_SMBUS
            XDATA   1558H     0006H     UNIT         ?XD?_SMBUS_SETTXBUFFER?C8051_SMBUS
            XDATA   155EH     0006H     UNIT         ?XD?_COMM_INIT?COMM_GENERIC
            XDATA   1564H     0006H     UNIT         ?XD?_MCCIF_GETARGLENGTH?MCCIF_SPY
            XDATA   156AH     0006H     UNIT         ?XD?_MCCIF_GETBLOBINDEX?MCCIF_SPY
            XDATA   1570H     0006H     UNIT         ?XD?_MCCIF_GETBLOBTYPE?MCCIF_SPY
            XDATA   1576H     0006H     UNIT         ?XD?_MCCIF_GETBLOBCOUNT?MCCIF_SPY
            XDATA   157CH     0006H     UNIT         ?XD?_STATE_TIMEOUT_OVERRIDE?OBDH_EVENTS
            XDATA   1582H     0006H     UNIT         ?XD?_RTC_INIT?RTC_GENERIC
            XDATA   1588H     0006H     UNIT         ?XD?RTC_GENERIC
            XDATA   158EH     0006H     UNIT         ?XD?_SDRED_INIT?SDCARD_REDUNDANT
            XDATA   1594H     0006H     UNIT         ?XD?SDCARD_REDUNDANT
            XDATA   159AH     0006H     UNIT         ?XD?_STATE_DOWNLINK?STATE_DOWNLINK
            XDATA   15A0H     0006H     UNIT         ?XD?_PRIVATE_XDATSEGSDSTORAGE?STATE_XDATSEGGET
            XDATA   15A6H     0006H     UNIT         ?XD?_RTC_TOCALENDAR?VELOX_RTC_SUPPORT
            XDATA   15ACH     0006H     UNIT         ?XD?VELOX_SFRSTACK
            XDATA   15B2H     0006H     UNIT         ?XD?_STATE_ISACTIVE?VELOX_STATE
            XDATA   15B8H     0006H     UNIT         ?XD?_UART_POLLCHARS?VELOX_UART
            XDATA   15BEH     0006H     UNIT         ?XD?_UART_PUTCHARS?VELOX_UART
            XDATA   15C4H     0005H     UNIT         ?XD?C8051_OSCILLATOR
            XDATA   15C9H     0005H     UNIT         ?XD?_SMBUSTIMER3_INIT?C8051_SMBUSTIMER3
            XDATA   15CEH     0005H     UNIT         ?XD?_SPI0_GETPUT?C8051_SPI0
            XDATA   15D3H     0005H     UNIT         ?XD?_UART1_PUTCHAR?C8051_UART1
            XDATA   15D8H     0005H     UNIT         ?XD?_COMM_RXQUEUESIZEGET?COMM_IMC
            XDATA   15DDH     0005H     UNIT         ?XD?_COMM_TXAX25PUT?COMM_ITC
            XDATA   15E2H     0005H     UNIT         ?XD?_COMM_TXAX25ANDCWGET?COMM_ITC
            XDATA   15E7H     0005H     UNIT         ?XD?_COMM_TXCWPUT?COMM_ITC_CW
            XDATA   15ECH     0005H     UNIT         ?XD?_MCCIF_SETBUFFER?MCCIF_BUFFER
            XDATA   15F1H     0005H     UNIT         ?XD?_RECON_DEBUGPRINT?OBDH_RECON
            XDATA   15F6H     0005H     UNIT         ?XD?_SCHEDULE_REMOVE?OBDH_SCHEDULE
            XDATA   15FBH     0005H     UNIT         ?XD?_TIMER2_INIT?OBDH_TIMER
            XDATA   1600H     0005H     UNIT         ?XD?_RTC_ISCONSISTENT?RTC_GENERIC
            XDATA   1605H     0005H     UNIT         ?XD?_RTC_OBTAINSTAMPGET?RTC_GENERIC
            XDATA   160AH     0005H     UNIT         ?XD?_PRIVATE_DOWNLINK?STATE_DOWNLINK
            XDATA   160FH     0005H     UNIT         ?XD?_MCCIF_LOCALHANDLE_OVERRIDE?STATE_RADIOUP
            XDATA   1614H     0005H     UNIT         ?XD?_CHECKSUM_ISVALID?VELOX_CHECKSUM
            XDATA   1619H     0005H     UNIT         ?XD?_SLOWTASK_ISREADY?VELOX_SLOWTASK
            XDATA   161EH     0005H     UNIT         ?XD?_SFR_INIT?VELOX_SFRSTACK
            XDATA   1623H     0005H     UNIT         ?XD?_STATE_STARTER?VELOX_STATE
            XDATA   1628H     0005H     UNIT         ?XD?_STATE_INITSTATETASK?VELOX_STATE
            XDATA   162DH     0005H     UNIT         ?XD?_TIMERTASK_SETEXECUTEONCE?VELOX_TIMERTASK
            XDATA   1632H     0005H     UNIT         ?XD?_TIMERTASK_SETPERIODIC?VELOX_TIMERTASK
            XDATA   1637H     0005H     UNIT         ?XD?_TIMERTASK_SETREPEATED?VELOX_TIMERTASK
BL51 BANKED LINKER/LOCATER V6.22                                                      05/20/2014  11:03:55  PAGE 8


            XDATA   163CH     0004H     UNIT         ?XD?_SMBUS_ISRXCOMPLETE?C8051_SMBUS
            XDATA   1640H     0004H     UNIT         ?XD?_SMBUS_START?C8051_SMBUS
            XDATA   1644H     0004H     UNIT         ?XD?_SMBUS_GETSTATUSCOUNT?C8051_SMBUS
            XDATA   1648H     0004H     UNIT         ?XD?C8051_SPI0_SHARED
            XDATA   164CH     0004H     UNIT         ?XD?_UART0_PUTCHAR?C8051_UART0
            XDATA   1650H     0004H     UNIT         ?XD?HASH_READMANIFEST?HASH_MANIFEST
            XDATA   1654H     0004H     UNIT         ?XD?HASH_WRITEMANIFEST?HASH_MANIFEST
            XDATA   1658H     0004H     UNIT         ?XD?_SD_CRC7ROTATE?SDCARD_GENERIC
            XDATA   165CH     0004H     UNIT         ?XD?_SD_GETUNTIL?SDCARD_GENERIC
            XDATA   1660H     0004H     UNIT         ?XD?_STATE_TRXUVHK?STATE_TRXUVHK
            XDATA   1664H     0004H     UNIT         ?XD?_BEACON_SETUNASSIGNED?VELOX_BEACON
            XDATA   1668H     0004H     UNIT         ?XD?_SLOWTASK_SETEXECUTEONCE?VELOX_SLOWTASK
            XDATA   166CH     0004H     UNIT         ?XD?_SLOWTASK_SETPERIODIC?VELOX_SLOWTASK
            XDATA   1670H     0004H     UNIT         ?XD?_SLOWTASK_SETREPEATED?VELOX_SLOWTASK
            XDATA   1674H     0004H     UNIT         ?XD?_SLOWTASK_SINCELAST?VELOX_SLOWTASK
            XDATA   1678H     0003H     UNIT         ?XD?SPI0_GETFAILURECOUNT?C8051_SPI0_SHARED
            XDATA   167BH     0003H     UNIT         ?XD?UART1_GETRXAVAILABLE?C8051_UART1
            XDATA   167EH     0003H     UNIT         ?XD?_UART1_ADVANCE?C8051_UART1
            XDATA   1681H     0003H     UNIT         ?XD?_MCCIF_GETFRAMELENGTH?MCCIF_SPY
            XDATA   1684H     0003H     UNIT         ?XD?CQT_PROCESSFRAME?OBDH_CQT
            XDATA   1687H     0003H     UNIT         ?XD?SCHEDULE_BUBBLESORT?OBDH_SCHEDULE
            XDATA   168AH     0003H     UNIT         ?XD?_RTC_SETRAWTIME?RTC_GENERIC
            XDATA   168DH     0003H     UNIT         ?XD?_PRIVATE_DOWNLINKBLOB?STATE_DOWNLINK
            XDATA   1690H     0003H     UNIT         ?XD?_STATEUPLINK_PREPAREACK?STATE_RADIOUP
            XDATA   1693H     0003H     UNIT         ?XD?_CALENDAR_INITTOTAI0?VELOX_CALENDAR
            XDATA   1696H     0003H     UNIT         ?XD?_CALENDAR_DAYSOFMONTH?VELOX_CALENDAR
            XDATA   1699H     0003H     UNIT         ?XD?_CALENDAR_INCREMENTDAY?VELOX_CALENDAR
            XDATA   169CH     0003H     UNIT         ?XD?_CHECKSUM_ROTATE?VELOX_CHECKSUM
            XDATA   169FH     0003H     UNIT         ?XD?VELOX_CLOCK
            XDATA   16A2H     0003H     UNIT         ?XD?_RUNTIME_FROMNOW?VELOX_RUNTIME
            XDATA   16A5H     0003H     UNIT         ?XD?_RUNTIME_HASEXPIRED?VELOX_RUNTIME
            XDATA   16A8H     0003H     UNIT         ?XD?_SLOWTASK_SETDISABLED?VELOX_SLOWTASK
            XDATA   16ABH     0003H     UNIT         ?XD?_SLOWTASK_FROMNOW?VELOX_SLOWTASK
            XDATA   16AEH     0003H     UNIT         ?XD?_STATE_RELEASE?VELOX_STATE
            XDATA   16B1H     0003H     UNIT         ?XD?_TIMERTASK_SETDISABLED?VELOX_TIMERTASK
            XDATA   16B4H     0003H     UNIT         ?XD?_TIMERTASK_FROMNOW?VELOX_TIMERTASK
            XDATA   16B7H     0003H     UNIT         ?XD?_UART_ADVANCE?VELOX_UART
            XDATA   16BAH     0003H     UNIT         ?XD?_WATCHDOG_ADVANCEDINIT?VELOX_WATCHDOG
            XDATA   16BDH     0002H     UNIT         ?XD?_SMBUS_SETGENERALRECEIVER?C8051_SMBUSSPY
            XDATA   16BFH     0002H     UNIT         ?XD?C8051_SMBUSTIMER3
            XDATA   16C1H     0002H     UNIT         ?XD?UART0_GETRXAVAILABLE?C8051_UART0
            XDATA   16C3H     0002H     UNIT         ?XD?_UART0_ADVANCE?C8051_UART0
            XDATA   16C5H     0002H     UNIT         ?XD?_COMM_SENDCHARS?COMM_GENERIC
            XDATA   16C7H     0002H     UNIT         ?XD?_COMM_GETCHARS?COMM_GENERIC
            XDATA   16C9H     0002H     UNIT         ?XD?COMM_RXUPTIMEGET?COMM_IMC
            XDATA   16CBH     0002H     UNIT         ?XD?_COMM_SETTXCWCHARRATE?COMM_ITC
            XDATA   16CDH     0002H     UNIT         ?XD?COMM_TXUPTIMEGET?COMM_ITC
            XDATA   16CFH     0002H     UNIT         ?XD?COMM_TXSTATUSGET?COMM_ITC
            XDATA   16D1H     0002H     UNIT         ?XD?_MCCIF_APPENDCHAR?MCCIF_BUFFER
            XDATA   16D3H     0002H     UNIT         ?XD?_MCCIF_LOCALINIT?MCCIF_LOCAL
            XDATA   16D5H     0002H     UNIT         ?XD?MCCIF_LOCAL
            XDATA   16D7H     0002H     UNIT         ?XD?CQT_CLEARRXBUFFER?OBDH_CQT
            XDATA   16D9H     0002H     UNIT         ?XD?_MCCIF_SETCOMPLETED_OVERRIDE?OBDH_EVENTS
            XDATA   16DBH     0002H     UNIT         ?XD?OBDH_GRACE
            XDATA   16DDH     0002H     UNIT         ?XD?RECON_CHANNELSTATUSUPDATED_EVENT?OBDH_RECON
            XDATA   16DFH     0002H     UNIT         ?XD?SCHEDULE_HANDLEADD?OBDH_SCHEDULE
            XDATA   16E1H     0002H     UNIT         ?XD?PRIVATE_DOWNLINKNEXTGETFRAME?STATE_DOWNLINK
BL51 BANKED LINKER/LOCATER V6.22                                                      05/20/2014  11:03:55  PAGE 9


            XDATA   16E3H     0002H     UNIT         ?XD?PRIVATE_DOWNLINKNEXTPINFRAME?STATE_DOWNLINK
            XDATA   16E5H     0002H     UNIT         ?XD?_CALENDAR_ISYEARWITH365DAYS?VELOX_CALENDAR
            XDATA   16E7H     0002H     UNIT         ?XD?_CHECKSUM_PUBLISH?VELOX_CHECKSUM
            XDATA   16E9H     0002H     UNIT         ?XD?TIMERTASK_GETCLOCK_OVERRIDE?VELOX_CLOCK
            XDATA   16EBH     0002H     UNIT         ?XD?SCREEN_CAPTURE?VELOX_SCREEN
            XDATA   16EDH     0002H     UNIT         ?XD?WATCHDOG_GETMAXCOUNT?VELOX_WATCHDOG
            XDATA   16EFH     0001H     UNIT         ?XD?SMBUS_ISR?C8051_SMBUS
            XDATA   16F0H     0001H     UNIT         ?XD?SMBUSTIMER3_ISR?C8051_SMBUSTIMER3
            XDATA   16F1H     0001H     UNIT         ?XD?UART0_CLOSE?C8051_UART0
            XDATA   16F2H     0001H     UNIT         ?XD?UART1_CLOSE?C8051_UART1
            XDATA   16F3H     0001H     UNIT         ?XD?_COMM_SETTXIDLESTATE?COMM_ITC
            XDATA   16F4H     0001H     UNIT         ?XD?_COMM_SETTXOUTPUTMODE?COMM_ITC
            XDATA   16F5H     0001H     UNIT         ?XD?_COMM_SETTXBITRATE?COMM_ITC
            XDATA   16F6H     0001H     UNIT         ?XD?HASH_MANIFEST
            XDATA   16F7H     0001H     UNIT         ?XD?CONSTANT_INIT?OBDH_CONSTANT
            XDATA   16F8H     0001H     UNIT         ?XD?_CQT_SENDCOMMAND?OBDH_CQT
            XDATA   16F9H     0001H     UNIT         ?XD?DEBUG_LOOPDOWNLINK?OBDH_DEBUG
            XDATA   16FAH     0001H     UNIT         ?XD?MAIN?OBDH_MAIN
            XDATA   16FBH     0001H     UNIT         ?XD?_SUBSYSTEM_ISAVAILABLE?OBDH_RECON
            XDATA   16FCH     0001H     UNIT         ?XD?SCHEDULE_SIZE?OBDH_SCHEDULE
            XDATA   16FDH     0001H     UNIT         ?XD?_SYSTEM_GETT1PRESCALER?OBDH_SYSTEMCONFIG
            XDATA   16FEH     0001H     UNIT         ?XD?_SYSTEM_GETCKCON?OBDH_SYSTEMCONFIG
            XDATA   16FFH     0001H     UNIT         ?XD?_PUTCHAR?OBDH_SYSTEMCONFIG
            XDATA   1700H     0001H     UNIT         ?XD?_SYSTEMINIT_CHIP?OBDH_SYSTEMINIT
            XDATA   1701H     0001H     UNIT         ?XD?TRXUV_GETTXRATEFACTOR?OBDH_TRXUV
            XDATA   1702H     0001H     UNIT         ?XD?_SD_SPIWRITEBYTE?SDCARD_GENERIC
            XDATA   1703H     0001H     UNIT         ?XD?SD_SPIREADBYTE?SDCARD_GENERIC
            XDATA   1704H     0001H     UNIT         ?XD?_SD_CRC7PUBLISH?SDCARD_GENERIC
            XDATA   1705H     0001H     UNIT         ?XD?SDCARD_GENERIC
            XDATA   1706H     0001H     UNIT         ?XD?STATE_DOWNLINK
            XDATA   1707H     0001H     UNIT         ?XD?STATE_TRXUVHK
            XDATA   1708H     0001H     UNIT         ?XD?STATE_XDATSEGGET
            XDATA   1709H     0001H     UNIT         ?XD?_BEACON_IDENTITY?VELOX_BEACON
            XDATA   170AH     0001H     UNIT         ?XD?CLOCK_HASADVANCED?VELOX_CLOCK
            XDATA   170BH     0001H     UNIT         ?XD?SECONDS_HAVEADVANCED?VELOX_SECONDS
            XDATA   170CH     0001H     UNIT         ?XD?_SFR_PUSHPAGE?VELOX_SFRSTACK

            * * * * * * *   C O D E   M E M O R Y   * * * * * * *
            CODE    0000H     0003H     ABSOLUTE     
            CODE    0003H     0020H     UNIT         ?PR?STATEUPLINK_RELEASEACK?STATE_RADIOUP
            CODE    0023H     0003H     ABSOLUTE     
            CODE    0026H     0004H     UNIT         ?PR?WATCHDOG_RESETTIMER?C8051_WATCHDOG
                    002AH     0001H                  *** GAP ***
            CODE    002BH     0003H     ABSOLUTE     
            CODE    002EH     0004H     UNIT         ?PR?WATCHDOG_LOCKOUT?C8051_WATCHDOG
                    0032H     0001H                  *** GAP ***
            CODE    0033H     0003H     ABSOLUTE     
            CODE    0036H     0004H     UNIT         ?CO?MCCIF_XDATA
                    003AH     0001H                  *** GAP ***
            CODE    003BH     0003H     ABSOLUTE     
            CODE    003EH     0035H     UNIT         ?PR?SCHEDULE_HASNEXT?OBDH_SCHEDULE
            CODE    0073H     0003H     ABSOLUTE     
            CODE    0076H     002CH     UNIT         ?PR?TIMERTASK_GETCLOCK_OVERRIDE?VELOX_CLOCK
                    00A2H     0001H                  *** GAP ***
            CODE    00A3H     0003H     ABSOLUTE     
            CODE    00A6H     0F2FH     UNIT         ?C?LIB_CODE
            CODE    0FD5H     0C58H     UNIT         ?PR?CONSTANT_INIT?OBDH_CONSTANT
BL51 BANKED LINKER/LOCATER V6.22                                                      05/20/2014  11:03:55  PAGE 10


            CODE    1C2DH     0685H     UNIT         ?PR?MAIN?OBDH_MAIN
            CODE    22B2H     04EBH     UNIT         ?PR?HASH_READMANIFEST?HASH_MANIFEST
            CODE    279DH     0483H     UNIT         ?PR?PRINTF?PRINTF
            CODE    2C20H     0457H     UNIT         ?PR?HASH_WRITEMANIFEST?HASH_MANIFEST
            CODE    3077H     03F7H     UNIT         ?PR?_STATE_DOWNLINK?STATE_DOWNLINK
            CODE    346EH     038CH     UNIT         ?PR?SMBUS_ISR?C8051_SMBUS
            CODE    37FAH     0336H     UNIT         ?PR?_OSCILLATOR_PRELIMPLLSETTING?C8051_OSCILLATOR
            CODE    3B30H     02DAH     UNIT         ?PR?GRACE_EACHSECOND?OBDH_GRACE
            CODE    3E0AH     02CFH     UNIT         ?PR?_STATE_XDATSEGGET?STATE_XDATSEGGET
            CODE    40D9H     02C2H     UNIT         ?PR?_STATE_PWRSHK?STATE_PWRSHK
            CODE    439BH     02A1H     UNIT         ?PR?_RTC_ISCONSISTENT?RTC_GENERIC
            CODE    463CH     02A1H     UNIT         ?PR?_STATE_ADCSHK?STATE_ADCSHK
            CODE    48DDH     0258H     UNIT         ?PR?_CALENDAR_TOTAI?VELOX_CALENDAR
            CODE    4B35H     0242H     UNIT         ?PR?_RTC_TOCALENDAR?VELOX_RTC_SUPPORT
            CODE    4D77H     0228H     UNIT         ?PR?_RTC_FROMCALENDAR?VELOX_RTC_SUPPORT
            CODE    4F9FH     0204H     UNIT         ?PR?_SDRED_WRITE?SDCARD_REDUNDANT
            CODE    51A3H     01F3H     UNIT         ?PR?_STATE_RADIOUP?STATE_RADIOUP
            CODE    5396H     01DCH     UNIT         ?PR?_HASH_ADDRESSBLOB?HASH_BLOB
            CODE    5572H     01D4H     UNIT         ?PR?_MCCIF_LOCALSET?MCCIF_XDATA
            CODE    5746H     01C0H     UNIT         ?PR?_CALENDAR_INCREMENTSECONDS?VELOX_CALENDAR
            CODE    5906H     01BBH     UNIT         ?PR?_SDRED_READ?SDCARD_REDUNDANT
            CODE    5AC1H     01B1H     UNIT         ?PR?_STATE_RTCSYNC?STATE_RTCSYNC
            CODE    5C72H     01A7H     UNIT         ?PR?_MCCIF_FORMATCONTENT?MCCIF_XDATA
            CODE    5E19H     019CH     UNIT         ?PR?CQT_HANDLER?OBDH_CQT
            CODE    5FB5H     0192H     UNIT         ?PR?MCCIF_LOCALPOLL?MCCIF_LOCAL
            CODE    6147H     018BH     UNIT         ?PR?_OSCILLATOR_SETXFCN?C8051_OSCILLATOR
            CODE    62D2H     0189H     UNIT         ?PR?_MCCIF_FORMATSET?MCCIF_ACTIVE
            CODE    645BH     0184H     UNIT         ?PR?_STATE_FERRYGPS?STATE_FERRYGPS
            CODE    65DFH     0182H     UNIT         ?PR?_MCCIF_FORMATREQUEST?MCCIF_ACTIVE
            CODE    6761H     017CH     UNIT         ?PR?_STATE_FERRYCCT?STATE_FERRYCCT
            CODE    68DDH     0176H     UNIT         ?PR?_STATE_FERRYXBEE?STATE_FERRYXBEE
            CODE    6A53H     016DH     UNIT         ?PR?_STATE_CMDHANDLER?STATE_CMDHANDLER
            CODE    6BC0H     0166H     UNIT         ?PR?_MCCIF_DOWNLINKSTREAM?MCCIF_STREAM
            CODE    6D26H     0151H     UNIT         ?PR?_CHECKSUM_INIT?VELOX_CHECKSUM
            CODE    6E77H     0149H     UNIT         ?PR?_BEACON_LINEAR?VELOX_BEACON
            CODE    6FC0H     0145H     UNIT         ?PR?_STATE_SCHEDULER?STATE_SCHEDULER
            CODE    7105H     0142H     UNIT         ?PR?_PRIVATE_XDATSEGSDSTORAGE?STATE_XDATSEGGET
            CODE    7247H     0141H     UNIT         ?PR?AUTH_LOCALNOTIFY_OVERRIDE?OBDH_AUTH
            CODE    7388H     013AH     UNIT         ?PR?_TIMERTASK_ISREADY?VELOX_TIMERTASK
            CODE    74C2H     012FH     UNIT         ?PR?_CALENDAR_SETFROMDAYS?VELOX_CALENDAR
            CODE    75F1H     012FH     UNIT         ?PR?_STATE_ISREADY?VELOX_STATE
            CODE    7720H     012EH     UNIT         ?PR?_OSCILLATOR_SETSYSCLKFROMPLL?C8051_OSCILLATOR
            CODE    784EH     012BH     UNIT         ?PR?_CALENDAR_FROMTAI?VELOX_CALENDAR
            CODE    7979H     012AH     UNIT         ?PR?COMM_ALLTELEMETRYGET?COMM_IMC
            CODE    7AA3H     0128H     UNIT         ?PR?_SYSTEMINIT_CHIP?OBDH_SYSTEMINIT
            CODE    7BCBH     0122H     UNIT         ?PR?_MCCIF_ISVALIDCONTENT?MCCIF_SPY
            CODE    7CEDH     011DH     UNIT         ?PR?_OSCILLATOR_ATTEMPTEXTINIT?C8051_OSCILLATOR
            CODE    7E0AH     011DH     UNIT         ?PR?_SLOWTASK_ISREADY?VELOX_SLOWTASK
            CODE    7F27H     011CH     UNIT         ?PR?UART0_ISR?C8051_UART0
            CODE    8043H     011BH     UNIT         ?PR?_AUTH_ISPERMITTED_OVERRIDE?OBDH_AUTH
            CODE    815EH     011AH     UNIT         ?PR?_STATEUTIL_PEEK?STATE_UTIL
            CODE    8278H     0116H     UNIT         ?PR?_UART1_PUTCHAR?C8051_UART1
            CODE    838EH     0115H     UNIT         ?PR?_SCHEDULE_REMOVE?OBDH_SCHEDULE
            CODE    84A3H     010BH     UNIT         ?PR?_UART0_PUTCHAR?C8051_UART0
            CODE    85AEH     0109H     UNIT         ?PR?_MCCIF_LOCALHANDLE_OVERRIDE?STATE_RADIOUP
            CODE    86B7H     0107H     UNIT         ?PR?_STATE_POWERCQT?STATE_POWERCQT
            CODE    87BEH     0105H     UNIT         ?PR?_CALENDAR_DAYSSINCETAIUNTIL?VELOX_CALENDAR
BL51 BANKED LINKER/LOCATER V6.22                                                      05/20/2014  11:03:55  PAGE 11


            CODE    88C3H     00FBH     UNIT         ?PR?UART1_ISR?C8051_UART1
            CODE    89BEH     00EFH     UNIT         ?PR?_OSCILLATOR_INIT?C8051_OSCILLATOR
            CODE    8AADH     00EFH     UNIT         ?PR?_CEIL?CEIL
            CODE    8B9CH     00EBH     UNIT         ?PR?_STATE_TRXUVHK?STATE_TRXUVHK
            CODE    8C87H     00EAH     UNIT         ?PR?DEBUG_LOOPDOWNLINK?OBDH_DEBUG
            CODE    8D71H     00E2H     UNIT         ?PR?_OSCILLATOR_SETPLLDAM?C8051_OSCILLATOR
            CODE    8E53H     00DCH     UNIT         ?PR?_SPI0INT_PROCESS?C8051_SPI0_INT
            CODE    8F2FH     00DBH     UNIT         ?PR?_ADC0_INIT?C8051_ADC
            CODE    900AH     00DAH     UNIT         ?PR?_SD_WRITESINGLEBLOCK?SDCARD_GENERIC
            CODE    90E4H     00D6H     UNIT         ?PR?_HASH_PUTBLOB?HASH_BLOB
            CODE    91BAH     00D4H     UNIT         ?PR?_CALENDAR_INCREMENTDAY?VELOX_CALENDAR
            CODE    928EH     00CFH     UNIT         ?C_INITSEG
            CODE    935DH     00CEH     UNIT         ?PR?_UART0_POLLCHARS?C8051_UART0
            CODE    942BH     00CEH     UNIT         ?PR?_UART1_POLLCHARS?C8051_UART1
            CODE    94F9H     00CDH     UNIT         ?PR?_HASH_GETADDRESS?HASH_FRAME
            CODE    95C6H     00CCH     UNIT         ?PR?_COMM_RXFRAMEGET?COMM_IMC
            CODE    9692H     00CCH     UNIT         ?PR?_PRIVATE_XDATSEGPROPAGATE?STATE_XDATSEGGET
            CODE    975EH     00C8H     UNIT         ?PR?PRIVATE_DOWNLINKNEXTPINFRAME?STATE_DOWNLINK
            CODE    9826H     00C8H     UNIT         ?PR?_STATE_WIREUP?STATE_WIREUP
            CODE    98EEH     00C3H     UNIT         ?PR?UPTIME_HANDLER?VELOX_UPTIME
            CODE    99B1H     00C2H     UNIT         ?PR?_SCHEDULE_SWAP?OBDH_SCHEDULE
            CODE    9A73H     00C2H     UNIT         ?PR?_STATEUTIL_POKEREQUESTXDATA?STATE_UTIL
            CODE    9B35H     00C1H     UNIT         ?PR?SPI0_ISR?C8051_SPI0_INT
            CODE    9BF6H     00C0H     UNIT         ?PR?_ADC0_GETAVERAGE_MV?C8051_ADC
            CODE    9CB6H     00C0H     UNIT         ?PR?_SMBUSTIMER3_INIT?C8051_SMBUSTIMER3
            CODE    9D76H     00BFH     UNIT         ?PR?_STATEUTIL_POKESETXDATA?STATE_UTIL
            CODE    9E35H     00BDH     UNIT         ?PR?_TIMER0_INIT?OBDH_TIMER
            CODE    9EF2H     00BCH     UNIT         ?PR?SCHEDULE_HANDLEADD?OBDH_SCHEDULE
            CODE    9FAEH     00B8H     UNIT         ?PR?SD_INIT?SDCARD_GENERIC
            CODE    A066H     00B7H     UNIT         ?PR?_SMBUS_INIT?C8051_SMBUS
            CODE    A11DH     00B4H     UNIT         ?PR?_SPI0_GETPUT?C8051_SPI0
            CODE    A1D1H     00B3H     UNIT         ?PR?_HASH_GETBLOB?HASH_BLOB
            CODE    A284H     00B2H     UNIT         ?PR?_DELAY_US?C8051_DELAY
            CODE    A336H     00ADH     UNIT         ?PR?CQT_PROCESSFRAME?OBDH_CQT
            CODE    A3E3H     00ACH     UNIT         ?PR?_UART1TIMER1_INIT?C8051_UART1TIMER1
            CODE    A48FH     00ABH     UNIT         ?PR?_RTC_OBTAINSTAMPGET?RTC_GENERIC
            CODE    A53AH     00A8H     UNIT         ?PR?RECON_CHANNELSTATUSUPDATED_EVENT?OBDH_RECON
            CODE    A5E2H     00A8H     UNIT         ?PR?_SD_SENDCOMMAND?SDCARD_GENERIC
            CODE    A68AH     00A5H     UNIT         ?PR?PRIVATE_DOWNLINKNEXTGETFRAME?STATE_DOWNLINK
            CODE    A72FH     009DH     UNIT         ?PR?_SD_GETUNTILNOT?SDCARD_GENERIC
            CODE    A7CCH     009DH     UNIT         ?PR?_SD_READSINGLEBLOCK?SDCARD_GENERIC
            CODE    A869H     009DH     UNIT         ?PR?_CHECKSUM_UPDATE?VELOX_CHECKSUM
            CODE    A906H     009BH     UNIT         ?PR?_UART0TIMER4_INIT?C8051_UART0TIMER4
            CODE    A9A1H     0099H     UNIT         ?PR?SCHEDULE_BUBBLESORT?OBDH_SCHEDULE
            CODE    AA3AH     0098H     UNIT         ?PR?_SPI0_PUTCHARS?C8051_SPI0
            CODE    AAD2H     0091H     UNIT         ?PR?_STATE_STARTER?VELOX_STATE
            CODE    AB63H     0091H     UNIT         ?PR?_STATE_RELEASE?VELOX_STATE
            CODE    ABF4H     008EH     UNIT         ?PR?_SD_CRC7UPDATE?SDCARD_GENERIC
            CODE    AC82H     008CH     UNIT         ?C_C51STARTUP
            CODE    AD0EH     008BH     UNIT         ?PR?_SPI0_PUTGETCHARS?C8051_SPI0
            CODE    AD99H     008BH     UNIT         ?PR?_MCCIF_APPENDCHAR?MCCIF_BUFFER
            CODE    AE24H     008AH     UNIT         ?PR?_SD_COMMANDUNTIL?SDCARD_GENERIC
            CODE    AEAEH     0088H     UNIT         ?PR?_SD_READBLOCKDATA?SDCARD_GENERIC
            CODE    AF36H     0086H     UNIT         ?PR?_UART0_OPEN?C8051_UART0
            CODE    AFBCH     0086H     UNIT         ?PR?PRIVATE_ADVANCEGETFRAMEINDEX?STATE_DOWNLINK
            CODE    B042H     0085H     UNIT         ?PR?_INT_OSCILLATOR_INIT?C8051_OSCILLATOR
            CODE    B0C7H     0083H     UNIT         ?PR?_SD_CRC7ROTATE?SDCARD_GENERIC
BL51 BANKED LINKER/LOCATER V6.22                                                      05/20/2014  11:03:55  PAGE 12


            CODE    B14AH     0081H     UNIT         ?PR?_SFR_PUSHPAGE?VELOX_SFRSTACK
            CODE    B1CBH     0081H     UNIT         ?PR?_STATE_TURING?VELOX_STATE
            CODE    B24CH     0080H     UNIT         ?PR?SCREEN_CAPTURE?VELOX_SCREEN
            CODE    B2CCH     007FH     UNIT         ?PR?_MCCIF_APPENDCHARS?MCCIF_BUFFER
            CODE    B34BH     007EH     UNIT         ?PR?_STATE_ISACTIVE?VELOX_STATE
            CODE    B3C9H     007DH     UNIT         ?PR?_UART0_PUTCHARS?C8051_UART0
            CODE    B446H     007DH     UNIT         ?PR?_UART1_OPEN?C8051_UART1
            CODE    B4C3H     007DH     UNIT         ?PR?_UART1_PUTCHARS?C8051_UART1
            CODE    B540H     007CH     UNIT         ?PR?PRIVATE_DOWNLINKBEACON?STATE_DOWNLINK
            CODE    B5BCH     007AH     UNIT         ?PR?META_HANDLER?VELOX_META
            CODE    B636H     0078H     UNIT         ?PR?_SD_WRITEBLOCKDATA?SDCARD_GENERIC
            CODE    B6AEH     0077H     UNIT         ?PR?_RTC_SETRAWTIME?RTC_GENERIC
            CODE    B725H     0072H     UNIT         ?PR?_PRIVATE_DOWNLINK?STATE_DOWNLINK
            CODE    B797H     006FH     UNIT         ?PR?_COMM_TXAX25PUT?COMM_ITC
            CODE    B806H     006FH     UNIT         ?PR?_COMM_TXCWPUT?COMM_ITC_CW
            CODE    B875H     006EH     UNIT         ?PR?MCCIF_FLUSH?MCCIF_BUFFER
            CODE    B8E3H     006DH     UNIT         ?PR?_COMM_RXQUEUESIZEGET?COMM_IMC
            CODE    B950H     006CH     UNIT         ?PR?_UART1_ADVANCE?C8051_UART1
            CODE    B9BCH     006AH     UNIT         ?PR?_HASH_GETFRAME?HASH_FRAME
            CODE    BA26H     0069H     UNIT         ?PR?_SPI0_INIT?C8051_SPI0_SHARED
            CODE    BA8FH     0069H     UNIT         ?PR?_COMM_TXAX25ANDCWGET?COMM_ITC
            CODE    BAF8H     0066H     UNIT         ?PR?_SMBUS_START?C8051_SMBUS
            CODE    BB5EH     0065H     UNIT         ?PR?COMM_TXSTATUSGET?COMM_ITC
            CODE    BBC3H     0065H     UNIT         ?PR?_MCCIF_LOCALSEND?MCCIF_LOCAL
            CODE    BC28H     0064H     UNIT         ?PR?CQT_CLEARRXBUFFER?OBDH_CQT
            CODE    BC8CH     0063H     UNIT         ?PR?TRXUV_ISAVAILABLE?OBDH_TRXUV
            CODE    BCEFH     0062H     UNIT         ?PR?_MCCIF_SETBUFFER?MCCIF_BUFFER
            CODE    BD51H     0061H     UNIT         ?PR?_UART0_ADVANCE?C8051_UART0
            CODE    BDB2H     0060H     UNIT         ?PR?_COMM_SETTXCWCHARRATE?COMM_ITC
            CODE    BE12H     005FH     UNIT         ?PR?COMM_RXUPTIMEGET?COMM_IMC
            CODE    BE71H     005FH     UNIT         ?PR?COMM_TXUPTIMEGET?COMM_ITC
            CODE    BED0H     005FH     UNIT         ?PR?_SUBSYSTEM_ISAVAILABLE?OBDH_RECON
            CODE    BF2FH     005FH     UNIT         ?PR?_STATEUPLINK_PREPAREACK?STATE_RADIOUP
            CODE    BF8EH     005EH     UNIT         ?PR?_SLOWTASK_SETEXECUTEONCE?VELOX_SLOWTASK
            CODE    BFECH     005EH     UNIT         ?PR?_SLOWTASK_SETPERIODIC?VELOX_SLOWTASK
            CODE    C04AH     005EH     UNIT         ?PR?_SLOWTASK_SETREPEATED?VELOX_SLOWTASK
            CODE    C0A8H     005EH     UNIT         ?PR?_UPTIME_INIT?VELOX_UPTIME
            CODE    C106H     005DH     UNIT         ?PR?_TIMERTASK_SETEXECUTEONCE?VELOX_TIMERTASK
            CODE    C163H     005DH     UNIT         ?PR?_TIMERTASK_SETPERIODIC?VELOX_TIMERTASK
            CODE    C1C0H     005DH     UNIT         ?PR?_TIMERTASK_SETREPEATED?VELOX_TIMERTASK
            CODE    C21DH     005CH     UNIT         ?PR?_COMM_SETTXIDLESTATE?COMM_ITC
            CODE    C279H     005BH     UNIT         ?PR?_PRIVATE_DOWNLINKBLOB?STATE_DOWNLINK
            CODE    C2D4H     005AH     UNIT         ?PR?_RUNTIME_HASEXPIRED?VELOX_RUNTIME
            CODE    C32EH     0059H     UNIT         ?PR?TRXUV_INIT?OBDH_TRXUV
            CODE    C387H     0059H     UNIT         ?PR?_CALENDAR_DAYSOFMONTH?VELOX_CALENDAR
            CODE    C3E0H     0056H     UNIT         ?PR?_SD_GETUNTIL?SDCARD_GENERIC
            CODE    C436H     0056H     UNIT         ?PR?_BEACON_IDENTITY?VELOX_BEACON
            CODE    C48CH     0054H     UNIT         ?PR?_RTC_FROMTAI?VELOX_RTC_SUPPORT
            CODE    C4E0H     0054H     UNIT         ?PR?_UART_POLLCHARS?VELOX_UART
            CODE    C534H     0052H     UNIT         ?PR?_HASH_PUTFRAME?HASH_FRAME
            CODE    C586H     0052H     UNIT         ?PR?_TIMER2_INIT?OBDH_TIMER
            CODE    C5D8H     0051H     UNIT         ?PR?SCHEDULE_SIZE?OBDH_SCHEDULE
            CODE    C629H     0051H     UNIT         ?PR?_CHECKSUM_ROTATE?VELOX_CHECKSUM
            CODE    C67AH     0051H     UNIT         ?PR?_UART_PUTCHARS?VELOX_UART
            CODE    C6CBH     004FH     UNIT         ?PR?_SMBUS_SETRXBUFFER?C8051_SMBUS
            CODE    C71AH     004FH     UNIT         ?PR?_SMBUS_SETTXBUFFER?C8051_SMBUS
            CODE    C769H     004BH     UNIT         ?PR?_SMBUS_GETSTATUSCOUNT?C8051_SMBUS
BL51 BANKED LINKER/LOCATER V6.22                                                      05/20/2014  11:03:55  PAGE 13


            CODE    C7B4H     0049H     UNIT         ?PR?WATCHDOG_CONFIRMALIVE?VELOX_WATCHDOG
            CODE    C7FDH     0048H     UNIT         ?PR?_STATEUTIL_INIT?STATE_UTIL
            CODE    C845H     0047H     UNIT         ?PR?_CALENDAR_ISYEARWITH365DAYS?VELOX_CALENDAR
            CODE    C88CH     0044H     UNIT         ?C?LDIV
            CODE    C8D0H     0043H     UNIT         ?PR?_COMM_SETTXBITRATE?COMM_ITC
            CODE    C913H     0042H     UNIT         ?PR?_ADC0_READSHORT?C8051_ADC
            CODE    C955H     0041H     UNIT         ?PR?_SMBUS_ISRXCOMPLETE?C8051_SMBUS
            CODE    C996H     0041H     UNIT         ?PR?META_INIT?VELOX_META
            CODE    C9D7H     0040H     UNIT         ?PR?_RTC_TOTAI?VELOX_RTC_SUPPORT
            CODE    CA17H     003FH     UNIT         ?PR?_CHECKSUM_ISVALID?VELOX_CHECKSUM
            CODE    CA56H     003FH     UNIT         ?PR?_STATE_INITSTATETASK?VELOX_STATE
            CODE    CA95H     003EH     UNIT         ?PR?SMBUSTIMER3_ISR?C8051_SMBUSTIMER3
            CODE    CAD3H     003EH     UNIT         ?PR?SFR_POPPAGE?VELOX_SFRSTACK
            CODE    CB11H     003DH     UNIT         ?PR?TIMER2_ISR?OBDH_TIMER
            CODE    CB4EH     003CH     UNIT         ?PR?OSCILLATOR_RESETCAUSECHECK?C8051_OSCILLATOR
            CODE    CB8AH     003CH     UNIT         ?PR?_RECON_DEBUGPRINT?OBDH_RECON
            CODE    CBC6H     003BH     UNIT         ?PR?_CHECKSUM_PUBLISH?VELOX_CHECKSUM
            CODE    CC01H     003AH     UNIT         ?PR?CQT_INIT?OBDH_CQT
            CODE    CC3BH     0039H     UNIT         ?PR?_MCCIF_GETARGLENGTH?MCCIF_SPY
            CODE    CC74H     0039H     UNIT         ?PR?_MCCIF_GETBLOBINDEX?MCCIF_SPY
            CODE    CCADH     0039H     UNIT         ?PR?_MCCIF_GETBLOBCOUNT?MCCIF_SPY
            CODE    CCE6H     0039H     UNIT         ?PR?PORT_INIT?OBDH_PORT
            CODE    CD1FH     0038H     UNIT         ?PR?_COMM_INIT?COMM_GENERIC
            CODE    CD57H     0038H     UNIT         ?PR?_RTC_INIT?RTC_GENERIC
            CODE    CD8FH     0038H     UNIT         ?PR?_SDRED_INIT?SDCARD_REDUNDANT
            CODE    CDC7H     0038H     UNIT         ?PR?_DELAY_BLOCKMS?VELOX_DELAY
            CODE    CDFFH     0038H     UNIT         ?PR?_UART_ADVANCE?VELOX_UART
            CODE    CE37H     0037H     UNIT         ?PR?_COMM_SETTXOUTPUTMODE?COMM_ITC
            CODE    CE6EH     0037H     UNIT         ?PR?_MCCIF_GETBLOBTYPE?MCCIF_SPY
            CODE    CEA5H     0037H     UNIT         ?PR?_SLOWTASK_SINCELAST?VELOX_SLOWTASK
            CODE    CEDCH     0037H     UNIT         ?PR?_SFR_INIT?VELOX_SFRSTACK
            CODE    CF13H     0036H     UNIT         ?PR?_CALENDAR_INITTOTAI0?VELOX_CALENDAR
            CODE    CF49H     0033H     UNIT         ?PR?_COMM_SENDCHARS?COMM_GENERIC
            CODE    CF7CH     0033H     UNIT         ?PR?_COMM_GETCHARS?COMM_GENERIC
            CODE    CFAFH     0032H     UNIT         ?PR?MCUTEMP_INCELSIUS?C8051_MCUTEMP
            CODE    CFE1H     0032H     UNIT         ?PR?CQT_STARTUP?OBDH_CQT
            CODE    D013H     002FH     UNIT         ?PR?WATCHDOG_INTERRUPTCALLBACK?VELOX_WATCHDOG
            CODE    D042H     002EH     UNIT         ?PR?SMBUSTIMER3_GETTIMEOUTCOUNT?C8051_SMBUSTIMER3
            CODE    D070H     002EH     UNIT         ?PR?SPI0_GETFAILURECOUNT?C8051_SPI0_SHARED
            CODE    D09EH     002EH     UNIT         ?PR?UART1_GETRXAVAILABLE?C8051_UART1
            CODE    D0CCH     002EH     UNIT         ?PR?_CQT_SENDCOMMAND?OBDH_CQT
            CODE    D0FAH     002EH     UNIT         ?PR?SD_INITCONFIG?SDCARD_GENERIC
            CODE    D128H     002EH     UNIT         ?PR?_WATCHDOG_ADVANCEDINIT?VELOX_WATCHDOG
            CODE    D156H     002CH     UNIT         ?PR?WATCHDOG_GETMAXCOUNT?VELOX_WATCHDOG
            CODE    D182H     002BH     UNIT         ?PR?_STATE_TIMEOUT_OVERRIDE?OBDH_EVENTS
            CODE    D1ADH     002BH     UNIT         ?PR?_BEACON_SETUNASSIGNED?VELOX_BEACON
            CODE    D1D8H     0029H     UNIT         ?PR?_SLOWTASK_FROMNOW?VELOX_SLOWTASK
            CODE    D201H     0028H     UNIT         ?PR?UART1_CLOSE?C8051_UART1
            CODE    D229H     0028H     UNIT         ?PR?DEBUG_INIT?OBDH_DEBUG
            CODE    D251H     0028H     UNIT         ?PR?_SD_CRC7PUBLISH?SDCARD_GENERIC
            CODE    D279H     0028H     UNIT         ?PR?_RUNTIME_FROMNOW?VELOX_RUNTIME
            CODE    D2A1H     0027H     UNIT         ?PR?UART0_CLOSE?C8051_UART0
            CODE    D2C8H     0027H     UNIT         ?PR?TRXUV_GETTXRATEFACTOR?OBDH_TRXUV
            CODE    D2EFH     0026H     UNIT         ?PR?_SMBUS_SETGENERALRECEIVER?C8051_SMBUSSPY
            CODE    D315H     0023H     UNIT         ?PR?UART0_RESETRX?C8051_UART0
            CODE    D338H     0023H     UNIT         ?PR?UART0_GETRXAVAILABLE?C8051_UART0
            CODE    D35BH     0023H     UNIT         ?PR?SCHEDULE_HOLDSENTRY?OBDH_SCHEDULE
BL51 BANKED LINKER/LOCATER V6.22                                                      05/20/2014  11:03:55  PAGE 14


            CODE    D37EH     0023H     UNIT         ?PR?UPTIME_ISTAITIMEVALID?VELOX_UPTIME
            CODE    D3A1H     0022H     UNIT         ?PR?_MCCIF_GETFRAMELENGTH?MCCIF_SPY
            CODE    D3C3H     0021H     UNIT         ?PR?SCREEN_SUMMARY?VELOX_SCREEN
            CODE    D3E4H     0021H     UNIT         ?PR?_SLOWTASK_SETDISABLED?VELOX_SLOWTASK
            CODE    D405H     0021H     UNIT         ?PR?_TIMERTASK_SETDISABLED?VELOX_TIMERTASK
            CODE    D426H     0020H     UNIT         ?PR?CLOCK_HASADVANCED?VELOX_CLOCK
            CODE    D446H     0020H     UNIT         ?PR?_TIMERTASK_FROMNOW?VELOX_TIMERTASK
            CODE    D466H     001FH     UNIT         ?PR?_MCCIF_LOCALINIT?MCCIF_LOCAL
            CODE    D485H     001FH     UNIT         ?PR?SCHEDULE_INIT?OBDH_SCHEDULE
            CODE    D4A4H     001DH     UNIT         ?CO?OBDH_EVENTS
            CODE    D4C1H     001DH     UNIT         ?CO?STATE_DOWNLINK
            CODE    D4DEH     001CH     UNIT         ?PR?SECONDS_HAVEADVANCED?VELOX_SECONDS
            CODE    D4FAH     001AH     UNIT         ?PR?RTC_OBTAINSTAMPPUT?RTC_GENERIC
            CODE    D514H     0019H     UNIT         ?PR?SD_SPIREADBYTE?SDCARD_GENERIC
            CODE    D52DH     0018H     UNIT         ?PR?COMM_RXRESET?COMM_IMC
            CODE    D545H     0018H     UNIT         ?PR?COMM_RXQUEUESIZEPUT?COMM_IMC
            CODE    D55DH     0018H     UNIT         ?PR?COMM_RXFRAMEPUT?COMM_IMC
            CODE    D575H     0018H     UNIT         ?PR?COMM_RXFRAMEDROP?COMM_IMC
            CODE    D58DH     0018H     UNIT         ?PR?COMM_ALLTELEMETRYPUT?COMM_IMC
            CODE    D5A5H     0018H     UNIT         ?PR?COMM_RXUPTIMEPUT?COMM_IMC
            CODE    D5BDH     0018H     UNIT         ?PR?COMM_TXRESET?COMM_ITC
            CODE    D5D5H     0018H     UNIT         ?PR?COMM_TXUPTIMEPUT?COMM_ITC
            CODE    D5EDH     0018H     UNIT         ?PR?COMM_TXSTATUSPUT?COMM_ITC
            CODE    D605H     0018H     UNIT         ?PR?_SD_SPIWRITEBYTE?SDCARD_GENERIC
            CODE    D61DH     0018H     UNIT         ?PR?CLOCK_INTERRUPTCALLBACK?VELOX_CLOCK
            CODE    D635H     0017H     UNIT         ?PR?_SYSTEM_GETT1PRESCALER?OBDH_SYSTEMCONFIG
            CODE    D64CH     0017H     UNIT         ?PR?_SYSTEM_GETCKCON?OBDH_SYSTEMCONFIG
            CODE    D663H     0017H     UNIT         ?CO?STATE_FERRYXBEE
            CODE    D67AH     0016H     UNIT         ?PR?TIMEKEEPER_INIT?OBDH_TIMEKEEPER
            CODE    D690H     0015H     UNIT         ?PR?_PUTCHAR?OBDH_SYSTEMCONFIG
            CODE    D6A5H     0014H     UNIT         ?CO?C8051_OSCILLATOR
            CODE    D6B9H     0014H     UNIT         ?CO?STATE_SCHEDULER
            CODE    D6CDH     0013H     UNIT         ?PR?WATCHDOG_DISABLE?C8051_WATCHDOG
            CODE    D6E0H     0012H     UNIT         ?CO?HASH_BLOB
            CODE    D6F2H     0011H     UNIT         ?CO?VELOX_BEACON
            CODE    D703H     0010H     UNIT         ?PR?_ADC0_SETDELAYUS?C8051_ADC
            CODE    D713H     0010H     UNIT         ?PR?AUTH_INIT?OBDH_AUTH
            CODE    D723H     000FH     UNIT         ?PR?OSCILLATOR_GETSYSTEMCLOCK?C8051_OSCILLATOR
            CODE    D732H     000EH     UNIT         ?CO?VELOX_CALENDAR
            CODE    D740H     000DH     UNIT         ?PR?UPTIME_STOREVITALS_OVERRIDE?OBDH_EVENTS
            CODE    D74DH     000CH     UNIT         ?PR?_MCCIF_SETCOMPLETED_OVERRIDE?OBDH_EVENTS
            CODE    D759H     000AH     UNIT         ?PR?WATCHDOG_INIT?C8051_WATCHDOG
            CODE    D763H     000AH     UNIT         ?PR?TRXUV_ISIDLEACTIVE?OBDH_TRXUV
            CODE    D76DH     0008H     UNIT         ?PR?TIMEKEEPER_HANDLER?OBDH_TIMEKEEPER
            CODE    D775H     0006H     UNIT         ?PR?OSCILLATOR_GETTYPE?C8051_OSCILLATOR
            CODE    D77BH     0006H     UNIT         ?PR?UART0_GETRXERRORCOUNT?C8051_UART0
            CODE    D781H     0006H     UNIT         ?PR?UART0_GETTXERRORCOUNT?C8051_UART0
            CODE    D787H     0006H     UNIT         ?PR?UART1_GETTXERRORCOUNT?C8051_UART1
            CODE    D78DH     0006H     UNIT         ?PR?SDCARD_ISAVAILABLE?OBDH_RECON
            CODE    D793H     0006H     UNIT         ?PR?RECON_ISDEBUGPRINTENABLED?OBDH_RECON
            CODE    D799H     0006H     UNIT         ?PR?SFR_GETMAXDEPTH?VELOX_SFRSTACK



OVERLAY MAP OF MODULE:   obdh (C8051_ADC)


BL51 BANKED LINKER/LOCATER V6.22                                                      05/20/2014  11:03:55  PAGE 15


SEGMENT                                             BIT_GROUP          DATA_GROUP          XDATA_GROUP
  +--> CALLED SEGMENT                            START    LENGTH     START    LENGTH     START    LENGTH
--------------------------------------------------------------------------------------------------------
?PR?TIMER2_ISR?OBDH_TIMER                        -----    -----      -----    -----      -----    -----
  +--> ?PR?CLOCK_INTERRUPTCALLBACK?VELOX_CLOCK

?PR?CLOCK_INTERRUPTCALLBACK?VELOX_CLOCK          -----    -----      -----    -----      -----    -----
  +--> ?PR?WATCHDOG_INTERRUPTCALLBACK?VELOX_...

?PR?WATCHDOG_INTERRUPTCALLBACK?VELOX_...         -----    -----      -----    -----      -----    -----
  +--> ?PR?WATCHDOG_RESETTIMER?C8051_WATCHDOG

*** NEW ROOT ***************************************************

?C_C51STARTUP                                    -----    -----      -----    -----      -----    -----
  +--> ?PR?MAIN?OBDH_MAIN
  +--> ?C_INITSEG

?PR?MAIN?OBDH_MAIN                               -----    -----      -----    -----      -----    -----
  +--> ?PR?WATCHDOG_DISABLE?C8051_WATCHDOG
  +--> ?PR?_OSCILLATOR_INIT?C8051_OSCILLATOR
  +--> ?PR?_SFR_INIT?VELOX_SFRSTACK
  +--> ?PR?PORT_INIT?OBDH_PORT
  +--> ?PR?META_INIT?VELOX_META
  +--> ?PR?_SPI0_INIT?C8051_SPI0_SHARED
  +--> ?PR?_SYSTEM_GETCKCON?OBDH_SYSTEMCONFIG
  +--> ?PR?_TIMER0_INIT?OBDH_TIMER
  +--> ?PR?_SYSTEM_GETT1PRESCALER?OBDH_SYSTE...
  +--> ?PR?_UART1TIMER1_INIT?C8051_UART1TIMER1
  +--> ?PR?_TIMER2_INIT?OBDH_TIMER
  +--> ?PR?_UART0TIMER4_INIT?C8051_UART0TIMER4
  +--> ?PR?_UART0_OPEN?C8051_UART0
  +--> ?PR?_UART1_OPEN?C8051_UART1
  +--> ?PR?_ADC0_INIT?C8051_ADC
  +--> ?PR?_SMBUS_SETRXBUFFER?C8051_SMBUS
  +--> ?PR?_SMBUS_INIT?C8051_SMBUS
  +--> ?PR?_SMBUSTIMER3_INIT?C8051_SMBUSTIMER3
  +--> ?PR?_CHECKSUM_INIT?VELOX_CHECKSUM
  +--> ?PR?_WATCHDOG_ADVANCEDINIT?VELOX_WATC...
  +--> ?PR?AUTH_INIT?OBDH_AUTH
  +--> ?PR?DEBUG_INIT?OBDH_DEBUG
  +--> ?PR?TIMEKEEPER_INIT?OBDH_TIMEKEEPER
  +--> ?PR?_COMM_INIT?COMM_GENERIC
  +--> ?PR?_RTC_INIT?RTC_GENERIC
  +--> ?PR?_UPTIME_INIT?VELOX_UPTIME
  +--> ?PR?SCHEDULE_INIT?OBDH_SCHEDULE
  +--> ?PR?CQT_INIT?OBDH_CQT
  +--> ?PR?_STATEUTIL_INIT?STATE_UTIL
  +--> ?PR?_STATE_INITSTATETASK?VELOX_STATE
  +--> ?PR?CONSTANT_INIT?OBDH_CONSTANT
  +--> ?PR?TRXUV_INIT?OBDH_TRXUV
  +--> ?PR?SD_INITCONFIG?SDCARD_GENERIC
  +--> ?PR?_MCCIF_ISVALIDCONTENT?MCCIF_SPY
  +--> ?PR?_SDRED_INIT?SDCARD_REDUNDANT
  +--> ?PR?_STATE_STARTER?VELOX_STATE
  +--> ?PR?WATCHDOG_LOCKOUT?C8051_WATCHDOG
  +--> ?PR?CLOCK_HASADVANCED?VELOX_CLOCK
BL51 BANKED LINKER/LOCATER V6.22                                                      05/20/2014  11:03:55  PAGE 16


  +--> ?PR?SECONDS_HAVEADVANCED?VELOX_SECONDS
  +--> ?PR?GRACE_EACHSECOND?OBDH_GRACE
  +--> ?PR?TIMEKEEPER_HANDLER?OBDH_TIMEKEEPER
  +--> ?PR?META_HANDLER?VELOX_META
  +--> ?PR?_STATE_PWRSHK?STATE_PWRSHK
  +--> ?PR?_STATE_TURING?VELOX_STATE
  +--> ?PR?_STATE_ADCSHK?STATE_ADCSHK
  +--> ?PR?_STATE_TRXUVHK?STATE_TRXUVHK
  +--> ?PR?_STATE_XDATSEGGET?STATE_XDATSEGGET
  +--> ?PR?_STATE_WIREUP?STATE_WIREUP
  +--> ?PR?_STATE_RADIOUP?STATE_RADIOUP
  +--> ?PR?_STATE_CMDHANDLER?STATE_CMDHANDLER
  +--> ?PR?_STATE_SCHEDULER?STATE_SCHEDULER
  +--> ?PR?_STATE_DOWNLINK?STATE_DOWNLINK
  +--> ?PR?_STATE_FERRYCCT?STATE_FERRYCCT
  +--> ?PR?_STATE_FERRYXBEE?STATE_FERRYXBEE
  +--> ?PR?_STATE_FERRYGPS?STATE_FERRYGPS
  +--> ?PR?_STATE_RTCSYNC?STATE_RTCSYNC
  +--> ?PR?_STATE_POWERCQT?STATE_POWERCQT
  +--> ?PR?DEBUG_LOOPDOWNLINK?OBDH_DEBUG
  +--> ?PR?CQT_HANDLER?OBDH_CQT

?PR?_OSCILLATOR_INIT?C8051_OSCILLATOR            -----    -----      -----    -----      -----    -----
  +--> ?PR?OSCILLATOR_RESETCAUSECHECK?C8051_...
  +--> ?PR?_OSCILLATOR_ATTEMPTEXTINIT?C8051_...
  +--> ?PR?_INT_OSCILLATOR_INIT?C8051_OSCILL...

?PR?_OSCILLATOR_ATTEMPTEXTINIT?C8051_...         -----    -----      -----    -----      -----    -----
  +--> ?PR?_OSCILLATOR_SETXFCN?C8051_OSCILLATOR
  +--> ?PR?_OSCILLATOR_SETSYSCLKFROMPLL?C805...

?PR?_OSCILLATOR_SETSYSCLKFROMPLL?C805...         -----    -----      -----    -----      -----    -----
  +--> ?PR?_OSCILLATOR_PRELIMPLLSETTING?C805...

?PR?_OSCILLATOR_PRELIMPLLSETTING?C805...         -----    -----      -----    -----      -----    -----
  +--> ?PR?_OSCILLATOR_SETPLLDAM?C8051_OSCIL...

?PR?_OSCILLATOR_SETPLLDAM?C8051_OSCIL...         -----    -----      -----    -----      -----    -----
  +--> ?CO?C8051_OSCILLATOR

?PR?_INT_OSCILLATOR_INIT?C8051_OSCILL...         -----    -----      -----    -----      -----    -----
  +--> ?PR?_OSCILLATOR_SETSYSCLKFROMPLL?C805...

?PR?PORT_INIT?OBDH_PORT                          -----    -----      -----    -----      -----    -----
  +--> ?PR?_SFR_PUSHPAGE?VELOX_SFRSTACK
  +--> ?PR?SFR_POPPAGE?VELOX_SFRSTACK

?PR?META_INIT?VELOX_META                         -----    -----      -----    -----      -----    -----
  +--> ?PR?OSCILLATOR_GETTYPE?C8051_OSCILLATOR
  +--> ?PR?OSCILLATOR_GETSYSTEMCLOCK?C8051_O...
  +--> ?PR?_SFR_PUSHPAGE?VELOX_SFRSTACK
  +--> ?PR?SFR_POPPAGE?VELOX_SFRSTACK

?PR?_UART0_OPEN?C8051_UART0                      -----    -----      -----    -----      -----    -----
  +--> ?PR?UART0_CLOSE?C8051_UART0
  +--> ?PR?UART0_RESETRX?C8051_UART0

BL51 BANKED LINKER/LOCATER V6.22                                                      05/20/2014  11:03:55  PAGE 17


?PR?_UART1_OPEN?C8051_UART1                      -----    -----      -----    -----      -----    -----
  +--> ?PR?UART1_CLOSE?C8051_UART1

?PR?_ADC0_INIT?C8051_ADC                         -----    -----      -----    -----      -----    -----
  +--> ?PR?_ADC0_SETDELAYUS?C8051_ADC

?PR?_WATCHDOG_ADVANCEDINIT?VELOX_WATC...         -----    -----      -----    -----      -----    -----
  +--> ?PR?WATCHDOG_CONFIRMALIVE?VELOX_WATCHDOG
  +--> ?PR?WATCHDOG_INIT?C8051_WATCHDOG

?PR?DEBUG_INIT?OBDH_DEBUG                        -----    -----      -----    -----      -----    -----
  +--> ?PR?_MCCIF_LOCALINIT?MCCIF_LOCAL
  +--> ?PR?_MCCIF_SETBUFFER?MCCIF_BUFFER
  +--> ?PR?_TIMERTASK_SETREPEATED?VELOX_TIME...

?PR?_MCCIF_SETBUFFER?MCCIF_BUFFER                -----    -----      -----    -----      -----    -----
  +--> ?PR?_MCCIF_APPENDCHARS?MCCIF_BUFFER

?PR?_MCCIF_APPENDCHARS?MCCIF_BUFFER              -----    -----      -----    -----      -----    -----
  +--> ?PR?_MCCIF_APPENDCHAR?MCCIF_BUFFER

?PR?_MCCIF_APPENDCHAR?MCCIF_BUFFER               -----    -----      -----    -----      -----    -----
  +--> ?PR?MCCIF_FLUSH?MCCIF_BUFFER

?PR?MCCIF_FLUSH?MCCIF_BUFFER                     -----    -----      -----    -----      -----    -----
  +--> ?PR?_MCCIF_DOWNLINKSTREAM?MCCIF_STREAM

?PR?_MCCIF_DOWNLINKSTREAM?MCCIF_STREAM           -----    -----      -----    -----      -----    -----
  +--> ?PR?_CHECKSUM_UPDATE?VELOX_CHECKSUM
  +--> ?PR?_UART_PUTCHARS?VELOX_UART
  +--> ?PR?_CHECKSUM_PUBLISH?VELOX_CHECKSUM

?PR?_CHECKSUM_UPDATE?VELOX_CHECKSUM              -----    -----      -----    -----      -----    -----
  +--> ?PR?_CHECKSUM_ROTATE?VELOX_CHECKSUM

?PR?_UART_PUTCHARS?VELOX_UART                    -----    -----      -----    -----      -----    -----
  +--> ?PR?_UART0_PUTCHARS?C8051_UART0
  +--> ?PR?_UART1_PUTCHARS?C8051_UART1

?PR?_UART0_PUTCHARS?C8051_UART0                  -----    -----      -----    -----      -----    -----
  +--> ?PR?_UART0_PUTCHAR?C8051_UART0

?PR?_UART1_PUTCHARS?C8051_UART1                  -----    -----      -----    -----      -----    -----
  +--> ?PR?_UART1_PUTCHAR?C8051_UART1

?PR?_CHECKSUM_PUBLISH?VELOX_CHECKSUM             -----    -----      -----    -----      -----    -----
  +--> ?PR?_CHECKSUM_ROTATE?VELOX_CHECKSUM

?PR?_TIMERTASK_SETREPEATED?VELOX_TIME...         -----    -----      -----    -----      -----    -----
  +--> ?PR?TIMERTASK_GETCLOCK_OVERRIDE?VELOX...

?PR?_UPTIME_INIT?VELOX_UPTIME                    -----    -----      -----    -----      -----    -----
  +--> ?PR?_TIMERTASK_SETPERIODIC?VELOX_TIME...

?PR?_TIMERTASK_SETPERIODIC?VELOX_TIME...         -----    -----      -----    -----      -----    -----
  +--> ?PR?TIMERTASK_GETCLOCK_OVERRIDE?VELOX...

BL51 BANKED LINKER/LOCATER V6.22                                                      05/20/2014  11:03:55  PAGE 18


?PR?_STATE_INITSTATETASK?VELOX_STATE             -----    -----      -----    -----      -----    -----
  +--> ?PR?_TIMERTASK_SETREPEATED?VELOX_TIME...

?PR?CONSTANT_INIT?OBDH_CONSTANT                  -----    -----      -----    -----      -----    -----
  +--> ?PR?_SLOWTASK_SETPERIODIC?VELOX_SLOWTASK
  +--> ?PR?_SLOWTASK_SETREPEATED?VELOX_SLOWTASK
  +--> ?PR?_SLOWTASK_SETDISABLED?VELOX_SLOWTASK
  +--> ?PR?_BEACON_SETUNASSIGNED?VELOX_BEACON

?PR?TRXUV_INIT?OBDH_TRXUV                        -----    -----      -----    -----      -----    -----
  +--> ?PR?_RUNTIME_FROMNOW?VELOX_RUNTIME

?PR?_MCCIF_ISVALIDCONTENT?MCCIF_SPY              -----    -----      -----    -----      -----    -----
  +--> ?CO?MCCIF_XDATA
  +--> ?PR?_CHECKSUM_ISVALID?VELOX_CHECKSUM

?PR?_CHECKSUM_ISVALID?VELOX_CHECKSUM             -----    -----      -----    -----      -----    -----
  +--> ?PR?_CHECKSUM_UPDATE?VELOX_CHECKSUM
  +--> ?PR?_CHECKSUM_PUBLISH?VELOX_CHECKSUM

?PR?_STATE_STARTER?VELOX_STATE                   -----    -----      -----    -----      -----    -----
  +--> ?PR?TIMERTASK_GETCLOCK_OVERRIDE?VELOX...

?PR?CLOCK_HASADVANCED?VELOX_CLOCK                -----    -----      -----    -----      -----    -----
  +--> ?PR?WATCHDOG_CONFIRMALIVE?VELOX_WATCHDOG

?PR?SECONDS_HAVEADVANCED?VELOX_SECONDS           -----    -----      -----    -----      -----    -----
  +--> ?PR?SCREEN_CAPTURE?VELOX_SCREEN
  +--> ?PR?UPTIME_HANDLER?VELOX_UPTIME
  +--> ?PR?SCREEN_SUMMARY?VELOX_SCREEN

?PR?SCREEN_CAPTURE?VELOX_SCREEN                  -----    -----      -----    -----      -----    -----
  +--> ?PR?TIMERTASK_GETCLOCK_OVERRIDE?VELOX...

?PR?UPTIME_HANDLER?VELOX_UPTIME                  -----    -----      -----    -----      -----    -----
  +--> ?PR?_TIMERTASK_ISREADY?VELOX_TIMERTASK
  +--> ?PR?UPTIME_ISTAITIMEVALID?VELOX_UPTIME
  +--> ?PR?UPTIME_STOREVITALS_OVERRIDE?OBDH_...

?PR?_TIMERTASK_ISREADY?VELOX_TIMERTASK           -----    -----      -----    -----      -----    -----
  +--> ?PR?TIMERTASK_GETCLOCK_OVERRIDE?VELOX...

?PR?UPTIME_STOREVITALS_OVERRIDE?OBDH_...         -----    -----      -----    -----      -----    -----
  +--> ?PR?HASH_WRITEMANIFEST?HASH_MANIFEST
  +--> ?CO?OBDH_EVENTS
  +--> ?PR?PRINTF?PRINTF

?PR?HASH_WRITEMANIFEST?HASH_MANIFEST             -----    -----      -----    -----      -----    -----
  +--> ?PR?_MCCIF_FORMATCONTENT?MCCIF_XDATA
  +--> ?PR?_SDRED_WRITE?SDCARD_REDUNDANT

?PR?_MCCIF_FORMATCONTENT?MCCIF_XDATA             -----    -----      -----    -----      -----    -----
  +--> ?CO?MCCIF_XDATA
  +--> ?PR?_CHECKSUM_UPDATE?VELOX_CHECKSUM
  +--> ?PR?_CHECKSUM_PUBLISH?VELOX_CHECKSUM

?PR?_SDRED_WRITE?SDCARD_REDUNDANT                -----    -----      -----    -----      -----    -----
BL51 BANKED LINKER/LOCATER V6.22                                                      05/20/2014  11:03:55  PAGE 19


  +--> ?PR?_SD_WRITESINGLEBLOCK?SDCARD_GENERIC
  +--> ?PR?_SDRED_READ?SDCARD_REDUNDANT

?PR?_SD_WRITESINGLEBLOCK?SDCARD_GENERIC          -----    -----      -----    -----      -----    -----
  +--> ?PR?SD_INIT?SDCARD_GENERIC
  +--> ?PR?_SD_COMMANDUNTIL?SDCARD_GENERIC
  +--> ?PR?_SD_WRITEBLOCKDATA?SDCARD_GENERIC
  +--> ?PR?_SD_GETUNTIL?SDCARD_GENERIC
  +--> ?PR?_SD_GETUNTILNOT?SDCARD_GENERIC
  +--> ?PR?_SD_SPIWRITEBYTE?SDCARD_GENERIC

?PR?SD_INIT?SDCARD_GENERIC                       -----    -----      -----    -----      -----    -----
  +--> ?PR?_SD_SENDCOMMAND?SDCARD_GENERIC
  +--> ?PR?_SPI0_PUTCHARS?C8051_SPI0
  +--> ?PR?_SD_COMMANDUNTIL?SDCARD_GENERIC

?PR?_SD_SENDCOMMAND?SDCARD_GENERIC               -----    -----      -----    -----      -----    -----
  +--> ?PR?_SD_CRC7UPDATE?SDCARD_GENERIC
  +--> ?PR?_SD_CRC7PUBLISH?SDCARD_GENERIC
  +--> ?PR?_SPI0_PUTCHARS?C8051_SPI0
  +--> ?PR?_SD_GETUNTILNOT?SDCARD_GENERIC
  +--> ?PR?SD_SPIREADBYTE?SDCARD_GENERIC

?PR?_SD_CRC7UPDATE?SDCARD_GENERIC                -----    -----      -----    -----      -----    -----
  +--> ?PR?_SD_CRC7ROTATE?SDCARD_GENERIC

?PR?_SD_CRC7PUBLISH?SDCARD_GENERIC               -----    -----      -----    -----      -----    -----
  +--> ?PR?_SD_CRC7ROTATE?SDCARD_GENERIC

?PR?_SPI0_PUTCHARS?C8051_SPI0                    -----    -----      -----    -----      -----    -----
  +--> ?PR?_SPI0_GETPUT?C8051_SPI0

?PR?_SD_GETUNTILNOT?SDCARD_GENERIC               -----    -----      -----    -----      -----    -----
  +--> ?PR?SD_SPIREADBYTE?SDCARD_GENERIC
  +--> ?PR?_DELAY_US?C8051_DELAY

?PR?SD_SPIREADBYTE?SDCARD_GENERIC                -----    -----      -----    -----      -----    -----
  +--> ?PR?_SPI0_PUTGETCHARS?C8051_SPI0

?PR?_SPI0_PUTGETCHARS?C8051_SPI0                 -----    -----      -----    -----      -----    -----
  +--> ?PR?_SPI0_GETPUT?C8051_SPI0

?PR?_DELAY_US?C8051_DELAY                        -----    -----      -----    -----      -----    -----
  +--> ?PR?OSCILLATOR_GETSYSTEMCLOCK?C8051_O...

?PR?_SD_COMMANDUNTIL?SDCARD_GENERIC              -----    -----      -----    -----      -----    -----
  +--> ?PR?_SD_SENDCOMMAND?SDCARD_GENERIC
  +--> ?PR?_DELAY_US?C8051_DELAY

?PR?_SD_WRITEBLOCKDATA?SDCARD_GENERIC            -----    -----      -----    -----      -----    -----
  +--> ?PR?_SD_SPIWRITEBYTE?SDCARD_GENERIC
  +--> ?PR?_SPI0INT_PROCESS?C8051_SPI0_INT

?PR?_SD_SPIWRITEBYTE?SDCARD_GENERIC              -----    -----      -----    -----      -----    -----
  +--> ?PR?_SPI0_PUTGETCHARS?C8051_SPI0

?PR?_SPI0INT_PROCESS?C8051_SPI0_INT              -----    -----      -----    -----      -----    -----
BL51 BANKED LINKER/LOCATER V6.22                                                      05/20/2014  11:03:55  PAGE 20


  +--> ?PR?_DELAY_US?C8051_DELAY

?PR?_SD_GETUNTIL?SDCARD_GENERIC                  -----    -----      -----    -----      -----    -----
  +--> ?PR?SD_SPIREADBYTE?SDCARD_GENERIC
  +--> ?PR?_DELAY_US?C8051_DELAY

?PR?_SDRED_READ?SDCARD_REDUNDANT                 -----    -----      -----    -----      -----    -----
  +--> ?PR?_SD_READSINGLEBLOCK?SDCARD_GENERIC

?PR?_SD_READSINGLEBLOCK?SDCARD_GENERIC           -----    -----      -----    -----      -----    -----
  +--> ?PR?SD_INIT?SDCARD_GENERIC
  +--> ?PR?_SD_COMMANDUNTIL?SDCARD_GENERIC
  +--> ?PR?_SD_GETUNTIL?SDCARD_GENERIC
  +--> ?PR?_SD_READBLOCKDATA?SDCARD_GENERIC

?PR?_SD_READBLOCKDATA?SDCARD_GENERIC             -----    -----      -----    -----      -----    -----
  +--> ?PR?_SPI0INT_PROCESS?C8051_SPI0_INT
  +--> ?PR?SD_SPIREADBYTE?SDCARD_GENERIC

?PR?PRINTF?PRINTF                                0020H.0  0001H.1    0008H    0005H      1158H    0030H
  +--> ?PR?_PUTCHAR?OBDH_SYSTEMCONFIG

?PR?_PUTCHAR?OBDH_SYSTEMCONFIG                   -----    -----      -----    -----      -----    -----
  +--> ?PR?_MCCIF_APPENDCHAR?MCCIF_BUFFER

?PR?GRACE_EACHSECOND?OBDH_GRACE                  -----    -----      -----    -----      -----    -----
  +--> ?PR?SD_INIT?SDCARD_GENERIC
  +--> ?PR?HASH_READMANIFEST?HASH_MANIFEST
  +--> ?PR?_SLOWTASK_SETPERIODIC?VELOX_SLOWTASK
  +--> ?PR?_BEACON_LINEAR?VELOX_BEACON
  +--> ?PR?_SLOWTASK_ISREADY?VELOX_SLOWTASK
  +--> ?PR?_RUNTIME_FROMNOW?VELOX_RUNTIME
  +--> ?PR?_SLOWTASK_SETDISABLED?VELOX_SLOWTASK
  +--> ?PR?_SLOWTASK_FROMNOW?VELOX_SLOWTASK
  +--> ?PR?MCCIF_FLUSH?MCCIF_BUFFER

?PR?HASH_READMANIFEST?HASH_MANIFEST              -----    -----      -----    -----      -----    -----
  +--> ?PR?_SDRED_READ?SDCARD_REDUNDANT

?PR?_BEACON_LINEAR?VELOX_BEACON                  -----    -----      -----    -----      -----    -----
  +--> ?CO?VELOX_BEACON
  +--> ?PR?_CEIL?CEIL

?PR?_CEIL?CEIL                                   -----    -----      -----    -----      1158H    0008H

?PR?META_HANDLER?VELOX_META                      -----    -----      -----    -----      -----    -----
  +--> ?PR?SPI0_GETFAILURECOUNT?C8051_SPI0_S...
  +--> ?PR?MCUTEMP_INCELSIUS?C8051_MCUTEMP
  +--> ?PR?_SMBUS_GETSTATUSCOUNT?C8051_SMBUS
  +--> ?PR?SMBUSTIMER3_GETTIMEOUTCOUNT?C8051...
  +--> ?PR?UART0_GETTXERRORCOUNT?C8051_UART0
  +--> ?PR?UART0_GETRXERRORCOUNT?C8051_UART0
  +--> ?PR?UART1_GETTXERRORCOUNT?C8051_UART1
  +--> ?PR?WATCHDOG_GETMAXCOUNT?VELOX_WATCHDOG
  +--> ?PR?SFR_GETMAXDEPTH?VELOX_SFRSTACK

?PR?MCUTEMP_INCELSIUS?C8051_MCUTEMP              -----    -----      -----    -----      -----    -----
BL51 BANKED LINKER/LOCATER V6.22                                                      05/20/2014  11:03:55  PAGE 21


  +--> ?PR?_ADC0_GETAVERAGE_MV?C8051_ADC

?PR?_ADC0_GETAVERAGE_MV?C8051_ADC                -----    -----      -----    -----      -----    -----
  +--> ?PR?_ADC0_READSHORT?C8051_ADC

?PR?_ADC0_READSHORT?C8051_ADC                    -----    -----      -----    -----      -----    -----
  +--> ?PR?_DELAY_US?C8051_DELAY

?PR?_STATE_PWRSHK?STATE_PWRSHK                   -----    -----      -----    -----      -----    -----
  +--> ?PR?_BEACON_SETUNASSIGNED?VELOX_BEACON
  +--> ?PR?_SUBSYSTEM_ISAVAILABLE?OBDH_RECON
  +--> ?PR?_STATEUTIL_POKEREQUESTXDATA?STATE...
  +--> ?PR?_STATEUTIL_PEEK?STATE_UTIL
  +--> ?PR?RECON_CHANNELSTATUSUPDATED_EVENT?...
  +--> ?PR?UPTIME_ISTAITIMEVALID?VELOX_UPTIME
  +--> ?PR?_RUNTIME_HASEXPIRED?VELOX_RUNTIME
  +--> ?PR?_STATEUTIL_POKESETXDATA?STATE_UTIL
  +--> ?PR?_RUNTIME_FROMNOW?VELOX_RUNTIME

?PR?_STATEUTIL_POKEREQUESTXDATA?STATE...         -----    -----      -----    -----      -----    -----
  +--> ?PR?_MCCIF_FORMATREQUEST?MCCIF_ACTIVE
  +--> ?PR?_SMBUS_SETTXBUFFER?C8051_SMBUS
  +--> ?PR?_SMBUS_SETRXBUFFER?C8051_SMBUS
  +--> ?PR?_SMBUS_START?C8051_SMBUS
  +--> ?PR?_TIMERTASK_SETEXECUTEONCE?VELOX_T...

?PR?_MCCIF_FORMATREQUEST?MCCIF_ACTIVE            -----    -----      -----    -----      -----    -----
  +--> ?CO?MCCIF_XDATA
  +--> ?PR?_CHECKSUM_UPDATE?VELOX_CHECKSUM
  +--> ?PR?_CHECKSUM_PUBLISH?VELOX_CHECKSUM

?PR?_TIMERTASK_SETEXECUTEONCE?VELOX_T...         -----    -----      -----    -----      -----    -----
  +--> ?PR?TIMERTASK_GETCLOCK_OVERRIDE?VELOX...

?PR?_STATEUTIL_PEEK?STATE_UTIL                   -----    -----      -----    -----      -----    -----
  +--> ?PR?_SMBUS_ISRXCOMPLETE?C8051_SMBUS
  +--> ?PR?_MCCIF_ISVALIDCONTENT?MCCIF_SPY
  +--> ?PR?_SMBUS_SETGENERALRECEIVER?C8051_S...
  +--> ?PR?_TIMERTASK_ISREADY?VELOX_TIMERTASK

?PR?RECON_CHANNELSTATUSUPDATED_EVENT?...         -----    -----      -----    -----      -----    -----
  +--> ?PR?_TIMERTASK_SETREPEATED?VELOX_TIME...
  +--> ?PR?_TIMERTASK_SETDISABLED?VELOX_TIME...

?PR?_STATEUTIL_POKESETXDATA?STATE_UTIL           -----    -----      -----    -----      -----    -----
  +--> ?PR?_MCCIF_FORMATSET?MCCIF_ACTIVE
  +--> ?PR?_SMBUS_SETTXBUFFER?C8051_SMBUS
  +--> ?PR?_SMBUS_SETGENERALRECEIVER?C8051_S...
  +--> ?PR?_SMBUS_START?C8051_SMBUS
  +--> ?PR?_TIMERTASK_SETEXECUTEONCE?VELOX_T...

?PR?_MCCIF_FORMATSET?MCCIF_ACTIVE                -----    -----      -----    -----      -----    -----
  +--> ?CO?MCCIF_XDATA
  +--> ?PR?_CHECKSUM_UPDATE?VELOX_CHECKSUM
  +--> ?PR?_CHECKSUM_PUBLISH?VELOX_CHECKSUM

?PR?_STATE_TURING?VELOX_STATE                    -----    -----      -----    -----      -----    -----
BL51 BANKED LINKER/LOCATER V6.22                                                      05/20/2014  11:03:55  PAGE 22


  +--> ?PR?_STATE_ISACTIVE?VELOX_STATE
  +--> ?PR?_STATE_RELEASE?VELOX_STATE

?PR?_STATE_ISACTIVE?VELOX_STATE                  -----    -----      -----    -----      -----    -----
  +--> ?PR?_TIMERTASK_ISREADY?VELOX_TIMERTASK
  +--> ?PR?_STATE_ISREADY?VELOX_STATE

?PR?_STATE_ISREADY?VELOX_STATE                   -----    -----      -----    -----      -----    -----
  +--> ?PR?TIMERTASK_GETCLOCK_OVERRIDE?VELOX...
  +--> ?PR?_STATE_TIMEOUT_OVERRIDE?OBDH_EVENTS
  +--> ?PR?_STATE_RELEASE?VELOX_STATE

?PR?_STATE_TIMEOUT_OVERRIDE?OBDH_EVENTS          -----    -----      -----    -----      -----    -----
[...]
  C:B356H         LINE#         51
  C:B367H         LINE#         52
  C:B37DH         LINE#         53
  C:B395H         LINE#         54
  C:B3C6H         LINE#         55
  C:B3C8H         LINE#         56
  -------         ENDPROC       _STATE_ISACTIVE
  -------         PROC          _STATE_TURING
  X:1450H         SYMBOL        state
  X:1453H         SYMBOL        statetask
  X:1456H         SYMBOL        state_func
  C:B1CBH         LINE#         58
  C:B1D6H         LINE#         59
  C:B209H         LINE#         60
  C:B23DH         LINE#         61
  C:B24BH         LINE#         62
  -------         ENDPROC       _STATE_TURING
  -------         ENDMOD        VELOX_STATE

  -------         MODULE        VELOX_TIMERTASK
  C:0000H         SYMBOL        _ICE_DUMMY_
  C:D405H         PUBLIC        _Timertask_setDisabled
  C:D446H         PUBLIC        _Timertask_fromNow
  C:C1C0H         PUBLIC        _Timertask_setRepeated
  C:C163H         PUBLIC        _Timertask_setPeriodic
  C:C106H         PUBLIC        _Timertask_setExecuteOnce
  C:7388H         PUBLIC        _Timertask_isReady
  -------         PROC          _TIMERTASK_SETDISABLED
BL51 BANKED LINKER/LOCATER V6.22                                                      05/20/2014  11:03:55  PAGE 125


  X:16B1H         SYMBOL        task
  C:D405H         LINE#         6
  C:D410H         LINE#         7
  C:D425H         LINE#         8
  -------         ENDPROC       _TIMERTASK_SETDISABLED
  -------         PROC          _TIMERTASK_SETEXECUTEONCE
  X:162DH         SYMBOL        task
  X:1630H         SYMBOL        delay
  C:C106H         LINE#         10
  C:C119H         LINE#         11
  C:C12DH         LINE#         12
  C:C14CH         LINE#         13
  C:C162H         LINE#         14
  -------         ENDPROC       _TIMERTASK_SETEXECUTEONCE
  -------         PROC          _TIMERTASK_SETPERIODIC
  X:1632H         SYMBOL        task
  X:1635H         SYMBOL        delay
  C:C163H         LINE#         16
  C:C176H         LINE#         17
  C:C18AH         LINE#         18
  C:C1A9H         LINE#         19
  C:C1BFH         LINE#         20
  -------         ENDPROC       _TIMERTASK_SETPERIODIC
  -------         PROC          _TIMERTASK_SETREPEATED
  X:1637H         SYMBOL        task
  X:163AH         SYMBOL        delay
  C:C1C0H         LINE#         22
  C:C1D3H         LINE#         23
  C:C1E7H         LINE#         24
  C:C206H         LINE#         25
  C:C21CH         LINE#         26
  -------         ENDPROC       _TIMERTASK_SETREPEATED
  -------         PROC          _TIMERTASK_FROMNOW
  X:16B4H         SYMBOL        task
  C:D446H         LINE#         31
  C:D451H         LINE#         32
  C:D465H         LINE#         33
  -------         ENDPROC       _TIMERTASK_FROMNOW
  -------         PROC          _TIMERTASK_ISREADY
  X:153DH         SYMBOL        task
  -------         DO            
  X:1540H         SYMBOL        delta
  X:1542H         SYMBOL        timertask_clock
  -------         ENDDO         
  C:7388H         LINE#         35
  C:7393H         LINE#         37
  C:739EH         LINE#         38
  C:73B6H         LINE#         39
  C:73CFH         LINE#         40
  C:73D2H         LINE#         41
  C:73FAH         LINE#         42
  C:7423H         LINE#         43
  C:7449H         LINE#         44
  C:7449H         LINE#         45
  C:7462H         LINE#         46
  C:7477H         LINE#         47
  C:7479H         LINE#         48
BL51 BANKED LINKER/LOCATER V6.22                                                      05/20/2014  11:03:55  PAGE 126


  C:7479H         LINE#         49
  C:74A1H         LINE#         50
  C:74A3H         LINE#         51
  C:74A3H         LINE#         52
  C:74BCH         LINE#         53
  C:74BCH         LINE#         54
  C:74BCH         LINE#         55
  C:74BFH         LINE#         56
  C:74BFH         LINE#         57
  C:74BFH         LINE#         58
  C:74C1H         LINE#         59
  -------         ENDPROC       _TIMERTASK_ISREADY
  -------         ENDMOD        VELOX_TIMERTASK

  -------         MODULE        VELOX_UART
  C:0000H         SYMBOL        _ICE_DUMMY_
  C:C4E0H         PUBLIC        _Uart_pollChars
  C:C67AH         PUBLIC        _Uart_putChars
  C:CDFFH         PUBLIC        _Uart_advance
  -------         PROC          _UART_POLLCHARS
  X:15B8H         SYMBOL        port
  X:15B9H         SYMBOL        buffer
  X:15BCH         SYMBOL        length
  C:C4E0H         LINE#         6
  C:C4F0H         LINE#         7
  C:C503H         LINE#         8
  C:C503H         LINE#         9
  C:C51AH         LINE#         10
  C:C51AH         LINE#         11
  C:C531H         LINE#         12
  C:C531H         LINE#         13
  C:C533H         LINE#         14
  -------         ENDPROC       _UART_POLLCHARS
  -------         PROC          _UART_ADVANCE
  X:16B7H         SYMBOL        port
  X:16B8H         SYMBOL        length
  C:CDFFH         LINE#         16
  C:CE0CH         LINE#         17
  C:CE1FH         LINE#         18
  C:CE1FH         LINE#         19
  C:CE2AH         LINE#         20
  C:CE2BH         LINE#         21
  C:CE2BH         LINE#         22
  C:CE36H         LINE#         23
  C:CE36H         LINE#         24
  C:CE36H         LINE#         25
  -------         ENDPROC       _UART_ADVANCE
  -------         PROC          _UART_PUTCHARS
  X:15BEH         SYMBOL        port
  X:15BFH         SYMBOL        buffer
  X:15C2H         SYMBOL        length
  C:C67AH         LINE#         27
  C:C68AH         LINE#         28
  C:C69DH         LINE#         29
  C:C69DH         LINE#         30
  C:C6B3H         LINE#         31
  C:C6B4H         LINE#         32
BL51 BANKED LINKER/LOCATER V6.22                                                      05/20/2014  11:03:55  PAGE 127


  C:C6B4H         LINE#         33
  C:C6CAH         LINE#         34
  C:C6CAH         LINE#         35
  C:C6CAH         LINE#         36
  -------         ENDPROC       _UART_PUTCHARS
  -------         ENDMOD        VELOX_UART

  -------         MODULE        VELOX_UPTIME
  C:0000H         SYMBOL        _ICE_DUMMY_
  C:C0A8H         PUBLIC        _Uptime_init
  X:1544H         PUBLIC        uptime_store_count
  C:98EEH         PUBLIC        Uptime_handler
  X:1546H         PUBLIC        uptime_timertask
  C:D37EH         PUBLIC        Uptime_isTaiTimeValid
  -------         PROC          _UPTIME_INIT
  X:1419H         SYMBOL        tai_time
  X:141DH         SYMBOL        uptime_total
  X:1421H         SYMBOL        period
  C:C0A8H         LINE#         15
  C:C0AEH         LINE#         16
  C:C0C2H         LINE#         17
  C:C0D6H         LINE#         18
  C:C0E6H         LINE#         19
  C:C0F0H         LINE#         20
  C:C0FDH         LINE#         21
  C:C105H         LINE#         22
  -------         ENDPROC       _UPTIME_INIT
  -------         PROC          UPTIME_ISTAITIMEVALID
  C:D37EH         LINE#         26
  C:D37EH         LINE#         27
  C:D3A0H         LINE#         28
  -------         ENDPROC       UPTIME_ISTAITIMEVALID
  -------         PROC          UPTIME_HANDLER
  C:98EEH         LINE#         31
  C:98EEH         LINE#         32
  C:98FDH         LINE#         33
  C:9903H         LINE#         34
  C:992BH         LINE#         35
  C:9953H         LINE#         36
  C:997BH         LINE#         37
  C:9989H         LINE#         38
  C:99A0H         LINE#         39
  C:99A8H         LINE#         40
  C:99ABH         LINE#         41
  C:99ABH         LINE#         42
  C:99AEH         LINE#         43
  C:99AEH         LINE#         44
  C:99B0H         LINE#         45
  -------         ENDPROC       UPTIME_HANDLER
  -------         ENDMOD        VELOX_UPTIME

  -------         MODULE        VELOX_WATCHDOG
  C:0000H         SYMBOL        _ICE_DUMMY_
  C:C7B4H         PUBLIC        Watchdog_confirmAlive
  X:154BH         PUBLIC        watchdog_max
  C:D156H         PUBLIC        Watchdog_getMaxCount
  D:00A8H         PUBLIC        IE
BL51 BANKED LINKER/LOCATER V6.22                                                      05/20/2014  11:03:55  PAGE 128


  C:D013H         PUBLIC        Watchdog_interruptCallback
  X:154DH         PUBLIC        watchdog_IE
  X:154EH         PUBLIC        watchdog_limit
  X:1550H         PUBLIC        watchdog_count
  C:D128H         PUBLIC        _Watchdog_advancedInit
  -------         PROC          WATCHDOG_CONFIRMALIVE
  C:C7B4H         LINE#         16
  C:C7B4H         LINE#         17
  C:C7BFH         LINE#         18
  C:C7DCH         LINE#         19
  C:C7ECH         LINE#         20
  C:C7F4H         LINE#         21
  C:C7FCH         LINE#         22
  -------         ENDPROC       WATCHDOG_CONFIRMALIVE
  -------         PROC          _WATCHDOG_ADVANCEDINIT
  X:16BAH         SYMBOL        mask
  X:16BBH         SYMBOL        limit
  C:D128H         LINE#         25
  C:D135H         LINE#         26
  C:D13FH         LINE#         27
  C:D14FH         LINE#         28
  C:D152H         LINE#         29
  C:D155H         LINE#         30
  -------         ENDPROC       _WATCHDOG_ADVANCEDINIT
  -------         PROC          WATCHDOG_INTERRUPTCALLBACK
  C:D013H         LINE#         33
  C:D013H         LINE#         34
  C:D030H         LINE#         35
  C:D033H         LINE#         36
  C:D041H         LINE#         37
  C:D041H         LINE#         38
  -------         ENDPROC       WATCHDOG_INTERRUPTCALLBACK
  -------         PROC          WATCHDOG_GETMAXCOUNT
  -------         DO            
  X:16EDH         SYMBOL        value
  -------         ENDDO         
  C:D156H         LINE#         40
  C:D156H         LINE#         42
  C:D161H         LINE#         43
  C:D171H         LINE#         44
  C:D179H         LINE#         45
  C:D181H         LINE#         46
  -------         ENDPROC       WATCHDOG_GETMAXCOUNT
  -------         ENDMOD        VELOX_WATCHDOG

  -------         MODULE        ?C?FPADD
  C:00ADH         PUBLIC        ?C?FPADD
  C:00A9H         PUBLIC        ?C?FPSUB
  -------         ENDMOD        ?C?FPADD

  -------         MODULE        ?C?FPMUL
  C:019EH         PUBLIC        ?C?FPMUL
  -------         ENDMOD        ?C?FPMUL

  -------         MODULE        ?C?FPDIV
  C:02A7H         PUBLIC        ?C?FPDIV
  -------         ENDMOD        ?C?FPDIV
BL51 BANKED LINKER/LOCATER V6.22                                                      05/20/2014  11:03:55  PAGE 129



  -------         MODULE        ?C?FPCMP
  C:0346H         PUBLIC        ?C?FPCMP
  C:0344H         PUBLIC        ?C?FPCMP3
  -------         ENDMOD        ?C?FPCMP

  -------         MODULE        ?C?FCAST
  C:03C7H         PUBLIC        ?C?FCASTC
  C:03C2H         PUBLIC        ?C?FCASTI
  C:03BDH         PUBLIC        ?C?FCASTL
  -------         ENDMOD        ?C?FCAST

  -------         MODULE        ?C?CASTF
  C:03FBH         PUBLIC        ?C?CASTF
  -------         ENDMOD        ?C?CASTF

  -------         MODULE        PRINTF
  X:1158H         PUBLIC        ?_PRINTF?BYTE
  X:1158H         PUBLIC        ?_SPRINTF?BYTE
  C:2808H         PUBLIC        _PRINTF
  C:2802H         PUBLIC        _SPRINTF
  -------         ENDMOD        PRINTF

  -------         MODULE        CEIL
  C:8AADH         PUBLIC        _ceil
  -------         ENDMOD        CEIL

  -------         MODULE        ?C?FPROUND
  C:047CH         PUBLIC        ?C?FPROUND
  -------         ENDMOD        ?C?FPROUND

  -------         MODULE        ?C?FPCONVERT
  C:04B9H         PUBLIC        ?C?FPCONVERT
  -------         ENDMOD        ?C?FPCONVERT

  -------         MODULE        ?C?FTNPWR
  C:05EEH         PUBLIC        ?C?FTNPWR
  -------         ENDMOD        ?C?FTNPWR

  -------         MODULE        ?C?COPY
  C:06FEH         PUBLIC        ?C?COPY
  -------         ENDMOD        ?C?COPY

  -------         MODULE        ?C?SCDIV
  C:0724H         PUBLIC        ?C?SCDIV
  -------         ENDMOD        ?C?SCDIV

  -------         MODULE        ?C?CLDPTR
  C:0746H         PUBLIC        ?C?CLDPTR
  -------         ENDMOD        ?C?CLDPTR

  -------         MODULE        ?C?CLDOPTR
  C:075FH         PUBLIC        ?C?CLDOPTR
  -------         ENDMOD        ?C?CLDOPTR

  -------         MODULE        ?C?CILDPTR
  C:078CH         PUBLIC        ?C?CILDPTR
BL51 BANKED LINKER/LOCATER V6.22                                                      05/20/2014  11:03:55  PAGE 130


  -------         ENDMOD        ?C?CILDPTR

  -------         MODULE        ?C?CILDOPTR
  C:07AEH         PUBLIC        ?C?CILDOPTR
  -------         ENDMOD        ?C?CILDOPTR

  -------         MODULE        ?C?CSTPTR
  C:07E1H         PUBLIC        ?C?CSTPTR
  -------         ENDMOD        ?C?CSTPTR

  -------         MODULE        ?C?CSTOPTR
  C:07F3H         PUBLIC        ?C?CSTOPTR
  -------         ENDMOD        ?C?CSTOPTR

  -------         MODULE        ?C?IMUL
  C:0815H         PUBLIC        ?C?IMUL
  -------         ENDMOD        ?C?IMUL

  -------         MODULE        ?C?UIDIV
  C:0827H         PUBLIC        ?C?UIDIV
  -------         ENDMOD        ?C?UIDIV

  -------         MODULE        ?C?SIDIV
  C:087CH         PUBLIC        ?C?SIDIV
  -------         ENDMOD        ?C?SIDIV

  -------         MODULE        ?C?IILDX
  C:08B2H         PUBLIC        ?C?IILDX
  -------         ENDMOD        ?C?IILDX

  -------         MODULE        ?C?ILDPTR
  C:08C8H         PUBLIC        ?C?ILDPTR
  -------         ENDMOD        ?C?ILDPTR

  -------         MODULE        ?C?ILDOPTR
  C:08F3H         PUBLIC        ?C?ILDOPTR
  -------         ENDMOD        ?C?ILDOPTR

  -------         MODULE        ?C?IILDPTR
  C:092BH         PUBLIC        ?C?IILDPTR
  -------         ENDMOD        ?C?IILDPTR

  -------         MODULE        ?C?ISTPTR
  C:0963H         PUBLIC        ?C?ISTPTR
  -------         ENDMOD        ?C?ISTPTR

  -------         MODULE        ?C?ISTOPTR
  C:0982H         PUBLIC        ?C?ISTOPTR
  -------         ENDMOD        ?C?ISTOPTR

  -------         MODULE        ?C?LMUL
  C:09AFH         PUBLIC        ?C?LMUL
  -------         ENDMOD        ?C?LMUL

  -------         MODULE        ?C?ULDIV
  C:0A3AH         PUBLIC        ?C?ULDIV
  -------         ENDMOD        ?C?ULDIV
BL51 BANKED LINKER/LOCATER V6.22                                                      05/20/2014  11:03:55  PAGE 131



  -------         MODULE        ?C?SLDIV
  C:C88CH         PUBLIC        ?C?SLDIV
  -------         ENDMOD        ?C?SLDIV

  -------         MODULE        ?C?LNEG
  C:0ACCH         PUBLIC        ?C?LNEG
  -------         ENDMOD        ?C?LNEG

  -------         MODULE        ?C?SLCMP
  C:0ADAH         PUBLIC        ?C?SLCMP
  -------         ENDMOD        ?C?SLCMP

  -------         MODULE        ?C?ULCMP
  C:0AF0H         PUBLIC        ?C?ULCMP
  -------         ENDMOD        ?C?ULCMP

  -------         MODULE        ?C?LSHL
  C:0B01H         PUBLIC        ?C?LSHL
  -------         ENDMOD        ?C?LSHL

  -------         MODULE        ?C?LLDPTR
  C:0B14H         PUBLIC        ?C?LLDPTR
  -------         ENDMOD        ?C?LLDPTR

  -------         MODULE        ?C?LLDOPTR
  C:0B34H         PUBLIC        ?C?LLDOPTR
  -------         ENDMOD        ?C?LLDOPTR

  -------         MODULE        ?C?LSTPTR
  C:0B64H         PUBLIC        ?C?LSTPTR
  -------         ENDMOD        ?C?LSTPTR

  -------         MODULE        ?C?LSTOPTR
  C:0B7EH         PUBLIC        ?C?LSTOPTR
  -------         ENDMOD        ?C?LSTOPTR

  -------         MODULE        ?C?LLDPTR0
  C:0BA2H         PUBLIC        ?C?LLDPTR0
  -------         ENDMOD        ?C?LLDPTR0

  -------         MODULE        ?C?LLDOPTR0
  C:0BC2H         PUBLIC        ?C?LLDOPTR0
  -------         ENDMOD        ?C?LLDOPTR0

  -------         MODULE        ?C?LSTXDATA
  C:0BF2H         PUBLIC        ?C?LSTXDATA
  -------         ENDMOD        ?C?LSTXDATA

  -------         MODULE        ?C?LSTKXDATA
  C:0BFEH         PUBLIC        ?C?LSTKXDATA
  -------         ENDMOD        ?C?LSTKXDATA

  -------         MODULE        ?C?PLDIXDATA
  C:0C2FH         PUBLIC        ?C?PLDIXDATA
  -------         ENDMOD        ?C?PLDIXDATA

BL51 BANKED LINKER/LOCATER V6.22                                                      05/20/2014  11:03:55  PAGE 132


  -------         MODULE        ?C?PSTXDATA
  C:0C46H         PUBLIC        ?C?PSTXDATA
  -------         ENDMOD        ?C?PSTXDATA

  -------         MODULE        ?C?PLDPTR
  C:0C4FH         PUBLIC        ?C?PLDPTR
  -------         ENDMOD        ?C?PLDPTR

  -------         MODULE        ?C?PSTPTR
  C:0C6FH         PUBLIC        ?C?PSTPTR
  -------         ENDMOD        ?C?PSTPTR

  -------         MODULE        ?C?CCASE
  C:0CBEH         PUBLIC        ?C?CCASE
  -------         ENDMOD        ?C?CCASE

  -------         MODULE        ?C?ICASE
  C:0CE4H         PUBLIC        ?C?ICASE
  -------         ENDMOD        ?C?ICASE

  -------         MODULE        ?C?ICALL
  C:0D11H         PUBLIC        ?C?ICALL
  C:0D15H         PUBLIC        ?C?ICALL2
  -------         ENDMOD        ?C?ICALL

  -------         MODULE        ?C?LIMUL
  C:0D17H         PUBLIC        ?C?LIMUL
  -------         ENDMOD        ?C?LIMUL

  -------         MODULE        ?C?MEMCMP
  C:0ECAH         PUBLIC        ?C?MEMCMP
  -------         ENDMOD        ?C?MEMCMP

  -------         MODULE        ?C?MEMSET
  C:0EEEH         PUBLIC        ?C?MEMSET
  -------         ENDMOD        ?C?MEMSET

  -------         MODULE        ?C?LLDIDATA
  C:0F1AH         PUBLIC        ?C?LLDIDATA
  -------         ENDMOD        ?C?LLDIDATA

  -------         MODULE        ?C?LLDXDATA
  C:0F26H         PUBLIC        ?C?LLDXDATA
  -------         ENDMOD        ?C?LLDXDATA

  -------         MODULE        ?C?LLDPDATA
  C:0F32H         PUBLIC        ?C?LLDPDATA
  -------         ENDMOD        ?C?LLDPDATA

  -------         MODULE        ?C?LLDCODE
  C:0F3EH         PUBLIC        ?C?LLDCODE
  -------         ENDMOD        ?C?LLDCODE

  -------         MODULE        ?C?LLDIDATA0
  C:0F4EH         PUBLIC        ?C?LLDIDATA0
  -------         ENDMOD        ?C?LLDIDATA0

BL51 BANKED LINKER/LOCATER V6.22                                                      05/20/2014  11:03:55  PAGE 133


  -------         MODULE        ?C?LLDXDATA0
  C:0F5BH         PUBLIC        ?C?LLDXDATA0
  -------         ENDMOD        ?C?LLDXDATA0

  -------         MODULE        ?C?LLDPDATA0
  C:0F67H         PUBLIC        ?C?LLDPDATA0
  -------         ENDMOD        ?C?LLDPDATA0

  -------         MODULE        ?C?LLDCODE0
  C:0F74H         PUBLIC        ?C?LLDCODE0
  -------         ENDMOD        ?C?LLDCODE0

  -------         MODULE        ?C?LSTIDATA
  C:0F84H         PUBLIC        ?C?LSTIDATA
  -------         ENDMOD        ?C?LSTIDATA

  -------         MODULE        ?C?LSTPDATA
  C:0F90H         PUBLIC        ?C?LSTPDATA
  -------         ENDMOD        ?C?LSTPDATA

  -------         MODULE        ?C?PLDIDATA
  C:0F9CH         PUBLIC        ?C?PLDIDATA
  -------         ENDMOD        ?C?PLDIDATA

  -------         MODULE        ?C?PSTIDATA
  C:0FA5H         PUBLIC        ?C?PSTIDATA
  -------         ENDMOD        ?C?PSTIDATA

  -------         MODULE        ?C?PLDXDATA
  C:0FAEH         PUBLIC        ?C?PLDXDATA
  -------         ENDMOD        ?C?PLDXDATA

  -------         MODULE        ?C?PLDPDATA
  C:0FB7H         PUBLIC        ?C?PLDPDATA
  -------         ENDMOD        ?C?PLDPDATA

  -------         MODULE        ?C?PSTPDATA
  C:0FC0H         PUBLIC        ?C?PSTPDATA
  -------         ENDMOD        ?C?PSTPDATA

  -------         MODULE        ?C?PLDCODE
  C:0FC9H         PUBLIC        ?C?PLDCODE
  -------         ENDMOD        ?C?PLDCODE

*** WARNING L16: UNCALLED SEGMENT, IGNORED FOR OVERLAY PROCESS
    SEGMENT: ?PR?_BEACON_IDENTITY?VELOX_BEACON

Program Size: data=15.6 xdata=5901 code=55195
LINK/LOCATE RUN COMPLETE.  1 WARNING(S),  0 ERROR(S)
