BL51 BANKED LINKER/LOCATER V6.22                                                        12/24/2012  13:21:13  PAGE 1


BL51 BANKED LINKER/LOCATER V6.22, INVOKED BY:
C:\KEIL\C51\BIN\BL51.EXE C8051_adc.obj, C8051_comparator.obj, C8051_extern_int.obj, C8051_oscillator.obj, C8051_SMBus.ob
>> j, C8051_SPI0.obj, C8051_uart0.obj, C8051_uart1.obj, C8051_watchdog.obj, PWRS_battery.obj, PWRS_calibration.obj, PWRS
>> _conversions.obj, PWRS_fault_handling.obj, PWRS_mppt.obj, PWRS_housekeeping.obj, PWRS_thermal.obj, PWRS_load.obj, PWR
>> S_reset.obj, C8051_scratchpad.obj, C8051_eeprom.obj, PWRS_camera.obj, C8051_pca0.obj, Velox_timertask.obj, Velox_uart
>> .obj, Velox_sfrstack.obj, Velox_checksum.obj, PWRS_i2c.obj, PWRS_mux.obj, C8051_delay.obj, system_config.obj, Velox_r
>> aid.obj, PWRS_main.obj, PWRS_port.obj, mccif_xdata.obj, mccif_buffer.obj, mccif_stream.obj, C8051_UART1_string.obj, V
>> elox_string.obj, xbee.obj, xbee_ATcmd.obj, Velox_delay.obj, Velox_watchdog.obj, PWRS_debug.obj, C8051_mcutemp.obj, PW
>> RS_timer.obj TO pwrs RAMSIZE (256) CODE (0X0000-0XFFFF) XDATA (0X0000-0X1FFF)


MEMORY MODEL: LARGE WITH FLOATING POINT ARITHMETIC


INPUT MODULES INCLUDED:
  C8051_adc.obj (C8051_ADC)
  C8051_comparator.obj (C8051_COMPARATOR)
  C8051_extern_int.obj (C8051_EXTERN_INT)
  C8051_oscillator.obj (C8051_OSCILLATOR)
  C8051_SMBus.obj (C8051_SMBUS)
  C8051_SPI0.obj (C8051_SPI0)
  C8051_uart0.obj (C8051_UART0)
  C8051_uart1.obj (C8051_UART1)
  C8051_watchdog.obj (C8051_WATCHDOG)
  PWRS_battery.obj (PWRS_BATTERY)
  PWRS_calibration.obj (PWRS_CALIBRATION)
  PWRS_conversions.obj (PWRS_CONVERSIONS)
  PWRS_fault_handling.obj (PWRS_FAULT_HANDLING)
  PWRS_mppt.obj (PWRS_MPPT)
  PWRS_housekeeping.obj (PWRS_HOUSEKEEPING)
  PWRS_thermal.obj (PWRS_THERMAL)
  PWRS_load.obj (PWRS_LOAD)
  PWRS_reset.obj (PWRS_RESET)
  C8051_scratchpad.obj (C8051_SCRATCHPAD)
  C8051_eeprom.obj (C8051_EEPROM)
  PWRS_camera.obj (PWRS_CAMERA)
  C8051_pca0.obj (C8051_PCA0)
  Velox_timertask.obj (VELOX_TIMERTASK)
  Velox_uart.obj (VELOX_UART)
  Velox_sfrstack.obj (VELOX_SFRSTACK)
  Velox_checksum.obj (VELOX_CHECKSUM)
  PWRS_i2c.obj (PWRS_I2C)
  PWRS_mux.obj (PWRS_MUX)
  C8051_delay.obj (C8051_DELAY)
  system_config.obj (SYSTEM_CONFIG)
  Velox_raid.obj (VELOX_RAID)
  PWRS_main.obj (PWRS_MAIN)
  PWRS_port.obj (PWRS_PORT)
  mccif_xdata.obj (MCCIF_XDATA)
  mccif_buffer.obj (MCCIF_BUFFER)
  mccif_stream.obj (MCCIF_STREAM)
  C8051_UART1_string.obj (C8051_UART1_STRING)
  Velox_string.obj (VELOX_STRING)
  xbee.obj (XBEE)
  xbee_ATcmd.obj (XBEE_ATCMD)
  Velox_delay.obj (VELOX_DELAY)
  Velox_watchdog.obj (VELOX_WATCHDOG)
  PWRS_debug.obj (PWRS_DEBUG)
BL51 BANKED LINKER/LOCATER V6.22                                                      12/24/2012  13:21:13  PAGE 2


  C8051_mcutemp.obj (C8051_MCUTEMP)
  PWRS_timer.obj (PWRS_TIMER)
  C:\KEIL\C51\LIB\C51FPL.LIB (?C?FPADD)
  C:\KEIL\C51\LIB\C51FPL.LIB (?C?FPMUL)
  C:\KEIL\C51\LIB\C51FPL.LIB (?C?FPDIV)
  C:\KEIL\C51\LIB\C51FPL.LIB (?C?FPCMP)
  C:\KEIL\C51\LIB\C51FPL.LIB (?C?FCAST)
  C:\KEIL\C51\LIB\C51FPL.LIB (?C?CASTF)
  C:\KEIL\C51\LIB\C51FPL.LIB (PRINTF)
  C:\KEIL\C51\LIB\C51FPL.LIB (?C?FPGETOPN)
  C:\KEIL\C51\LIB\C51FPL.LIB (?C?FPROUND)
  C:\KEIL\C51\LIB\C51FPL.LIB (?C?FPCONVERT)
  C:\KEIL\C51\LIB\C51FPL.LIB (?C?FTNPWR)
  C:\KEIL\C51\LIB\C51L.LIB (?C_STARTUP)
  C:\KEIL\C51\LIB\C51L.LIB (?C?COPY)
  C:\KEIL\C51\LIB\C51L.LIB (?C?CLDPTR)
  C:\KEIL\C51\LIB\C51L.LIB (?C?CLDOPTR)
  C:\KEIL\C51\LIB\C51L.LIB (?C?CSTPTR)
  C:\KEIL\C51\LIB\C51L.LIB (?C?CSTOPTR)
  C:\KEIL\C51\LIB\C51L.LIB (?C?IMUL)
  C:\KEIL\C51\LIB\C51L.LIB (?C?UIDIV)
  C:\KEIL\C51\LIB\C51L.LIB (?C?SIDIV)
  C:\KEIL\C51\LIB\C51L.LIB (?C?IILDX)
  C:\KEIL\C51\LIB\C51L.LIB (?C?ILDPTR)
  C:\KEIL\C51\LIB\C51L.LIB (?C?ILDOPTR)
  C:\KEIL\C51\LIB\C51L.LIB (?C?IILDPTR)
  C:\KEIL\C51\LIB\C51L.LIB (?C?ISTPTR)
  C:\KEIL\C51\LIB\C51L.LIB (?C?ISTOPTR)
  C:\KEIL\C51\LIB\C51L.LIB (?C?LADD)
  C:\KEIL\C51\LIB\C51L.LIB (?C?LSUB)
  C:\KEIL\C51\LIB\C51L.LIB (?C?LMUL)
  C:\KEIL\C51\LIB\C51L.LIB (?C?ULDIV)
  C:\KEIL\C51\LIB\C51L.LIB (?C?SLDIV)
  C:\KEIL\C51\LIB\C51L.LIB (?C?LNEG)
  C:\KEIL\C51\LIB\C51L.LIB (?C?SLCMP)
  C:\KEIL\C51\LIB\C51L.LIB (?C?ULCMP)
  C:\KEIL\C51\LIB\C51L.LIB (?C?SLSHR)
  C:\KEIL\C51\LIB\C51L.LIB (?C?LSHL)
  C:\KEIL\C51\LIB\C51L.LIB (?C?LSTPTR)
  C:\KEIL\C51\LIB\C51L.LIB (?C?LLDXDATA)
  C:\KEIL\C51\LIB\C51L.LIB (?C?LLDXDATA0)
  C:\KEIL\C51\LIB\C51L.LIB (?C?LSTXDATA)
  C:\KEIL\C51\LIB\C51L.LIB (?C?LSTKXDATA)
  C:\KEIL\C51\LIB\C51L.LIB (?C?LSTKPTR)
  C:\KEIL\C51\LIB\C51L.LIB (?C?OFFXADD)
  C:\KEIL\C51\LIB\C51L.LIB (?C?PLDXDATA)
  C:\KEIL\C51\LIB\C51L.LIB (?C?PLDIXDATA)
  C:\KEIL\C51\LIB\C51L.LIB (?C?PSTXDATA)
  C:\KEIL\C51\LIB\C51L.LIB (?C?CCASE)
  C:\KEIL\C51\LIB\C51L.LIB (?C?ICALL)
  C:\KEIL\C51\LIB\C51L.LIB (?C?STRCMP)
  C:\KEIL\C51\LIB\C51L.LIB (STRLEN)
  C:\KEIL\C51\LIB\C51L.LIB (?C?MEMSET)
  C:\KEIL\C51\LIB\C51L.LIB (?C_INIT)
  C:\KEIL\C51\LIB\C51L.LIB (?C?LSTIDATA)
  C:\KEIL\C51\LIB\C51L.LIB (?C?LSTPDATA)
  C:\KEIL\C51\LIB\C51L.LIB (?C?LSTKIDATA)
BL51 BANKED LINKER/LOCATER V6.22                                                      12/24/2012  13:21:13  PAGE 3


  C:\KEIL\C51\LIB\C51L.LIB (?C?LSTKPDATA)


LINK MAP OF MODULE:  pwrs (C8051_ADC)


            TYPE    BASE      LENGTH    RELOCATION   SEGMENT NAME
            -----------------------------------------------------

            * * * * * * *   D A T A   M E M O R Y   * * * * * * *
            REG     0000H     0008H     ABSOLUTE     "REG BANK 0"
            DATA    0008H     0006H     UNIT         ?DT?C8051_SCRATCHPAD
            DATA    000EH     0005H     UNIT         _DATA_GROUP_
                    0013H     000DH                  *** GAP ***
            BIT     0020H.0   0001H.1   UNIT         _BIT_GROUP_
            BIT     0021H.1   0000H.2   UNIT         ?BI?_FLASH_BYTEWRITE?C8051_SCRATCHPAD
            BIT     0021H.3   0000H.2   UNIT         ?BI?_FLASH_BYTEREAD?C8051_SCRATCHPAD
            BIT     0021H.5   0000H.2   UNIT         ?BI?_FLASH_PAGEERASE?C8051_SCRATCHPAD
            BIT     0021H.7   0000H.1   UNIT         ?BI?_SMBUS_SETRXBUFFER?C8051_SMBUS
            BIT     0022H.0   0000H.1   UNIT         ?BI?UART0_RESETRX?C8051_UART0
            BIT     0022H.1   0000H.1   UNIT         ?BI?UART0_GETRXAVAILABLE?C8051_UART0
            BIT     0022H.2   0000H.1   UNIT         ?BI?_UART0_ADVANCE?C8051_UART0
            BIT     0022H.3   0000H.1   UNIT         ?BI?_UART0_PUTCHAR?C8051_UART0
            BIT     0022H.4   0000H.1   UNIT         ?BI?WATCHDOG_DISABLE?C8051_WATCHDOG
            BIT     0022H.5   0000H.1   UNIT         ?BI?TIMERTASK_GETCLOCK_OVERRIDE?PWRS_MAIN
            BIT     0022H.6   0000H.1   UNIT         ?BI?WATCHDOG_CONFIRMALIVE?VELOX_WATCHDOG
            BIT     0022H.7   0000H.1   UNIT         ?BI?DEBUG_PRINT?PWRS_DEBUG
            IDATA   0023H     0001H     UNIT         ?STACK

            * * * * * * *  X D A T A   M E M O R Y  * * * * * * *
            XDATA   0000H     0018H     UNIT         ?XD?_MCCIF_DOWNLINKSTREAM?MCCIF_STREAM
            XDATA   0018H     0002H     ABSOLUTE     
            XDATA   001AH     0001H     ABSOLUTE     
            XDATA   001BH     0004H     UNIT         ?XD?_ADC0_READSHORT?C8051_ADC
            XDATA   001FH     0004H     ABSOLUTE     
            XDATA   0023H     002CH     UNIT         ?XD?XBEESTART?XBEE
            XDATA   004FH     0001H     ABSOLUTE     
            XDATA   0050H     0001H     ABSOLUTE     
            XDATA   0051H     0005H     ABSOLUTE     
            XDATA   0056H     0005H     ABSOLUTE     
            XDATA   005BH     0005H     ABSOLUTE     
            XDATA   0060H     0005H     ABSOLUTE     
            XDATA   0065H     0005H     ABSOLUTE     
            XDATA   006AH     0101H     UNIT         ?XD?HOUSEKEEPING_GETALL?PWRS_HOUSEKEEPING
            XDATA   016BH     0068H     UNIT         ?XD?PWRS_I2C
            XDATA   01D3H     0019H     UNIT         ?XD?_MCCIF_UPLINKXDATA?MCCIF_XDATA
            XDATA   01ECH     0006H     UNIT         ?XD?_SMBUS_INIT?C8051_SMBUS
            XDATA   01F2H     0002H     ABSOLUTE     
            XDATA   01F4H     0005H     ABSOLUTE     
            XDATA   01F9H     0006H     ABSOLUTE     
            XDATA   01FFH     0006H     ABSOLUTE     
            XDATA   0205H     0004H     ABSOLUTE     
            XDATA   0209H     0002H     ABSOLUTE     
            XDATA   020BH     0001H     UNIT         ?XD?COMPARATOR0_CLOSE?C8051_COMPARATOR
            XDATA   020CH     0002H     ABSOLUTE     
            XDATA   020EH     0002H     ABSOLUTE     
            XDATA   0210H     0002H     ABSOLUTE     
BL51 BANKED LINKER/LOCATER V6.22                                                      12/24/2012  13:21:13  PAGE 4


            XDATA   0212H     0008H     ABSOLUTE     
            XDATA   021AH     0008H     ABSOLUTE     
            XDATA   0222H     0004H     ABSOLUTE     
            XDATA   0226H     0001H     ABSOLUTE     
            XDATA   0227H     0001H     ABSOLUTE     
            XDATA   0228H     0001H     ABSOLUTE     
            XDATA   0229H     0002H     ABSOLUTE     
            XDATA   022BH     0001H     ABSOLUTE     
            XDATA   022CH     0001H     ABSOLUTE     
            XDATA   022DH     0001H     ABSOLUTE     
            XDATA   022EH     0001H     ABSOLUTE     
            XDATA   022FH     0001H     ABSOLUTE     
            XDATA   0230H     0006H     UNIT         ?XD?_FLASH_PAGEERASE?C8051_SCRATCHPAD
            XDATA   0236H     0001H     ABSOLUTE     
            XDATA   0237H     0001H     ABSOLUTE     
            XDATA   0238H     0001H     ABSOLUTE     
            XDATA   0239H     0002H     ABSOLUTE     
            XDATA   023BH     0001H     ABSOLUTE     
            XDATA   023CH     0001H     ABSOLUTE     
            XDATA   023DH     0004H     ABSOLUTE     
            XDATA   0241H     0002H     ABSOLUTE     
            XDATA   0243H     0002H     ABSOLUTE     
            XDATA   0245H     0002H     ABSOLUTE     
            XDATA   0247H     0002H     ABSOLUTE     
            XDATA   0249H     0002H     ABSOLUTE     
            XDATA   024BH     0002H     ABSOLUTE     
            XDATA   024DH     0002H     ABSOLUTE     
            XDATA   024FH     0002H     ABSOLUTE     
            XDATA   0251H     0002H     ABSOLUTE     
            XDATA   0253H     0004H     ABSOLUTE     
            XDATA   0257H     0004H     ABSOLUTE     
            XDATA   025BH     0004H     UNIT         ?XD?OSCILLATOR_ATTEMPTEXTINIT?C8051_OSCILLATOR
            XDATA   025FH     0001H     ABSOLUTE     
            XDATA   0260H     0001H     ABSOLUTE     
            XDATA   0261H     0001H     ABSOLUTE     
            XDATA   0262H     0004H     ABSOLUTE     
            XDATA   0266H     0001H     ABSOLUTE     
            XDATA   0267H     0001H     ABSOLUTE     
            XDATA   0268H     0001H     ABSOLUTE     
            XDATA   0269H     0001H     ABSOLUTE     
            XDATA   026AH     0001H     ABSOLUTE     
            XDATA   026BH     0004H     ABSOLUTE     
            XDATA   026FH     0002H     ABSOLUTE     
            XDATA   0271H     0001H     ABSOLUTE     
            XDATA   0272H     0005H     ABSOLUTE     
            XDATA   0277H     0001H     ABSOLUTE     
            XDATA   0278H     0004H     ABSOLUTE     
            XDATA   027CH     0002H     ABSOLUTE     
            XDATA   027EH     0002H     ABSOLUTE     
            XDATA   0280H     0001H     ABSOLUTE     
            XDATA   0281H     0002H     ABSOLUTE     
            XDATA   0283H     0002H     UNIT         ?XD?C8051_ADC
            XDATA   0285H     0002H     ABSOLUTE     
            XDATA   0287H     0002H     ABSOLUTE     
            XDATA   0289H     0002H     ABSOLUTE     
            XDATA   028BH     0002H     ABSOLUTE     
            XDATA   028DH     0001H     ABSOLUTE     
BL51 BANKED LINKER/LOCATER V6.22                                                      12/24/2012  13:21:13  PAGE 5


            XDATA   028EH     0002H     ABSOLUTE     
            XDATA   0290H     0002H     ABSOLUTE     
            XDATA   0292H     0002H     UNIT         ?XD?OSCILLATOR_RESETCAUSECHECK?C8051_OSCILLATOR
            XDATA   0294H     0002H     ABSOLUTE     
            XDATA   0296H     0002H     ABSOLUTE     
            XDATA   0298H     0001H     ABSOLUTE     
            XDATA   0299H     0004H     ABSOLUTE     
            XDATA   029DH     0004H     ABSOLUTE     
            XDATA   02A1H     0004H     ABSOLUTE     
            XDATA   02A5H     0045H     ABSOLUTE     
            XDATA   02EAH     001EH     ABSOLUTE     
            XDATA   0308H     0002H     ABSOLUTE     
            XDATA   030AH     0200H     UNIT         ?XD?VELOX_CHECKSUM
            XDATA   050AH     008BH     UNIT         ?XD?DEBUG_PRINT?PWRS_DEBUG
            XDATA   0595H     0030H     UNIT         ?XD?XBEE
            XDATA   05C5H     0017H     UNIT         ?XD?C8051_UART0
            XDATA   05DCH     0003H     ABSOLUTE     
            XDATA   05DFH     0006H     UNIT         ?XD?_EEPROM_READ?C8051_EEPROM
            XDATA   05E5H     0003H     ABSOLUTE     
            XDATA   05E8H     0008H     UNIT         ?XD?XBEECOORDHANDLER?XBEE
            XDATA   05F0H     0003H     ABSOLUTE     
            XDATA   05F3H     000FH     ABSOLUTE     
            XDATA   0602H     01ACH     UNIT         ?XD?PWRS_CAMERA
            XDATA   07AEH     0020H     UNIT         ?XD?XBEEREMOTEATCMDRQHANDLER?XBEE_ATCMD
            XDATA   07CEH     0002H     UNIT         ?XD?UART0_GETRXAVAILABLE?C8051_UART0
            XDATA   07D0H     0005H     ABSOLUTE     
            XDATA   07D5H     01D7H     UNIT         ?XD?XBEE_ATCMD
            XDATA   09ACH     0017H     UNIT         ?XD?_RAID_WRITE?VELOX_RAID
            XDATA   09C3H     0001H     UNIT         ?XD?COMPARATOR1_CLOSE?C8051_COMPARATOR
            XDATA   09C4H     0001H     ABSOLUTE     
            XDATA   09C5H     0007H     UNIT         ?XD?_ADC0_INIT?C8051_ADC
            XDATA   09CCH     0001H     UNIT         ?XD?EXT_INTERRUPT_INIT?C8051_EXTERN_INT
            XDATA   09CDH     0002H     ABSOLUTE     
            XDATA   09CFH     0004H     ABSOLUTE     
            XDATA   09D3H     0004H     ABSOLUTE     
            XDATA   09D7H     0002H     ABSOLUTE     
            XDATA   09D9H     0004H     ABSOLUTE     
            XDATA   09DDH     0004H     ABSOLUTE     
            XDATA   09E1H     0004H     ABSOLUTE     
            XDATA   09E5H     0004H     ABSOLUTE     
            XDATA   09E9H     0001H     ABSOLUTE     
            XDATA   09EAH     0001H     ABSOLUTE     
            XDATA   09EBH     0004H     ABSOLUTE     
            XDATA   09EFH     0004H     ABSOLUTE     
            XDATA   09F3H     0004H     ABSOLUTE     
            XDATA   09F7H     0004H     ABSOLUTE     
            XDATA   09FBH     0004H     UNIT         ?XD?_THERMAL_SETTKOUTPUTSCHEDULED?PWRS_THERMAL
            XDATA   09FFH     0001H     ABSOLUTE     
            XDATA   0A00H     0001H     ABSOLUTE     
            XDATA   0A01H     0001H     ABSOLUTE     
            XDATA   0A02H     0007H     UNIT         ?XD?_ADC0_GETAVERAGE_MV?C8051_ADC
            XDATA   0A09H     0001H     UNIT         ?XD?C8051_OSCILLATOR
            XDATA   0A0AH     0001H     ABSOLUTE     
            XDATA   0A0BH     0001H     ABSOLUTE     
            XDATA   0A0CH     0007H     UNIT         ?XD?_SPI0_INIT?C8051_SPI0
            XDATA   0A13H     0001H     UNIT         ?XD?SMBUS_ISR?C8051_SMBUS
            XDATA   0A14H     0001H     ABSOLUTE     
BL51 BANKED LINKER/LOCATER V6.22                                                      12/24/2012  13:21:13  PAGE 6


            XDATA   0A15H     0001H     ABSOLUTE     
            XDATA   0A16H     0001H     ABSOLUTE     
            XDATA   0A17H     0002H     ABSOLUTE     
            XDATA   0A19H     0002H     ABSOLUTE     
            XDATA   0A1BH     0001H     ABSOLUTE     
            XDATA   0A1CH     0002H     ABSOLUTE     
            XDATA   0A1EH     0882H     UNIT         ?XD?PWRS_MAIN
            XDATA   12A0H     0030H     UNIT         _XDATA_GROUP_
            XDATA   12D0H     0027H     UNIT         ?XD?PWRS_CALIBRATION
            XDATA   12F7H     0016H     UNIT         ?XD?C8051_UART1
            XDATA   130DH     0016H     UNIT         ?XD?_MCCIF_DOWNLINKXDATA?MCCIF_XDATA
            XDATA   1323H     0011H     UNIT         ?XD?_CHECKSUM_INIT?VELOX_CHECKSUM
            XDATA   1334H     0010H     UNIT         ?XD?C8051_SMBUS
            XDATA   1344H     0010H     UNIT         ?XD?_LM94022_DECODETEMPERATURE?PWRS_CONVERSIONS
            XDATA   1354H     0010H     UNIT         ?XD?_XBEEREMOTEATCMDREQUEST?XBEE_ATCMD
            XDATA   1364H     000EH     UNIT         ?XD?_MUX_GETALL?PWRS_MUX
            XDATA   1372H     000EH     UNIT         ?XD?_HEXSTRING2ULONG?VELOX_STRING
            XDATA   1380H     000DH     UNIT         ?XD?_UART0_OPEN?C8051_UART0
            XDATA   138DH     000CH     UNIT         ?XD?_UART1_OPEN?C8051_UART1
            XDATA   1399H     000CH     UNIT         ?XD?_CHECKSUM_UPDATE?VELOX_CHECKSUM
            XDATA   13A5H     000CH     UNIT         ?XD?_RAID_READCHARS?VELOX_RAID
            XDATA   13B1H     000CH     UNIT         ?XD?_RAID_WRITECHARS?VELOX_RAID
            XDATA   13BDH     000CH     UNIT         ?XD?_ATCHECKOK?XBEE_ATCMD
            XDATA   13C9H     000BH     UNIT         ?XD?_SPI0_GETPUTCHARS?C8051_SPI0
            XDATA   13D4H     000BH     UNIT         ?XD?_BATTERY_SETPWRSHT?PWRS_BATTERY
            XDATA   13DFH     000BH     UNIT         ?XD?_MCCIF_APPENDCHARS?MCCIF_BUFFER
            XDATA   13EAH     000BH     UNIT         ?XD?_ATCMDWRITE?XBEE_ATCMD
            XDATA   13F5H     000AH     UNIT         ?XD?_UART0_POLLCHARS?C8051_UART0
            XDATA   13FFH     000AH     UNIT         ?XD?_UART0_PUTCHARS?C8051_UART0
            XDATA   1409H     000AH     UNIT         ?XD?_UART1_POLLCHARS?C8051_UART1
            XDATA   1413H     000AH     UNIT         ?XD?_UART1_PUTCHARS?C8051_UART1
            XDATA   141DH     000AH     UNIT         ?XD?_CAMERA_UPLINKMCC?PWRS_CAMERA
            XDATA   1427H     000AH     UNIT         ?XD?MCCIF_BUFFER
            XDATA   1431H     0009H     UNIT         ?XD?_EEPROM_WRITE?C8051_EEPROM
            XDATA   143AH     0009H     UNIT         ?XD?_ATCMDREAD?XBEE_ATCMD
            XDATA   1443H     0009H     UNIT         ?XD?XBEEATACK?XBEE_ATCMD
            XDATA   144CH     0009H     UNIT         ?XD?XBEEATDATATRANSMIT?XBEE_ATCMD
            XDATA   1455H     0007H     UNIT         ?XD?_FLASH_BYTEWRITE?C8051_SCRATCHPAD
            XDATA   145CH     0007H     UNIT         ?XD?_FLASH_BYTEREAD?C8051_SCRATCHPAD
            XDATA   1463H     0007H     UNIT         ?XD?_TIMERTASK_INITPERIOD?VELOX_TIMERTASK
            XDATA   146AH     0007H     UNIT         ?XD?_RAID_READ?VELOX_RAID
            XDATA   1471H     0007H     UNIT         ?XD?MAIN?PWRS_MAIN
            XDATA   1478H     0007H     UNIT         ?XD?_DELAY_BLOCKMS?VELOX_DELAY
            XDATA   147FH     0007H     UNIT         ?XD?_TIMER1_INIT?PWRS_TIMER
            XDATA   1486H     0007H     UNIT         ?XD?_TIMER4_INIT?PWRS_TIMER
            XDATA   148DH     0006H     UNIT         ?XD?_PCA0_INIT?C8051_PCA0
            XDATA   1493H     0006H     UNIT         ?XD?_UART_POLLCHARS?VELOX_UART
            XDATA   1499H     0006H     UNIT         ?XD?_UART_PUTCHARS?VELOX_UART
            XDATA   149FH     0006H     UNIT         ?XD?_UART1GETSTRING?C8051_UART1_STRING
            XDATA   14A5H     0005H     UNIT         ?XD?_SMBUS_SETRXBUFFER?C8051_SMBUS
            XDATA   14AAH     0005H     UNIT         ?XD?_SMBUS_SETTXBUFFER?C8051_SMBUS
            XDATA   14AFH     0005H     UNIT         ?XD?_TIMERTASK_TIMEUNTILEXECUTION?VELOX_TIMERTASK
            XDATA   14B4H     0005H     UNIT         ?XD?_TIMERTASK_ISREADY?VELOX_TIMERTASK
            XDATA   14B9H     0005H     UNIT         ?XD?_SFR_INIT?VELOX_SFRSTACK
            XDATA   14BEH     0005H     UNIT         ?XD?VELOX_SFRSTACK
            XDATA   14C3H     0005H     UNIT         ?XD?_CHECKSUM_ISVALID?VELOX_CHECKSUM
            XDATA   14C8H     0005H     UNIT         ?XD?_MCCIF_SETBUFFER?MCCIF_BUFFER
BL51 BANKED LINKER/LOCATER V6.22                                                      12/24/2012  13:21:13  PAGE 7


            XDATA   14CDH     0005H     UNIT         ?XD?UART1GET?C8051_UART1_STRING
            XDATA   14D2H     0005H     UNIT         ?XD?_TIMER2_INIT?PWRS_TIMER
            XDATA   14D7H     0005H     UNIT         ?XD?_TIMER3_INIT?PWRS_TIMER
            XDATA   14DCH     0004H     UNIT         ?XD?_LOAD_SETSINGLEOUTPUTSCHEDULED?PWRS_LOAD
            XDATA   14E0H     0004H     UNIT         ?XD?EEPROM_SPIF?C8051_EEPROM
            XDATA   14E4H     0004H     UNIT         ?XD?CAMERA_GETFRAMEDATA?PWRS_CAMERA
            XDATA   14E8H     0004H     UNIT         ?XD?_CAMERA_SENDCOMMAND?PWRS_CAMERA
            XDATA   14ECH     0004H     UNIT         ?XD?_I2C_FORMAT4BYTEREPLY?PWRS_I2C
            XDATA   14F0H     0004H     UNIT         ?XD?_XBEESETPACKETDELAY?XBEE
            XDATA   14F4H     0004H     UNIT         ?XD?_XBEESETPACKETTIMEOUT?XBEE
            XDATA   14F8H     0004H     UNIT         ?XD?_XBEESETNETWORKTIMEOUT?XBEE
            XDATA   14FCH     0004H     UNIT         ?XD?ATCMDMODEENTER?XBEE_ATCMD
            XDATA   1500H     0004H     UNIT         ?XD?_XBEEWRITESTRINGPAYLOAD?XBEE_ATCMD
            XDATA   1504H     0004H     UNIT         ?XD?VELOX_WATCHDOG
            XDATA   1508H     0004H     UNIT         ?XD?_MCUTEMP_MVTOCELSIUS?C8051_MCUTEMP
            XDATA   150CH     0003H     UNIT         ?XD?INT_OSCILLATOR_INIT?C8051_OSCILLATOR
            XDATA   150FH     0003H     UNIT         ?XD?_SMBUS_SETTXBUFFERUNCONSTRAINED?C8051_SMBUS
            XDATA   1512H     0003H     UNIT         ?XD?_SPI0_GETPUT?C8051_SPI0
            XDATA   1515H     0003H     UNIT         ?XD?C8051_SPI0
            XDATA   1518H     0003H     UNIT         ?XD?UART1_GETRXAVAILABLE?C8051_UART1
            XDATA   151BH     0003H     UNIT         ?XD?_UART1_ADVANCE?C8051_UART1
            XDATA   151EH     0003H     UNIT         ?XD?_UART1_PUTCHAR?C8051_UART1
            XDATA   1521H     0003H     UNIT         ?XD?_PCA0_SETDUTYCYCLE?C8051_PCA0
            XDATA   1524H     0003H     UNIT         ?XD?_TIMERTASK_FROMNOW?VELOX_TIMERTASK
            XDATA   1527H     0003H     UNIT         ?XD?_UART_ADVANCE?VELOX_UART
            XDATA   152AH     0003H     UNIT         ?XD?_CHECKSUM_ROTATE?VELOX_CHECKSUM
            XDATA   152DH     0003H     UNIT         ?XD?VELOX_RAID
            XDATA   1530H     0003H     UNIT         ?XD?_MCCIF_INIT?MCCIF_XDATA
            XDATA   1533H     0003H     UNIT         ?XD?MCCIF_XDATA
            XDATA   1536H     0003H     UNIT         ?XD?UART1_CHECK_TX?XBEE_ATCMD
            XDATA   1539H     0003H     UNIT         ?XD?XBEEATDATARECEIVE?XBEE_ATCMD
            XDATA   153CH     0002H     UNIT         ?XD?_UART0_ADVANCE?C8051_UART0
            XDATA   153EH     0002H     UNIT         ?XD?_UART0_PUTCHAR?C8051_UART0
            XDATA   1540H     0002H     UNIT         ?XD?_BATTERY_SETSOCLIMIT?PWRS_BATTERY
            XDATA   1542H     0002H     UNIT         ?XD?_MPPT_SETMODE?PWRS_MPPT
            XDATA   1544H     0002H     UNIT         ?XD?_THERMAL_SETTKOUTPUT?PWRS_THERMAL
            XDATA   1546H     0002H     UNIT         ?XD?_LOAD_SETSINGLEOUTPUTNOW?PWRS_LOAD
            XDATA   1548H     0002H     UNIT         ?XD?_LOAD_SETOUTPUTCHANNELS?PWRS_LOAD
            XDATA   154AH     0002H     UNIT         ?XD?_RESET_OBDH_SCHEDULED?PWRS_RESET
            XDATA   154CH     0002H     UNIT         ?XD?_RESET_PWRS_SCHEDULED?PWRS_RESET
            XDATA   154EH     0002H     UNIT         ?XD?_PCA0_SETCPM?C8051_PCA0
            XDATA   1550H     0002H     UNIT         ?XD?VELOX_TIMERTASK
            XDATA   1552H     0002H     UNIT         ?XD?_CHECKSUM_PUBLISH?VELOX_CHECKSUM
            XDATA   1554H     0002H     UNIT         ?XD?I2C_HANDLER?PWRS_I2C
            XDATA   1556H     0002H     UNIT         ?XD?_DELAY_US?C8051_DELAY
            XDATA   1558H     0002H     UNIT         ?XD?TIMERTASK_GETCLOCK_OVERRIDE?PWRS_MAIN
            XDATA   155AH     0002H     UNIT         ?XD?_MCCIF_APPENDCHAR?MCCIF_BUFFER
            XDATA   155CH     0002H     UNIT         ?XD?ATCMDMODEEXIT?XBEE_ATCMD
            XDATA   155EH     0002H     UNIT         ?XD?_WATCHDOG_ADVANCEDINIT?VELOX_WATCHDOG
            XDATA   1560H     0002H     UNIT         ?XD?_TIMER0_INIT?PWRS_TIMER
            XDATA   1562H     0002H     UNIT         ?XD?PWRS_TIMER
            XDATA   1564H     0001H     UNIT         ?XD?TIMER3_ISR?C8051_SMBUS
            XDATA   1565H     0001H     UNIT         ?XD?UART0_CLOSE?C8051_UART0
            XDATA   1566H     0001H     UNIT         ?XD?UART1_CLOSE?C8051_UART1
            XDATA   1567H     0001H     UNIT         ?XD?BATTERY_CHARGINGCONTROL?PWRS_BATTERY
            XDATA   1568H     0001H     UNIT         ?XD?PWRS_BATTERY
            XDATA   1569H     0001H     UNIT         ?XD?_FAULT_SET5VREDUNDANCY?PWRS_FAULT_HANDLING
BL51 BANKED LINKER/LOCATER V6.22                                                      12/24/2012  13:21:13  PAGE 8


            XDATA   156AH     0001H     UNIT         ?XD?_MPPT_TRACKING?PWRS_MPPT
            XDATA   156BH     0001H     UNIT         ?XD?RESET_RAID_COUNTERS?PWRS_RESET
            XDATA   156CH     0001H     UNIT         ?XD?RESET_LOADRAID?PWRS_RESET
            XDATA   156DH     0001H     UNIT         ?XD?EMIF_INIT?C8051_EEPROM
            XDATA   156EH     0001H     UNIT         ?XD?CAMERA_POLL?PWRS_CAMERA
            XDATA   156FH     0001H     UNIT         ?XD?_CAMERA_COMMANDHANDLER?PWRS_CAMERA
            XDATA   1570H     0001H     UNIT         ?XD?_SFR_PUSHPAGE?VELOX_SFRSTACK
            XDATA   1571H     0001H     UNIT         ?XD?_RAID_INIT?VELOX_RAID
            XDATA   1572H     0001H     UNIT         ?XD?_RAID_SETSIMULATEFAILURE?VELOX_RAID
            XDATA   1573H     0001H     UNIT         ?XD?_RAID_RESETSCRATCHPAD?VELOX_RAID
            XDATA   1574H     0001H     UNIT         ?XD?_PUTCHAR?PWRS_MAIN
            XDATA   1575H     0001H     UNIT         ?XD?_UART1_RX_PUSH?XBEE_ATCMD
            XDATA   1576H     0001H     UNIT         ?XD?TIMER0_SETRELOAD?PWRS_TIMER

            * * * * * * *   C O D E   M E M O R Y   * * * * * * *
            CODE    0000H     0003H     ABSOLUTE     
            CODE    0003H     0020H     UNIT         ?PR?OSCILLATOR_INIT?C8051_OSCILLATOR
            CODE    0023H     0003H     ABSOLUTE     
            CODE    0026H     0005H     UNIT         ?CO?PWRS_CAMERA
            CODE    002BH     0003H     ABSOLUTE     
            CODE    002EH     000CH     UNIT         ?PR?THERMAL_KNIFE_ENABLE?PWRS_THERMAL
            CODE    003AH     0001H     UNIT         ?PR?CAMERA_SMBUSTX?PWRS_CAMERA
            CODE    003BH     0003H     ABSOLUTE     
            CODE    003EH     0035H     UNIT         ?PR?_CHECKSUM_ISVALID?VELOX_CHECKSUM
            CODE    0073H     0003H     ABSOLUTE     
            CODE    0076H     002CH     UNIT         ?PR?_CAMERA_SENDCOMMAND?PWRS_CAMERA
                    00A2H     0001H                  *** GAP ***
            CODE    00A3H     0003H     ABSOLUTE     
            CODE    00A6H     0D21H     UNIT         ?C?LIB_CODE
            CODE    0DC7H     0BC5H     UNIT         ?PR?XBEESTART?XBEE
            CODE    198CH     0892H     UNIT         ?PR?HOUSEKEEPING_GETALL?PWRS_HOUSEKEEPING
            CODE    221EH     07C9H     UNIT         ?PR?DEBUG_PRINT?PWRS_DEBUG
            CODE    29E7H     0710H     UNIT         ?PR?_MPPT_TRACKING?PWRS_MPPT
            CODE    30F7H     0670H     UNIT         ?PR?I2C_HANDLER?PWRS_I2C
            CODE    3767H     059BH     UNIT         ?CO?PWRS_DEBUG
            CODE    3D02H     0483H     UNIT         ?PR?PRINTF?PRINTF
            CODE    4185H     02F6H     UNIT         ?PR?_RAID_WRITE?VELOX_RAID
            CODE    447BH     02E7H     UNIT         ?PR?BATTERY_UPDATEPARAMETERS?PWRS_BATTERY
            CODE    4762H     02DBH     UNIT         ?PR?XBEEATDATARECEIVE?XBEE_ATCMD
            CODE    4A3DH     0298H     UNIT         ?PR?XBEECOORDHANDLER?XBEE
            CODE    4CD5H     0261H     UNIT         ?PR?XBEEREMOTEATCMDRQHANDLER?XBEE_ATCMD
            CODE    4F36H     021AH     UNIT         ?PR?_XBEEREMOTEATCMDREQUEST?XBEE_ATCMD
            CODE    5150H     0215H     UNIT         ?PR?_MCCIF_UPLINKXDATA?MCCIF_XDATA
            CODE    5365H     0200H     UNIT         ?PR?MAIN?PWRS_MAIN
            CODE    5565H     01DFH     UNIT         ?PR?FAULT_HANDLING?PWRS_FAULT_HANDLING
            CODE    5744H     017AH     UNIT         ?PR?_ATCHECKOK?XBEE_ATCMD
            CODE    58BEH     016DH     UNIT         ?PR?_MUX_GETALL?PWRS_MUX
            CODE    5A2BH     0164H     UNIT         ?PR?_BATTERY_SETPWRSHT?PWRS_BATTERY
            CODE    5B8FH     0160H     UNIT         ?PR?_EEPROM_WRITE?C8051_EEPROM
            CODE    5CEFH     0152H     UNIT         ?PR?_MCCIF_DOWNLINKSTREAM?MCCIF_STREAM
            CODE    5E41H     014DH     UNIT         ?PR?_CHECKSUM_INIT?VELOX_CHECKSUM
            CODE    5F8EH     013FH     UNIT         ?PR?_MCCIF_DOWNLINKXDATA?MCCIF_XDATA
            CODE    60CDH     0133H     UNIT         ?PR?SMBUS_ISR?C8051_SMBUS
            CODE    6200H     012AH     UNIT         ?PR?_ATCMDWRITE?XBEE_ATCMD
            CODE    632AH     0120H     UNIT         ?PR?_CAMERA_UPLINKMCC?PWRS_CAMERA
            CODE    644AH     0118H     UNIT         ?PR?_ATCMDREAD?XBEE_ATCMD
            CODE    6562H     0117H     UNIT         ?PR?XBEEATDATATRANSMIT?XBEE_ATCMD
BL51 BANKED LINKER/LOCATER V6.22                                                      12/24/2012  13:21:13  PAGE 9


            CODE    6679H     010EH     UNIT         ?PR?_HEXSTRING2ULONG?VELOX_STRING
            CODE    6787H     0109H     UNIT         ?C_INITSEG
            CODE    6890H     0101H     UNIT         ?PR?UART0_ISR?C8051_UART0
            CODE    6991H     0101H     UNIT         ?PR?ATCMDMODEENTER?XBEE_ATCMD
            CODE    6A92H     00F4H     UNIT         ?PR?XBEEATACK?XBEE_ATCMD
            CODE    6B86H     00E9H     UNIT         ?PR?_PCA0_SETDUTYCYCLE?C8051_PCA0
            CODE    6C6FH     00E6H     UNIT         ?PR?UART1_ISR?C8051_UART1
            CODE    6D55H     00E5H     UNIT         ?PR?OSCILLATOR_ATTEMPTEXTINIT?C8051_OSCILLATOR
            CODE    6E3AH     00D4H     UNIT         ?PR?_THERMAL_SETTKOUTPUT?PWRS_THERMAL
            CODE    6F0EH     00CCH     UNIT         ?PR?_FLASH_BYTEWRITE?C8051_SCRATCHPAD
            CODE    6FDAH     00CAH     UNIT         ?PR?XBEEINIT?XBEE
            CODE    70A4H     00C7H     UNIT         ?PR?_FLASH_PAGEERASE?C8051_SCRATCHPAD
            CODE    716BH     00C4H     UNIT         ?PR?_ADC0_GETAVERAGE_MV?C8051_ADC
            CODE    722FH     00C3H     UNIT         ?PR?_FLASH_BYTEREAD?C8051_SCRATCHPAD
            CODE    72F2H     00BFH     UNIT         ?PR?CALIBRATION_HANDLER?PWRS_CALIBRATION
            CODE    73B1H     00BCH     UNIT         ?PR?_TIMERTASK_ISREADY?VELOX_TIMERTASK
            CODE    746DH     00AEH     UNIT         ?PR?_UART0_POLLCHARS?C8051_UART0
            CODE    751BH     00AEH     UNIT         ?PR?_UART1_POLLCHARS?C8051_UART1
            CODE    75C9H     00A7H     UNIT         ?PR?_UART1_PUTCHAR?C8051_UART1
            CODE    7670H     009FH     UNIT         ?PR?BATTERY_CHARGINGCONTROL?PWRS_BATTERY
            CODE    770FH     009CH     UNIT         ?PR?_UART0_PUTCHAR?C8051_UART0
            CODE    77ABH     0093H     UNIT         ?PR?_THERMAL_SETTKOUTPUTSCHEDULED?PWRS_THERMAL
            CODE    783EH     008EH     UNIT         ?PR?_UART0_OPEN?C8051_UART0
            CODE    78CCH     008CH     UNIT         ?C_C51STARTUP
            CODE    7958H     008BH     UNIT         ?PR?_SPI0_GETPUTCHARS?C8051_SPI0
            CODE    79E3H     0087H     UNIT         ?PR?RESET_LOADRAID?PWRS_RESET
            CODE    7A6AH     0085H     UNIT         ?PR?_UART1_OPEN?C8051_UART1
            CODE    7AEFH     0085H     UNIT         ?PR?_CHECKSUM_UPDATE?VELOX_CHECKSUM
            CODE    7B74H     0083H     UNIT         ?PR?_LOAD_SETSINGLEOUTPUTSCHEDULED?PWRS_LOAD
            CODE    7BF7H     0082H     UNIT         ?PR?_TIMER1_INIT?PWRS_TIMER
            CODE    7C79H     007FH     UNIT         ?PR?_MPPT_SETMODE?PWRS_MPPT
            CODE    7CF8H     007DH     UNIT         ?PR?_LOAD_SETSINGLEOUTPUTNOW?PWRS_LOAD
            CODE    7D75H     007DH     UNIT         ?PR?_MCCIF_APPENDCHAR?MCCIF_BUFFER
            CODE    7DF2H     0079H     UNIT         ?PR?_RAID_READCHARS?VELOX_RAID
            CODE    7E6BH     0077H     UNIT         ?PR?CAMERA_GETFRAMEDATA?PWRS_CAMERA
            CODE    7EE2H     0077H     UNIT         ?PR?_I2C_FORMAT4BYTEREPLY?PWRS_I2C
            CODE    7F59H     0077H     UNIT         ?PR?_RAID_WRITECHARS?VELOX_RAID
            CODE    7FD0H     0076H     UNIT         ?PR?_RAID_RESETSCRATCHPAD?VELOX_RAID
            CODE    8046H     0072H     UNIT         ?PR?_UART1_RX_PUSH?XBEE_ATCMD
            CODE    80B8H     0071H     UNIT         ?PR?_CAMERA_COMMANDHANDLER?PWRS_CAMERA
            CODE    8129H     0071H     UNIT         ?PR?_TIMER4_INIT?PWRS_TIMER
            CODE    819AH     006EH     UNIT         ?PR?_EEPROM_READ?C8051_EEPROM
            CODE    8208H     006EH     UNIT         ?PR?ATCMDMODEEXIT?XBEE_ATCMD
            CODE    8276H     006BH     UNIT         ?PR?UART1GET?C8051_UART1_STRING
            CODE    82E1H     006AH     UNIT         ?PR?_UART1GETSTRING?C8051_UART1_STRING
            CODE    834BH     0069H     UNIT         ?PR?_UART1_ADVANCE?C8051_UART1
            CODE    83B4H     0068H     UNIT         ?PR?_ADC0_INIT?C8051_ADC
            CODE    841CH     0068H     UNIT         ?PR?RESET_RAID_COUNTERS?PWRS_RESET
            CODE    8484H     0068H     UNIT         ?PR?_TIMERTASK_INITPERIOD?VELOX_TIMERTASK
            CODE    84ECH     0067H     UNIT         ?PR?_MCCIF_APPENDCHARS?MCCIF_BUFFER
            CODE    8553H     0065H     UNIT         ?PR?_UART0_PUTCHARS?C8051_UART0
            CODE    85B8H     0065H     UNIT         ?PR?_UART1_PUTCHARS?C8051_UART1
            CODE    861DH     005EH     UNIT         ?PR?_UART0_ADVANCE?C8051_UART0
            CODE    867BH     005DH     UNIT         ?PR?_FAULT_SET5VREDUNDANCY?PWRS_FAULT_HANDLING
            CODE    86D8H     005CH     UNIT         ?PR?_LOAD_SETOUTPUTCHANNELS?PWRS_LOAD
            CODE    8734H     005BH     UNIT         ?PR?MCCIF_FLUSH?MCCIF_BUFFER
            CODE    878FH     0059H     UNIT         ?PR?INT_OSCILLATOR_INIT?C8051_OSCILLATOR
BL51 BANKED LINKER/LOCATER V6.22                                                      12/24/2012  13:21:13  PAGE 10


            CODE    87E8H     0059H     UNIT         ?PR?_PCA0_SETCPM?C8051_PCA0
            CODE    8841H     0057H     UNIT         ?PR?_RAID_READ?VELOX_RAID
            CODE    8898H     0056H     UNIT         ?PR?_SPI0_GETPUT?C8051_SPI0
            CODE    88EEH     0055H     UNIT         ?CO?XBEE
            CODE    8943H     0054H     UNIT         ?PR?_XBEEWRITESTRINGPAYLOAD?XBEE_ATCMD
            CODE    8997H     0051H     UNIT         ?PR?_CHECKSUM_ROTATE?VELOX_CHECKSUM
            CODE    89E8H     004FH     UNIT         ?PR?_LM94022_DECODETEMPERATURE?PWRS_CONVERSIONS
            CODE    8A37H     004DH     UNIT         ?PR?TIMER2_ISR?PWRS_MAIN
            CODE    8A84H     004BH     UNIT         ?PR?_TIMERTASK_TIMEUNTILEXECUTION?VELOX_TIMERTASK
            CODE    8ACFH     004BH     UNIT         ?PR?_DELAY_BLOCKMS?VELOX_DELAY
            CODE    8B1AH     004BH     UNIT         ?PR?_TIMER3_INIT?PWRS_TIMER
            CODE    8B65H     0048H     UNIT         ?PR?EEPROM_SPIF?C8051_EEPROM
            CODE    8BADH     0046H     UNIT         ?PR?_PCA0_INIT?C8051_PCA0
            CODE    8BF3H     0045H     UNIT         ?PR?_UART_POLLCHARS?VELOX_UART
            CODE    8C38H     0044H     UNIT         ?PR?_SFR_PUSHPAGE?VELOX_SFRSTACK
            CODE    8C7CH     0044H     UNIT         ?C?LDIV
            CODE    8CC0H     0042H     UNIT         ?PR?_UART_PUTCHARS?VELOX_UART
            CODE    8D02H     0041H     UNIT         ?PR?CAMERA_MAINTAINBUFFERS?PWRS_CAMERA
            CODE    8D43H     0040H     UNIT         ?PR?_SPI0_INIT?C8051_SPI0
            CODE    8D83H     0040H     UNIT         ?PR?_MCCIF_SETBUFFER?MCCIF_BUFFER
            CODE    8DC3H     003FH     UNIT         ?PR?_ADC0_READSHORT?C8051_ADC
            CODE    8E02H     003FH     UNIT         ?PR?_SMBUS_INIT?C8051_SMBUS
            CODE    8E41H     003FH     UNIT         ?PR?HOUSEKEEPING_GETINTERNAL?PWRS_HOUSEKEEPING
            CODE    8E80H     003FH     UNIT         ?PR?_TIMER2_INIT?PWRS_TIMER
            CODE    8EBFH     003BH     UNIT         ?PR?OSCILLATOR_RESETCAUSECHECK?C8051_OSCILLATOR
            CODE    8EFAH     003BH     UNIT         ?PR?_CHECKSUM_PUBLISH?VELOX_CHECKSUM
            CODE    8F35H     0039H     UNIT         ?PR?FAULT_SET5VREDUNDANCYPREPARATION?PWRS_FAULT_HANDLING
            CODE    8F6EH     0039H     UNIT         ?PR?_DELAY_US?C8051_DELAY
            CODE    8FA7H     0038H     UNIT         ?PR?_UART_ADVANCE?VELOX_UART
            CODE    8FDFH     0037H     UNIT         ?PR?_SMBUS_SETRXBUFFER?C8051_SMBUS
            CODE    9016H     0036H     UNIT         ?PR?TIMER3_ISR?C8051_SMBUS
            CODE    904CH     0036H     UNIT         ?PR?_XBEESETPACKETDELAY?XBEE
            CODE    9082H     0036H     UNIT         ?PR?_XBEESETPACKETTIMEOUT?XBEE
            CODE    90B8H     0036H     UNIT         ?PR?_XBEESETNETWORKTIMEOUT?XBEE
            CODE    90EEH     0036H     UNIT         ?PR?_TIMER0_INIT?PWRS_TIMER
            CODE    9124H     0034H     UNIT         ?PR?_PUTCHAR?PWRS_MAIN
            CODE    9158H     0033H     UNIT         ?PR?_SMBUS_SETTXBUFFER?C8051_SMBUS
            CODE    918BH     0030H     UNIT         ?PR?PORT_INIT?PWRS_PORT
            CODE    91BBH     002EH     UNIT         ?PR?UART1_GETRXAVAILABLE?C8051_UART1
            CODE    91E9H     002EH     UNIT         ?PR?_MCCIF_INIT?MCCIF_XDATA
            CODE    9217H     002AH     UNIT         ?PR?THERMAL_UPDATETKSTATUS?PWRS_THERMAL
            CODE    9241H     0029H     UNIT         ?PR?_RESET_OBDH_SCHEDULED?PWRS_RESET
            CODE    926AH     0029H     UNIT         ?PR?_RESET_PWRS_SCHEDULED?PWRS_RESET
            CODE    9293H     0029H     UNIT         ?PR?SFR_POPPAGE?VELOX_SFRSTACK
            CODE    92BCH     0029H     UNIT         ?PR?UART1_CHECK_TX?XBEE_ATCMD
            CODE    92E5H     0028H     UNIT         ?PR?UART1_CLOSE?C8051_UART1
            CODE    930DH     0028H     UNIT         ?PR?_SFR_INIT?VELOX_SFRSTACK
            CODE    9335H     0028H     UNIT         ?CO?PWRS_MAIN
            CODE    935DH     0027H     UNIT         ?PR?UART0_CLOSE?C8051_UART0
            CODE    9384H     0027H     UNIT         ?PR?CAMERA_POLL?PWRS_CAMERA
            CODE    93ABH     0026H     UNIT         ?PR?WATCHDOG_INTERRUPTCALLBACK?VELOX_WATCHDOG
            CODE    93D1H     0025H     UNIT         ?PR?PCA0_CPM_OVERLOADCONFIG?PWRS_MAIN
            CODE    93F6H     0025H     UNIT         ?PR?TIMERTASK_GETCLOCK_OVERRIDE?PWRS_MAIN
            CODE    941BH     0024H     UNIT         ?PR?LOAD_UPDATECHANNELSTATUS?PWRS_LOAD
            CODE    943FH     0024H     UNIT         ?PR?_RAID_INIT?VELOX_RAID
            CODE    9463H     0023H     UNIT         ?PR?UART0_RESETRX?C8051_UART0
            CODE    9486H     0023H     UNIT         ?PR?UART0_GETRXAVAILABLE?C8051_UART0
BL51 BANKED LINKER/LOCATER V6.22                                                      12/24/2012  13:21:13  PAGE 11


            CODE    94A9H     0023H     UNIT         ?PR?RESET_OBDH?PWRS_RESET
            CODE    94CCH     0023H     UNIT         ?PR?_MCUTEMP_MVTOCELSIUS?C8051_MCUTEMP
            CODE    94EFH     0022H     UNIT         ?PR?_WATCHDOG_ADVANCEDINIT?VELOX_WATCHDOG
            CODE    9511H     0021H     UNIT         ?PR?COMPARATOR0_CLOSE?C8051_COMPARATOR
            CODE    9532H     0021H     UNIT         ?PR?COMPARATOR1_CLOSE?C8051_COMPARATOR
            CODE    9553H     001FH     UNIT         ?PR?_BATTERY_SETSOCLIMIT?PWRS_BATTERY
            CODE    9572H     001FH     UNIT         ?PR?ATCMD_INIT?XBEE_ATCMD
            CODE    9591H     001FH     UNIT         ?PR?TIMER0_SETRELOAD?PWRS_TIMER
            CODE    95B0H     001EH     UNIT         ?CO?XBEE_ATCMD
            CODE    95CEH     001BH     UNIT         ?PR?_TIMERTASK_FROMNOW?VELOX_TIMERTASK
            CODE    95E9H     001AH     UNIT         ?PR?OSCILLATOR_GETSYSTEMCLOCK?C8051_OSCILLATOR
            CODE    9603H     0019H     UNIT         ?PR?SMBUS_TEARDOWNRX?C8051_SMBUS
            CODE    961CH     0018H     UNIT         ?PR?EXT_INTERRUPT_INIT?C8051_EXTERN_INT
            CODE    9634H     0017H     UNIT         ?PR?RESET_PWRS_DATA_BACKUP?PWRS_RESET
            CODE    964BH     0017H     UNIT         ?PR?EMIF_INIT?C8051_EEPROM
            CODE    9662H     0015H     UNIT         ?PR?WATCHDOG_CONFIRMALIVE?VELOX_WATCHDOG
            CODE    9677H     0015H     UNIT         ?PR?_STRLEN?STRLEN
            CODE    968CH     0014H     UNIT         ?PR?_SMBUS_SETTXBUFFERUNCONSTRAINED?C8051_SMBUS
            CODE    96A0H     0013H     UNIT         ?PR?WATCHDOG_DISABLE?C8051_WATCHDOG
            CODE    96B3H     0010H     UNIT         ?PR?_RAID_SETSIMULATEFAILURE?VELOX_RAID
            CODE    96C3H     000FH     UNIT         ?PR?RESET_PWRS?PWRS_RESET
            CODE    96D2H     000FH     UNIT         ?PR?CAMERA_ACQUISITIONHANDLER?PWRS_CAMERA
            CODE    96E1H     000EH     UNIT         ?PR?RAID_GETADDRESSLO?VELOX_RAID
            CODE    96EFH     000EH     UNIT         ?PR?RAID_GETADDRESSHI?VELOX_RAID
            CODE    96FDH     000CH     UNIT         ?PR?THERMAL_KNIFE_DISABLE?PWRS_THERMAL
            CODE    9709H     000CH     UNIT         ?PR?THERMAL_HEATER_ENABLE?PWRS_THERMAL
            CODE    9715H     000CH     UNIT         ?PR?THERMAL_HEATER_DISABLE?PWRS_THERMAL
            CODE    9721H     000CH     UNIT         ?PR?TIMERTASK_UPDATECLOCK?VELOX_TIMERTASK
            CODE    972DH     000CH     UNIT         ?PR?SYSTEM_GETT1PRESCALER?SYSTEM_CONFIG
            CODE    9739H     000CH     UNIT         ?PR?SYSTEM_GETCKCON?SYSTEM_CONFIG
            CODE    9745H     000BH     UNIT         ?PR?CAMERE_RESETBUFFER?PWRS_CAMERA
            CODE    9750H     000BH     UNIT         ?PR?MCUTEMP_INCELSIUS?C8051_MCUTEMP
            CODE    975BH     000AH     UNIT         ?PR?WATCHDOG_INIT?C8051_WATCHDOG
            CODE    9765H     000AH     UNIT         ?PR?SMBUS_RXACKNOWLEGDE_OVERRIDE?PWRS_MAIN
            CODE    976FH     0009H     UNIT         ?PR?CAMERA_ACKNOWLEDGE?PWRS_CAMERA
            CODE    9778H     0008H     UNIT         ?CO?PWRS_MUX
            CODE    9780H     0007H     UNIT         ?PR?XBEETIMERRESET?XBEE
            CODE    9787H     0007H     UNIT         ?PR?XBEEPACKETTIMEOUTRESET?XBEE
            CODE    978EH     0007H     UNIT         ?PR?XBEENETWORKTIMEOUTRESET?XBEE
            CODE    9795H     0006H     UNIT         ?PR?OSCILLATOR_GETTYPE?C8051_OSCILLATOR
            CODE    979BH     0006H     UNIT         ?PR?SPI0_FAILURECOUNT?C8051_SPI0
            CODE    97A1H     0004H     UNIT         ?PR?WATCHDOG_RESETTIMER?C8051_WATCHDOG
            CODE    97A5H     0004H     UNIT         ?PR?WATCHDOG_LOCKOUT?C8051_WATCHDOG
            CODE    97A9H     0004H     UNIT         ?PR?CAMERA_BOOT?PWRS_CAMERA
            CODE    97ADH     0004H     UNIT         ?PR?CAMERA_TERMINATE?PWRS_CAMERA



OVERLAY MAP OF MODULE:   pwrs (C8051_ADC)


SEGMENT                                             BIT_GROUP          DATA_GROUP          XDATA_GROUP
  +--> CALLED SEGMENT                            START    LENGTH     START    LENGTH     START    LENGTH
--------------------------------------------------------------------------------------------------------
?PR?SMBUS_ISR?C8051_SMBUS                        -----    -----      -----    -----      -----    -----
  +--> ?PR?SMBUS_RXACKNOWLEGDE_OVERRIDE?PWRS...

BL51 BANKED LINKER/LOCATER V6.22                                                      12/24/2012  13:21:13  PAGE 12


?PR?SMBUS_RXACKNOWLEGDE_OVERRIDE?PWRS...         -----    -----      -----    -----      -----    -----
  +--> ?PR?_TIMERTASK_FROMNOW?VELOX_TIMERTASK

*** NEW ROOT ***************************************************

?PR?TIMER2_ISR?PWRS_MAIN                         -----    -----      -----    -----      -----    -----
  +--> ?PR?WATCHDOG_INTERRUPTCALLBACK?VELOX_...

?PR?WATCHDOG_INTERRUPTCALLBACK?VELOX_...         -----    -----      -----    -----      -----    -----
  +--> ?PR?WATCHDOG_RESETTIMER?C8051_WATCHDOG

*** NEW ROOT ***************************************************

?C_C51STARTUP                                    -----    -----      -----    -----      -----    -----
  +--> ?PR?MAIN?PWRS_MAIN
  +--> ?C_INITSEG

?PR?MAIN?PWRS_MAIN                               -----    -----      -----    -----      -----    -----
  +--> ?PR?WATCHDOG_DISABLE?C8051_WATCHDOG
  +--> ?PR?OSCILLATOR_INIT?C8051_OSCILLATOR
  +--> ?PR?PORT_INIT?PWRS_PORT
  +--> ?PR?_SFR_INIT?VELOX_SFRSTACK
  +--> ?PR?_CHECKSUM_INIT?VELOX_CHECKSUM
  +--> ?PR?_RAID_INIT?VELOX_RAID
  +--> ?PR?OSCILLATOR_GETSYSTEMCLOCK?C8051_O...
  +--> ?PR?SYSTEM_GETCKCON?SYSTEM_CONFIG
  +--> ?PR?_TIMER0_INIT?PWRS_TIMER
  +--> ?PR?SYSTEM_GETT1PRESCALER?SYSTEM_CONFIG
  +--> ?PR?_TIMER1_INIT?PWRS_TIMER
  +--> ?PR?_TIMER2_INIT?PWRS_TIMER
  +--> ?PR?_TIMER3_INIT?PWRS_TIMER
  +--> ?PR?_TIMER4_INIT?PWRS_TIMER
  +--> ?PR?_UART0_OPEN?C8051_UART0
  +--> ?PR?_UART1_OPEN?C8051_UART1
  +--> ?PR?PCA0_CPM_OVERLOADCONFIG?PWRS_MAIN
  +--> ?PR?_PCA0_INIT?C8051_PCA0
  +--> ?PR?EXT_INTERRUPT_INIT?C8051_EXTERN_INT
  +--> ?PR?_ADC0_INIT?C8051_ADC
  +--> ?PR?_SPI0_INIT?C8051_SPI0
  +--> ?PR?_SMBUS_SETRXBUFFER?C8051_SMBUS
  +--> ?PR?_SMBUS_INIT?C8051_SMBUS
  +--> ?PR?COMPARATOR0_CLOSE?C8051_COMPARATOR
  +--> ?PR?COMPARATOR1_CLOSE?C8051_COMPARATOR
  +--> ?PR?_WATCHDOG_ADVANCEDINIT?VELOX_WATC...
  +--> ?PR?TIMERTASK_UPDATECLOCK?VELOX_TIMER...
  +--> ?PR?OSCILLATOR_GETTYPE?C8051_OSCILLATOR
  +--> ?CO?PWRS_MAIN
  +--> ?PR?PRINTF?PRINTF
  +--> ?PR?_MCCIF_SETBUFFER?MCCIF_BUFFER
  +--> ?PR?_MCCIF_INIT?MCCIF_XDATA
  +--> ?PR?WATCHDOG_CONFIRMALIVE?VELOX_WATCHDOG
  +--> ?PR?_TIMERTASK_INITPERIOD?VELOX_TIMER...
  +--> ?PR?_MCCIF_UPLINKXDATA?MCCIF_XDATA
  +--> ?PR?_TIMERTASK_ISREADY?VELOX_TIMERTASK
  +--> ?PR?_MCCIF_DOWNLINKXDATA?MCCIF_XDATA

?PR?OSCILLATOR_INIT?C8051_OSCILLATOR             -----    -----      -----    -----      -----    -----
BL51 BANKED LINKER/LOCATER V6.22                                                      12/24/2012  13:21:13  PAGE 13


  +--> ?PR?OSCILLATOR_RESETCAUSECHECK?C8051_...
  +--> ?PR?OSCILLATOR_ATTEMPTEXTINIT?C8051_O...
  +--> ?PR?INT_OSCILLATOR_INIT?C8051_OSCILLATOR

?PR?PORT_INIT?PWRS_PORT                          -----    -----      -----    -----      -----    -----
  +--> ?PR?_SFR_PUSHPAGE?VELOX_SFRSTACK
  +--> ?PR?SFR_POPPAGE?VELOX_SFRSTACK

?PR?_RAID_INIT?VELOX_RAID                        -----    -----      -----    -----      -----    -----
  +--> ?PR?EMIF_INIT?C8051_EEPROM
  +--> ?PR?_RAID_RESETSCRATCHPAD?VELOX_RAID

?PR?_RAID_RESETSCRATCHPAD?VELOX_RAID             -----    -----      -----    -----      -----    -----
  +--> ?PR?_FLASH_BYTEREAD?C8051_SCRATCHPAD
  +--> ?PR?_FLASH_PAGEERASE?C8051_SCRATCHPAD
  +--> ?PR?_FLASH_BYTEWRITE?C8051_SCRATCHPAD

?PR?SYSTEM_GETCKCON?SYSTEM_CONFIG                -----    -----      -----    -----      -----    -----
  +--> ?PR?OSCILLATOR_GETTYPE?C8051_OSCILLATOR

?PR?_TIMER0_INIT?PWRS_TIMER                      -----    -----      -----    -----      -----    -----
  +--> ?PR?TIMER0_SETRELOAD?PWRS_TIMER

?PR?SYSTEM_GETT1PRESCALER?SYSTEM_CONFIG          -----    -----      -----    -----      -----    -----
  +--> ?PR?OSCILLATOR_GETTYPE?C8051_OSCILLATOR

?PR?_UART0_OPEN?C8051_UART0                      -----    -----      -----    -----      -----    -----
  +--> ?PR?_UART0_PUTCHARS?C8051_UART0
  +--> ?PR?_UART0_POLLCHARS?C8051_UART0
  +--> ?PR?_UART0_ADVANCE?C8051_UART0
  +--> ?PR?UART0_CLOSE?C8051_UART0
  +--> ?PR?UART0_RESETRX?C8051_UART0

?PR?_UART0_PUTCHARS?C8051_UART0                  -----    -----      -----    -----      -----    -----
  +--> ?PR?_UART0_PUTCHAR?C8051_UART0

?PR?_UART0_POLLCHARS?C8051_UART0                 -----    -----      -----    -----      -----    -----
  +--> ?PR?UART0_GETRXAVAILABLE?C8051_UART0

?PR?_UART1_OPEN?C8051_UART1                      -----    -----      -----    -----      -----    -----
  +--> ?PR?_UART1_PUTCHARS?C8051_UART1
  +--> ?PR?_UART1_POLLCHARS?C8051_UART1
  +--> ?PR?_UART1_ADVANCE?C8051_UART1
  +--> ?PR?UART1_CLOSE?C8051_UART1

?PR?_UART1_PUTCHARS?C8051_UART1                  -----    -----      -----    -----      -----    -----
  +--> ?PR?_UART1_PUTCHAR?C8051_UART1

?PR?_UART1_POLLCHARS?C8051_UART1                 -----    -----      -----    -----      -----    -----
  +--> ?PR?UART1_GETRXAVAILABLE?C8051_UART1

?PR?PCA0_CPM_OVERLOADCONFIG?PWRS_MAIN            -----    -----      -----    -----      -----    -----
  +--> ?PR?_PCA0_SETCPM?C8051_PCA0
  +--> ?PR?THERMAL_KNIFE_DISABLE?PWRS_THERMAL
  +--> ?PR?THERMAL_HEATER_DISABLE?PWRS_THERMAL

?PR?THERMAL_KNIFE_DISABLE?PWRS_THERMAL           -----    -----      -----    -----      -----    -----
BL51 BANKED LINKER/LOCATER V6.22                                                      12/24/2012  13:21:13  PAGE 14


  +--> ?PR?_SFR_PUSHPAGE?VELOX_SFRSTACK
  +--> ?PR?SFR_POPPAGE?VELOX_SFRSTACK

?PR?THERMAL_HEATER_DISABLE?PWRS_THERMAL          -----    -----      -----    -----      -----    -----
  +--> ?PR?_SFR_PUSHPAGE?VELOX_SFRSTACK
  +--> ?PR?SFR_POPPAGE?VELOX_SFRSTACK

?PR?COMPARATOR0_CLOSE?C8051_COMPARATOR           -----    -----      -----    -----      -----    -----
  +--> ?PR?_DELAY_US?C8051_DELAY

?PR?COMPARATOR1_CLOSE?C8051_COMPARATOR           -----    -----      -----    -----      -----    -----
  +--> ?PR?_DELAY_US?C8051_DELAY

?PR?_WATCHDOG_ADVANCEDINIT?VELOX_WATC...         -----    -----      -----    -----      -----    -----
  +--> ?PR?WATCHDOG_CONFIRMALIVE?VELOX_WATCHDOG
  +--> ?PR?WATCHDOG_INIT?C8051_WATCHDOG
  +--> ?PR?WATCHDOG_LOCKOUT?C8051_WATCHDOG

?PR?TIMERTASK_UPDATECLOCK?VELOX_TIMER...         -----    -----      -----    -----      -----    -----
  +--> ?PR?TIMERTASK_GETCLOCK_OVERRIDE?PWRS_...

?PR?PRINTF?PRINTF                                0020H.0  0001H.1    000EH    0005H      12A0H    0030H
  +--> ?PR?_PUTCHAR?PWRS_MAIN

?PR?_PUTCHAR?PWRS_MAIN                           -----    -----      -----    -----      -----    -----
  +--> ?PR?_UART_PUTCHARS?VELOX_UART
  +--> ?PR?_MCCIF_APPENDCHAR?MCCIF_BUFFER

?PR?_UART_PUTCHARS?VELOX_UART                    -----    -----      -----    -----      -----    -----
  +--> ?PR?_UART0_PUTCHARS?C8051_UART0
  +--> ?PR?_UART1_PUTCHARS?C8051_UART1

?PR?_MCCIF_APPENDCHAR?MCCIF_BUFFER               -----    -----      -----    -----      -----    -----
  +--> ?PR?MCCIF_FLUSH?MCCIF_BUFFER

?PR?MCCIF_FLUSH?MCCIF_BUFFER                     -----    -----      -----    -----      -----    -----
  +--> ?PR?_MCCIF_DOWNLINKSTREAM?MCCIF_STREAM

?PR?_MCCIF_DOWNLINKSTREAM?MCCIF_STREAM           -----    -----      -----    -----      -----    -----
  +--> ?PR?_CHECKSUM_UPDATE?VELOX_CHECKSUM
  +--> ?PR?_UART_PUTCHARS?VELOX_UART
  +--> ?PR?_CHECKSUM_PUBLISH?VELOX_CHECKSUM

?PR?_CHECKSUM_UPDATE?VELOX_CHECKSUM              -----    -----      -----    -----      -----    -----
  +--> ?PR?_CHECKSUM_ROTATE?VELOX_CHECKSUM

?PR?_CHECKSUM_PUBLISH?VELOX_CHECKSUM             -----    -----      -----    -----      -----    -----
  +--> ?PR?_CHECKSUM_ROTATE?VELOX_CHECKSUM

?PR?_MCCIF_UPLINKXDATA?MCCIF_XDATA               -----    -----      -----    -----      -----    -----
  +--> ?PR?_UART_POLLCHARS?VELOX_UART
  +--> ?PR?_CHECKSUM_ISVALID?VELOX_CHECKSUM
  +--> ?PR?_UART_ADVANCE?VELOX_UART

?PR?_UART_POLLCHARS?VELOX_UART                   -----    -----      -----    -----      -----    -----
  +--> ?PR?_UART0_POLLCHARS?C8051_UART0
  +--> ?PR?_UART1_POLLCHARS?C8051_UART1
BL51 BANKED LINKER/LOCATER V6.22                                                      12/24/2012  13:21:13  PAGE 15



?PR?_CHECKSUM_ISVALID?VELOX_CHECKSUM             -----    -----      -----    -----      -----    -----
  +--> ?PR?_CHECKSUM_UPDATE?VELOX_CHECKSUM
  +--> ?PR?_CHECKSUM_PUBLISH?VELOX_CHECKSUM

?PR?_UART_ADVANCE?VELOX_UART                     -----    -----      -----    -----      -----    -----
  +--> ?PR?_UART0_ADVANCE?C8051_UART0
  +--> ?PR?_UART1_ADVANCE?C8051_UART1

?PR?_MCCIF_DOWNLINKXDATA?MCCIF_XDATA             -----    -----      -----    -----      -----    -----
  +--> ?PR?_CHECKSUM_UPDATE?VELOX_CHECKSUM
  +--> ?PR?_UART_PUTCHARS?VELOX_UART
  +--> ?PR?_CHECKSUM_PUBLISH?VELOX_CHECKSUM



SYMBOL TABLE OF MODULE:  pwrs (C8051_ADC)

  VALUE           TYPE          NAME
  ----------------------------------

  -------         MODULE        C8051_ADC
  C:0000H         SYMBOL        _ICE_DUMMY_
  C:716BH         PUBLIC        _ADC0_getAverage_mV
  D:00BCH         PUBLIC        ADC0CF
  D:00E8H         PUBLIC        ADC0CN
  D:0084H         PUBLIC        SFRPAGE
  C:8DC3H         PUBLIC        _ADC0_readShort
  C:83B4H         PUBLIC        _ADC0_init
  D:00D1H         PUBLIC        REF0CN
  D:00BAH         PUBLIC        AMX0CF
  B:00E8H.5       PUBLIC        AD0INT
  D:00BBH         PUBLIC        AMX0SL
  B:00E8H.7       PUBLIC        AD0EN
  D:00BEH         PUBLIC        ADC0
  X:0283H         PUBLIC        vref_mv
  B:00E8H.4       PUBLIC        AD0BUSY
  -------         PROC          _ADC0_INIT
  X:09C5H         SYMBOL        sys_clk
  X:09C9H         SYMBOL        p_vref_mv
  -------         DO            
  X:09CBH         SYMBOL        SFRPAGE_SAVE
  -------         ENDDO         
  C:83B4H         LINE#         17
  C:83BAH         LINE#         18
  C:83C0H         LINE#         19
  C:83C3H         LINE#         21
  C:83C6H         LINE#         23
  C:83C9H         LINE#         25
  C:83CCH         LINE#         27
  C:83CFH         LINE#         30
  C:8402H         LINE#         34
  C:8404H         LINE#         35
  C:840BH         LINE#         36
  C:841BH         LINE#         37
  -------         ENDPROC       _ADC0_INIT
  -------         PROC          _ADC0_READSHORT
BL51 BANKED LINKER/LOCATER V6.22                                                      12/24/2012  13:21:13  PAGE 16


  X:001BH         SYMBOL        channel
  -------         DO            
  X:001CH         SYMBOL        SFRPAGE_SAVE
  X:001DH         SYMBOL        l_s_value
  -------         ENDDO         
  C:8DC3H         LINE#         41
  C:8DC8H         LINE#         42
  C:8DCEH         LINE#         45
  C:8DD1H         LINE#         47
  C:8DD8H         LINE#         48
  C:8DDFH         LINE#         50
  C:8DE1H         LINE#         52
  C:8DE3H         LINE#         54
  C:8DE6H         LINE#         55
  C:8DE6H         LINE#         57
  C:8DF0H         LINE#         59
  C:8DF2H         LINE#         61
  C:8DF9H         LINE#         62
  C:8E01H         LINE#         63
  -------         ENDPROC       _ADC0_READSHORT
  -------         PROC          _ADC0_GETAVERAGE_MV
  X:0A02H         SYMBOL        channel
  X:0A03H         SYMBOL        no_of_samples
  -------         DO            
  X:0A04H         SYMBOL        c0
  X:0A05H         SYMBOL        sum
  -------         ENDDO         
  C:716BH         LINE#         67
  C:7175H         LINE#         69
  C:717FH         LINE#         70
  C:7189H         LINE#         71
  C:719DH         LINE#         72
  C:71D6H         LINE#         74
  C:722EH         LINE#         75
  -------         ENDPROC       _ADC0_GETAVERAGE_MV
  -------         ENDMOD        C8051_ADC

  -------         MODULE        C8051_COMPARATOR
  C:0000H         SYMBOL        _ICE_DUMMY_
  D:00E6H         PUBLIC        EIE1
  D:0084H         PUBLIC        SFRPAGE
  D:0089H         PUBLIC        CPT0MD
  D:0088H         PUBLIC        CPT0CN
  D:0089H         PUBLIC        CPT1MD
  D:0088H         PUBLIC        CPT1CN
  C:9511H         PUBLIC        Comparator0_close
  C:9532H         PUBLIC        Comparator1_close
  -------         PROC          COMPARATOR0_CLOSE
  -------         DO            
  X:020BH         SYMBOL        SFRPAGE_SAVE
  -------         ENDDO         
  C:9511H         LINE#         7
  C:9511H         LINE#         8
  C:9517H         LINE#         9
  C:951AH         LINE#         33
  C:951DH         LINE#         34
  C:9524H         LINE#         48
BL51 BANKED LINKER/LOCATER V6.22                                                      12/24/2012  13:21:13  PAGE 17


  C:9527H         LINE#         49
  C:952AH         LINE#         50
  C:9531H         LINE#         51
  -------         ENDPROC       COMPARATOR0_CLOSE
  -------         PROC          COMPARATOR1_CLOSE
  -------         DO            
  X:09C3H         SYMBOL        SFRPAGE_SAVE
  -------         ENDDO         
  C:9532H         LINE#         53
  C:9532H         LINE#         54
  C:9538H         LINE#         55
  C:953BH         LINE#         81
  C:953EH         LINE#         82
  C:9545H         LINE#         95
  C:9548H         LINE#         96
  C:954BH         LINE#         97
  C:9552H         LINE#         98
  -------         ENDPROC       COMPARATOR1_CLOSE
  -------         ENDMOD        C8051_COMPARATOR

  -------         MODULE        C8051_EXTERN_INT
  C:0000H         SYMBOL        _ICE_DUMMY_
  D:0084H         PUBLIC        SFRPAGE
  D:0088H         PUBLIC        TCON
  B:00A8H.0       PUBLIC        EX0
  B:00A8H.2       PUBLIC        EX1
  C:961CH         PUBLIC        Ext_Interrupt_Init
  -------         PROC          EXT_INTERRUPT_INIT
  -------         DO            
  X:09CCH         SYMBOL        SFRPAGE_SAVE
  -------         ENDDO         
  C:961CH         LINE#         7
  C:961CH         LINE#         8
  C:9622H         LINE#         9
  C:9625H         LINE#         55
  C:9628H         LINE#         58
  C:962AH         LINE#         62
  C:962CH         LINE#         65
  C:9633H         LINE#         66
  -------         ENDPROC       EXT_INTERRUPT_INIT
  -------         ENDMOD        C8051_EXTERN_INT

  -------         MODULE        C8051_OSCILLATOR
  C:0000H         SYMBOL        _ICE_DUMMY_
  C:8EBFH         PUBLIC        Oscillator_resetCauseCheck
  D:008FH         PUBLIC        PLL0FLT
  D:008EH         PUBLIC        PLL0MUL
  D:0084H         PUBLIC        SFRPAGE
  D:00A1H         PUBLIC        CCH0CN
  C:878FH         PUBLIC        Int_Oscillator_Init
  D:0089H         PUBLIC        PLL0CN
  C:0003H         PUBLIC        Oscillator_init
  C:95E9H         PUBLIC        Oscillator_getSystemClock
  D:0097H         PUBLIC        CLKSEL
  D:008AH         PUBLIC        OSCICN
  D:008CH         PUBLIC        OSCXCN
  C:6D55H         PUBLIC        Oscillator_attemptExtInit
BL51 BANKED LINKER/LOCATER V6.22                                                      12/24/2012  13:21:13  PAGE 18


  D:00EFH         PUBLIC        RSTSRC
  X:0A09H         PUBLIC        oscillator_type
  C:9795H         PUBLIC        Oscillator_getType
  D:00B7H         PUBLIC        FLSCL
  D:008DH         PUBLIC        PLL0DIV
  -------         PROC          OSCILLATOR_RESETCAUSECHECK
  -------         DO            
  X:0292H         SYMBOL        SFRPAGE_SAVE
  X:0293H         SYMBOL        l_uc_reset_source
  -------         ENDDO         
  C:8EBFH         LINE#         232
  C:8EBFH         LINE#         233
  C:8EC5H         LINE#         239
  C:8EC8H         LINE#         244
  C:8ECBH         LINE#         250
  C:8ED0H         LINE#         253
  C:8ED6H         LINE#         256
  C:8EEAH         LINE#         257
  C:8EF3H         LINE#         259
  C:8EF9H         LINE#         260
  C:8EF9H         LINE#         261
  C:8EF9H         LINE#         262
  -------         ENDPROC       OSCILLATOR_RESETCAUSECHECK
  -------         PROC          OSCILLATOR_ATTEMPTEXTINIT
  -------         DO            
  X:025BH         SYMBOL        SFRPAGE_SAVE
  X:025CH         SYMBOL        l_c_OSC_stable
  X:025DH         SYMBOL        l_us_i
  -------         ENDDO         
  C:6D55H         LINE#         264
  C:6D55H         LINE#         265
  C:6D5BH         LINE#         268
  C:6D5EH         LINE#         299
  C:6D61H         LINE#         300
  C:6D64H         LINE#         303
  C:6D7DH         LINE#         304
  C:6D7EH         LINE#         305
  C:6D8AH         LINE#         308
  C:6DA3H         LINE#         309
  C:6DADH         LINE#         311
  C:6DB5H         LINE#         312
  C:6DBFH         LINE#         313
  C:6DBFH         LINE#         314
  C:6DCBH         LINE#         319
  C:6DD3H         LINE#         341
  C:6DD6H         LINE#         344
  C:6DD9H         LINE#         391
  C:6DDCH         LINE#         394
  C:6DDFH         LINE#         395
  C:6DE2H         LINE#         397
  C:6DE5H         LINE#         399
  C:6DE8H         LINE#         428
  C:6DEBH         LINE#         432
  C:6DEEH         LINE#         435
  C:6DF1H         LINE#         438
  C:6DF4H         LINE#         441
  C:6E19H         LINE#         445
BL51 BANKED LINKER/LOCATER V6.22                                                      12/24/2012  13:21:13  PAGE 19


  C:6E1CH         LINE#         448
  C:6E21H         LINE#         452
  C:6E24H         LINE#         453
  C:6E26H         LINE#         454
  C:6E2DH         LINE#         455
  C:6E30H         LINE#         456
  C:6E30H         LINE#         457
  C:6E37H         LINE#         458
  C:6E39H         LINE#         459
  -------         ENDPROC       OSCILLATOR_ATTEMPTEXTINIT
  -------         PROC          INT_OSCILLATOR_INIT
  -------         DO            
  X:150CH         SYMBOL        SFRPAGE_SAVE
  X:150DH         SYMBOL        l_us_i
  -------         ENDDO         
  C:878FH         LINE#         461
  C:878FH         LINE#         462
  C:8795H         LINE#         464
  C:8798H         LINE#         490
  C:879BH         LINE#         519
  C:879EH         LINE#         521
  C:87A1H         LINE#         524
  C:87A4H         LINE#         526
  C:87A7H         LINE#         529
  C:87AAH         LINE#         532
  C:87ADH         LINE#         535
  C:87B0H         LINE#         538
  C:87B3H         LINE#         541
  C:87D5H         LINE#         545
  C:87D8H         LINE#         548
  C:87DDH         LINE#         552
  C:87E0H         LINE#         554
  C:87E7H         LINE#         555
  -------         ENDPROC       INT_OSCILLATOR_INIT
  -------         PROC          OSCILLATOR_INIT
  C:0003H         LINE#         557
  C:0003H         LINE#         558
  C:0006H         LINE#         559
  C:000EH         LINE#         560
  C:0016H         LINE#         562
  C:001FH         LINE#         563
  C:0022H         LINE#         564
  -------         ENDPROC       OSCILLATOR_INIT
  -------         PROC          OSCILLATOR_GETTYPE
  C:9795H         LINE#         566
  C:9795H         LINE#         567
  C:979AH         LINE#         568
  -------         ENDPROC       OSCILLATOR_GETTYPE
  -------         PROC          OSCILLATOR_GETSYSTEMCLOCK
  C:95E9H         LINE#         570
  C:95E9H         LINE#         571
  C:95F1H         LINE#         572
  C:95FAH         LINE#         573
  C:9602H         LINE#         574
  -------         ENDPROC       OSCILLATOR_GETSYSTEMCLOCK
  -------         ENDMOD        C8051_OSCILLATOR

BL51 BANKED LINKER/LOCATER V6.22                                                      12/24/2012  13:21:13  PAGE 20


  -------         MODULE        C8051_SMBUS
  C:0000H         SYMBOL        _ICE_DUMMY_
  D:0080H         PUBLIC        P0
  X:1334H         PUBLIC        SMBus_txLength
  B:00C0H.2       PUBLIC        AA
  D:00E6H         PUBLIC        EIE1
  B:00A8H.7       PUBLIC        EA
  C:9016H         PUBLIC        Timer3_ISR
  D:0084H         PUBLIC        SFRPAGE
  C:968CH         PUBLIC        _SMBus_setTxBufferUnconstrained
  C:60CDH         PUBLIC        SMBus_ISR
  B:00C0H.3       PUBLIC        SI
  X:1336H         PUBLIC        SMBus_rxCount
  C:8FDFH         PUBLIC        _SMBus_setRxBuffer
  D:00C0H         PUBLIC        SMB0CN
  X:1338H         PUBLIC        SMBus_txCount
  X:133AH         PUBLIC        SMBus_rxLengthMax
  C:9158H         PUBLIC        _SMBus_setTxBuffer
  D:00CFH         PUBLIC        SMB0CR
  C:9603H         PUBLIC        SMBus_tearDownRx
  B:00C8H.7       PUBLIC        TF3
  X:133CH         PUBLIC        SMBus_rxIsDone
  C:8E02H         PUBLIC        _SMBus_init
  B:00C0H.5       PUBLIC        STA
  X:133DH         PUBLIC        SMBus_timer3Counter
  D:00C3H         PUBLIC        SMB0ADR
  D:00C2H         PUBLIC        SMB0DAT
  X:133EH         PUBLIC        SMBus_rxBuffer
  B:00C0H.4       PUBLIC        STO
  X:1341H         PUBLIC        SMBus_txBuffer
  D:00C1H         PUBLIC        SMB0STA
  -------         PROC          _SMBUS_SETRXBUFFER
  X:14A5H         SYMBOL        buffer
  X:14A8H         SYMBOL        length
  -------         DO            
  B:0021H.7       SYMBOL        EA_SAVE
  -------         ENDDO         
  C:8FDFH         LINE#         20
  C:8FEDH         LINE#         21
  C:8FF1H         LINE#         22
  C:8FF3H         LINE#         23
  C:8FF5H         LINE#         24
  C:9001H         LINE#         25
  C:9011H         LINE#         26
  C:9015H         LINE#         27
  -------         ENDPROC       _SMBUS_SETRXBUFFER
  -------         PROC          _SMBUS_SETTXBUFFER
  X:14AAH         SYMBOL        buffer
  X:14ADH         SYMBOL        length
  C:9158H         LINE#         33
  C:9166H         LINE#         34
  C:9172H         LINE#         35
  C:9182H         LINE#         36
  C:918AH         LINE#         37
  -------         ENDPROC       _SMBUS_SETTXBUFFER
  -------         PROC          _SMBUS_SETTXBUFFERUNCONSTRAINED
  X:150FH         SYMBOL        buffer
BL51 BANKED LINKER/LOCATER V6.22                                                      12/24/2012  13:21:13  PAGE 21


  C:968CH         LINE#         40
  C:9692H         LINE#         41
  C:969FH         LINE#         42
  -------         ENDPROC       _SMBUS_SETTXBUFFERUNCONSTRAINED
  -------         PROC          _SMBUS_INIT
  X:01ECH         SYMBOL        slave_address
  X:01EDH         SYMBOL        sys_clk
  -------         DO            
  X:01F1H         SYMBOL        SFRPAGE_SAVE
  -------         ENDDO         
  C:8E02H         LINE#         56
  C:8E07H         LINE#         57
  C:8E0DH         LINE#         58
  C:8E10H         LINE#         105
  C:8E13H         LINE#         108
  C:8E2AH         LINE#         111
  C:8E31H         LINE#         114
  C:8E34H         LINE#         117
  C:8E37H         LINE#         121
  C:8E39H         LINE#         122
  C:8E40H         LINE#         123
  -------         ENDPROC       _SMBUS_INIT
  -------         PROC          SMBUS_ISR
  -------         DO            
  X:0A13H         SYMBOL        l_c_msg
  -------         ENDDO         
  C:60CDH         LINE#         125
  C:60EAH         LINE#         130
  C:6121H         LINE#         136
  C:6121H         LINE#         139
  C:6121H         LINE#         141
  C:6129H         LINE#         142
  C:612CH         LINE#         143
  C:612FH         LINE#         148
  C:612FH         LINE#         153
  C:612FH         LINE#         154
  C:6135H         LINE#         155
  C:6152H         LINE#         156
  C:616DH         LINE#         157
  C:6177H         LINE#         158
  C:6179H         LINE#         159
  C:617BH         LINE#         164
  C:617BH         LINE#         169
  C:617BH         LINE#         170
  C:617DH         LINE#         171
  C:617FH         LINE#         175
  C:617FH         LINE#         176
  C:6185H         LINE#         177
  C:6187H         LINE#         182
  C:6187H         LINE#         185
  C:6187H         LINE#         187
  C:61A4H         LINE#         188
  C:61BCH         LINE#         189
  C:61C6H         LINE#         190
  C:61C8H         LINE#         192
  C:61CBH         LINE#         193
  C:61CBH         LINE#         195
BL51 BANKED LINKER/LOCATER V6.22                                                      12/24/2012  13:21:13  PAGE 22


  C:61CDH         LINE#         198
  C:61CDH         LINE#         200
  C:61CFH         LINE#         203
  C:61CFH         LINE#         205
  C:61D1H         LINE#         210
  C:61D1H         LINE#         215
  C:61D1H         LINE#         221
  C:61D1H         LINE#         222
  C:61D3H         LINE#         223
  C:61D5H         LINE#         228
  C:61D5H         LINE#         229
  C:61D7H         LINE#         232
  C:61D7H         LINE#         234
  C:61DAH         LINE#         235
  C:61DDH         LINE#         236
  C:61DFH         LINE#         237
  C:61E1H         LINE#         238
  C:61E3H         LINE#         239
  C:61E3H         LINE#         240
  C:61E3H         LINE#         242
  C:61E5H         LINE#         243
  -------         ENDPROC       SMBUS_ISR
  -------         PROC          SMBUS_TEARDOWNRX
  C:9603H         LINE#         246
  C:9603H         LINE#         247
  C:960BH         LINE#         248
  C:9610H         LINE#         249
  C:9619H         LINE#         250
  C:9619H         LINE#         251
  C:961BH         LINE#         252
  -------         ENDPROC       SMBUS_TEARDOWNRX
  -------         PROC          TIMER3_ISR
  -------         DO            
  X:1564H         SYMBOL        SFRPAGE_SAVE
  -------         ENDDO         
  C:9016H         LINE#         257
  C:9023H         LINE#         258
  C:9029H         LINE#         259
  C:902CH         LINE#         260
  C:902FH         LINE#         261
  C:9032H         LINE#         262
  C:9039H         LINE#         264
  C:903FH         LINE#         265
  C:9041H         LINE#         266
  -------         ENDPROC       TIMER3_ISR
  -------         ENDMOD        C8051_SMBUS

  -------         MODULE        C8051_SPI0
  C:0000H         SYMBOL        _ICE_DUMMY_
  D:009DH         PUBLIC        SPI0CKR
  X:1515H         PUBLIC        SPI0_timeout
  D:0084H         PUBLIC        SFRPAGE
  D:00F8H         PUBLIC        SPI0CN
  B:00F8H.7       PUBLIC        SPIF
  C:8D43H         PUBLIC        _SPI0_init
  X:1517H         PUBLIC        SPI0_failures
  D:009AH         PUBLIC        SPI0CFG
BL51 BANKED LINKER/LOCATER V6.22                                                      12/24/2012  13:21:13  PAGE 23


  C:7958H         PUBLIC        _SPI0_getPutChars
  C:979BH         PUBLIC        SPI0_failureCount
  D:009BH         PUBLIC        SPI0DAT
  C:8898H         PUBLIC        _SPI0_getPut
  -------         PROC          _SPI0_INIT
  X:0A0CH         SYMBOL        sys_clk
  X:0A10H         SYMBOL        p_timeout
  -------         DO            
  X:0A12H         SYMBOL        SFRPAGE_SAVE
  -------         ENDDO         
  C:8D43H         LINE#         14
  C:8D49H         LINE#         15
  C:8D4FH         LINE#         16
  C:8D52H         LINE#         17
  C:8D55H         LINE#         18
  C:8D58H         LINE#         23
  C:8D6BH         LINE#         24
  C:8D72H         LINE#         25
  C:8D82H         LINE#         26
  -------         ENDPROC       _SPI0_INIT
  -------         PROC          SPI0_FAILURECOUNT
  C:979BH         LINE#         28
  C:979BH         LINE#         29
  C:97A0H         LINE#         30
  -------         ENDPROC       SPI0_FAILURECOUNT
  -------         PROC          _SPI0_GETPUT
  X:1512H         SYMBOL        value
  -------         DO            
  X:1513H         SYMBOL        delay
  -------         ENDDO         
  C:8898H         LINE#         33
  C:889DH         LINE#         34
  C:88A5H         LINE#         36
  C:88ACH         LINE#         37
  C:88AFH         LINE#         38
  C:88D1H         LINE#         39
  C:88D5H         LINE#         40
  C:88DBH         LINE#         41
  C:88E6H         LINE#         42
  C:88E8H         LINE#         43
  C:88EDH         LINE#         44
  -------         ENDPROC       _SPI0_GETPUT
  -------         PROC          _SPI0_GETPUTCHARS
  X:13C9H         SYMBOL        ptr
  X:13CCH         SYMBOL        length
  -------         DO            
  X:13CEH         SYMBOL        count
  X:13D0H         SYMBOL        message
  X:13D3H         SYMBOL        SFRPAGE_SAVE
  -------         ENDDO         
  C:7958H         LINE#         47
  C:7966H         LINE#         49
  C:7972H         LINE#         50
  C:7978H         LINE#         51
  C:797BH         LINE#         52
  C:79A0H         LINE#         53
  C:79DBH         LINE#         54
BL51 BANKED LINKER/LOCATER V6.22                                                      12/24/2012  13:21:13  PAGE 24


  C:79E2H         LINE#         55
  -------         ENDPROC       _SPI0_GETPUTCHARS
  -------         ENDMOD        C8051_SPI0

  -------         MODULE        C8051_UART0
  C:0000H         SYMBOL        _ICE_DUMMY_
  C:783EH         PUBLIC        _UART0_open
  D:0084H         PUBLIC        SFRPAGE
  C:8553H         PUBLIC        _UART0_putChars
  C:861DH         PUBLIC        _UART0_advance
  C:770FH         PUBLIC        _UART0_putChar
  X:05C5H         PUBLIC        UART0_rx
  X:05C8H         PUBLIC        UART0_tx
  C:6890H         PUBLIC        UART0_ISR
  C:9463H         PUBLIC        UART0_resetRx
  X:05CBH         PUBLIC        UART0_rx_available
  X:05CDH         PUBLIC        UART0_rx_main
  X:05CFH         PUBLIC        UART0_tx_available
  X:05D1H         PUBLIC        UART0_tx_main
  B:00A8H.4       PUBLIC        ES0
  X:05D3H         PUBLIC        UART0_tx_error
  B:0098H.0       PUBLIC        RI0
  B:0098H.1       PUBLIC        TI0
  X:05D4H         PUBLIC        UART0_rx_size
  X:05D6H         PUBLIC        UART0_rx_uart
  X:05D8H         PUBLIC        UART0_tx_size
  X:05DAH         PUBLIC        UART0_tx_uart
  D:0099H         PUBLIC        SBUF0
  C:9486H         PUBLIC        UART0_getRxAvailable
  D:0098H         PUBLIC        SCON0
  C:935DH         PUBLIC        UART0_close
  D:0091H         PUBLIC        SSTA0
  C:746DH         PUBLIC        _UART0_pollChars
  -------         PROC          UART0_RESETRX
  -------         DO            
  B:0022H.0       SYMBOL        ES0_SAVE
  -------         ENDDO         
  C:9463H         LINE#         27
  C:9463H         LINE#         28
  C:9467H         LINE#         29
  C:9469H         LINE#         30
  C:9471H         LINE#         31
  C:9479H         LINE#         32
  C:9481H         LINE#         33
  C:9485H         LINE#         34
  -------         ENDPROC       UART0_RESETRX
  -------         PROC          _UART0_OPEN
  X:1380H         SYMBOL        rx_buffer
  X:1383H         SYMBOL        rx_size
  X:1385H         SYMBOL        tx_buffer
  X:1388H         SYMBOL        tx_size
  X:138AH         SYMBOL        p_uc_SSTA0
  -------         DO            
  X:138BH         SYMBOL        SFRPAGE_SAVE
  X:138CH         SYMBOL        dummy
  -------         ENDDO         
  C:783EH         LINE#         36
BL51 BANKED LINKER/LOCATER V6.22                                                      12/24/2012  13:21:13  PAGE 25


  C:784CH         LINE#         37
  C:7852H         LINE#         39
  C:785EH         LINE#         40
  C:786EH         LINE#         41
  C:787AH         LINE#         42
  C:788AH         LINE#         43
  C:7897H         LINE#         44
  C:78A4H         LINE#         45
  C:78ABH         LINE#         46
  C:78AEH         LINE#         47
  C:78B1H         LINE#         49
  C:78B4H         LINE#         56
  C:78B7H         LINE#         65
  C:78BEH         LINE#         67
  C:78C0H         LINE#         68
  C:78C2H         LINE#         69
  C:78C4H         LINE#         70
  C:78CBH         LINE#         71
  -------         ENDPROC       _UART0_OPEN
  -------         PROC          UART0_CLOSE
  -------         DO            
  X:1565H         SYMBOL        SFRPAGE_SAVE
  -------         ENDDO         
  C:935DH         LINE#         73
  C:935DH         LINE#         74
  C:9363H         LINE#         75
  C:9366H         LINE#         76
  C:9368H         LINE#         77
  C:936AH         LINE#         78
  C:936CH         LINE#         79
  C:9374H         LINE#         80
  C:937CH         LINE#         81
  C:9383H         LINE#         82
  -------         ENDPROC       UART0_CLOSE
  -------         PROC          UART0_GETRXAVAILABLE
  -------         DO            
  X:07CEH         SYMBOL        value
  B:0022H.1       SYMBOL        ES0_SAVE
  -------         ENDDO         
  C:9486H         LINE#         84
  C:9486H         LINE#         86
  C:948AH         LINE#         87
  C:948CH         LINE#         88
  C:949CH         LINE#         89
  C:94A0H         LINE#         90
  C:94A8H         LINE#         91
  -------         ENDPROC       UART0_GETRXAVAILABLE
  -------         PROC          _UART0_POLLCHARS
  X:13F5H         SYMBOL        ptr
  X:13F8H         SYMBOL        length
  -------         DO            
  X:13FAH         SYMBOL        message
  X:13FDH         SYMBOL        count
  -------         ENDDO         
  C:746DH         LINE#         94
  C:747BH         LINE#         95
  C:7487H         LINE#         97
BL51 BANKED LINKER/LOCATER V6.22                                                      12/24/2012  13:21:13  PAGE 26


  C:749FH         LINE#         98
  C:74C4H         LINE#         99
  C:7515H         LINE#         100
  C:7518H         LINE#         101
  C:7518H         LINE#         102
  C:751AH         LINE#         103
  -------         ENDPROC       _UART0_POLLCHARS
  -------         PROC          _UART0_ADVANCE
  X:153CH         SYMBOL        length
  -------         DO            
  B:0022H.2       SYMBOL        ES0_SAVE
  -------         ENDDO         
  C:861DH         LINE#         105
  C:8625H         LINE#         106
  C:8629H         LINE#         107
  C:862BH         LINE#         108
  C:864AH         LINE#         109
  C:865BH         LINE#         110
  C:8676H         LINE#         111
  C:867AH         LINE#         112
  -------         ENDPROC       _UART0_ADVANCE
  -------         PROC          _UART0_PUTCHARS
  X:13FFH         SYMBOL        ptr
  X:1402H         SYMBOL        length
  -------         DO            
  X:1404H         SYMBOL        count
  X:1406H         SYMBOL        message
  -------         ENDDO         
  C:8553H         LINE#         114
  C:8561H         LINE#         116
  C:856DH         LINE#         117
  C:8592H         LINE#         118
  C:85B7H         LINE#         119
  -------         ENDPROC       _UART0_PUTCHARS
  -------         PROC          _UART0_PUTCHAR
  X:153EH         SYMBOL        value
  -------         DO            
  X:153FH         SYMBOL        SAVE_SFRPAGE
  B:0022H.3       SYMBOL        ES0_SAVE
  -------         ENDDO         
  C:770FH         LINE#         121
  C:7714H         LINE#         124
  C:772CH         LINE#         126
  C:7730H         LINE#         127
  C:7732H         LINE#         128
  C:773EH         LINE#         129
  C:7759H         LINE#         130
  C:7763H         LINE#         131
  C:777BH         LINE#         132
  C:7783H         LINE#         133
  C:7785H         LINE#         134
  C:778BH         LINE#         135
[...]


  D:00C8H         PUBLIC        P4
  D:00D8H         PUBLIC        P5
  B:00A8H.7       PUBLIC        EA
  D:00E8H         PUBLIC        P6
  D:00F8H         PUBLIC        P7
  B:00D8H.0       PUBLIC        BATT_CTRL
  C:221EH         PUBLIC        Debug_print
  -------         PROC          DEBUG_PRINT
  -------         DO            
  X:050AH         SYMBOL        i
  X:050CH         SYMBOL        j
  X:050EH         SYMBOL        tx_avail
  X:0510H         SYMBOL        ptr
  X:0512H         SYMBOL        buffer
  B:0022H.7       SYMBOL        EA_SAVE
  -------         ENDDO         
  C:221EH         LINE#         21
  C:221EH         LINE#         28
  C:2237H         LINE#         29
  C:2237H         LINE#         31
  C:2286H         LINE#         33
  C:22BFH         LINE#         34
  C:22F8H         LINE#         36
  C:2331H         LINE#         37
  C:2382H         LINE#         38
  C:23C1H         LINE#         39
  C:242AH         LINE#         40
  C:244FH         LINE#         41
  C:246CH         LINE#         43
  C:2495H         LINE#         44
  C:24BEH         LINE#         45
  C:24E7H         LINE#         46
  C:2510H         LINE#         47
  C:2539H         LINE#         48
  C:2562H         LINE#         49
  C:257FH         LINE#         50
  C:259CH         LINE#         52
  C:25C5H         LINE#         53
  C:25E6H         LINE#         54
  C:2603H         LINE#         55
  C:2636H         LINE#         56
  C:2679H         LINE#         57
  C:267AH         LINE#         58
  C:267AH         LINE#         59
  C:267AH         LINE#         60
  C:2684H         LINE#         61
  C:2688H         LINE#         62
  C:268AH         LINE#         63
  C:268CH         LINE#         64
  C:26B9H         LINE#         65
  C:26C9H         LINE#         66
  C:26CDH         LINE#         67
  C:26E3H         LINE#         68
  C:26F4H         LINE#         70
  C:26F5H         LINE#         71
  C:26F5H         LINE#         72
  C:26FEH         LINE#         73
BL51 BANKED LINKER/LOCATER V6.22                                                      12/24/2012  13:21:13  PAGE 93


  C:2707H         LINE#         74
  C:273AH         LINE#         78
  C:275BH         LINE#         79
  C:2764H         LINE#         80
  C:2782H         LINE#         81
  C:27ABH         LINE#         82
  C:27C6H         LINE#         83
  C:27F7H         LINE#         84
  C:2803H         LINE#         85
  C:281FH         LINE#         86
  C:2850H         LINE#         87
  C:285CH         LINE#         88
  C:2869H         LINE#         89
  C:2884H         LINE#         90
  C:288DH         LINE#         91
  C:2899H         LINE#         92
  C:28A2H         LINE#         93
  C:28BEH         LINE#         94
  C:28F8H         LINE#         95
  C:2913H         LINE#         96
  C:2973H         LINE#         97
  C:297FH         LINE#         98
  C:299BH         LINE#         99
  C:29CCH         LINE#         100
  C:29D8H         LINE#         101
  C:29E6H         LINE#         102
  C:29E6H         LINE#         103
  C:29E6H         LINE#         105
  -------         ENDPROC       DEBUG_PRINT
  -------         ENDMOD        PWRS_DEBUG

  -------         MODULE        C8051_MCUTEMP
  C:0000H         SYMBOL        _ICE_DUMMY_
  C:94CCH         PUBLIC        _Mcutemp_mVtoCelsius
  C:9750H         PUBLIC        Mcutemp_inCelsius
  -------         PROC          _MCUTEMP_MVTOCELSIUS
  X:1508H         SYMBOL        p_f_mV
  C:94CCH         LINE#         6
  C:94D2H         LINE#         7
  C:94EEH         LINE#         8
  -------         ENDPROC       _MCUTEMP_MVTOCELSIUS
  -------         PROC          MCUTEMP_INCELSIUS
  C:9750H         LINE#         10
  C:9750H         LINE#         11
  C:975AH         LINE#         12
  -------         ENDPROC       MCUTEMP_INCELSIUS
  -------         ENDMOD        C8051_MCUTEMP

  -------         MODULE        PWRS_TIMER
  C:0000H         SYMBOL        _ICE_DUMMY_
  D:00E7H         PUBLIC        EIE2
  D:0084H         PUBLIC        SFRPAGE
  D:00CCH         PUBLIC        TMR2
  D:00CCH         PUBLIC        TMR3
  D:00CCH         PUBLIC        TMR4
  D:00C9H         PUBLIC        TMR2CF
  D:00C9H         PUBLIC        TMR3CF
BL51 BANKED LINKER/LOCATER V6.22                                                      12/24/2012  13:21:13  PAGE 94


  D:00C9H         PUBLIC        TMR4CF
  D:0089H         PUBLIC        TMOD
  D:00C8H         PUBLIC        TMR2CN
  D:00C8H         PUBLIC        TMR3CN
  D:00C8H         PUBLIC        TMR4CN
  C:9591H         PUBLIC        Timer0_setReload
  B:00A8H.1       PUBLIC        ET0
  B:00A8H.3       PUBLIC        ET1
  C:90EEH         PUBLIC        _Timer0_init
  B:00A8H.5       PUBLIC        ET2
  C:7BF7H         PUBLIC        _Timer1_init
  D:008CH         PUBLIC        TH0
  C:8E80H         PUBLIC        _Timer2_init
  D:008DH         PUBLIC        TH1
  C:8B1AH         PUBLIC        _Timer3_init
  C:8129H         PUBLIC        _Timer4_init
  D:008AH         PUBLIC        TL0
  B:0088H.4       PUBLIC        TR0
  B:0088H.6       PUBLIC        TR1
  B:00C8H.2       PUBLIC        TR2
  D:00CAH         PUBLIC        RCAP2
  B:00C8H.2       PUBLIC        TR3
  D:00CAH         PUBLIC        RCAP3
  B:00C8H.2       PUBLIC        TR4
  D:00CAH         PUBLIC        RCAP4
  X:1562H         PUBLIC        timer0_reload_hi
  X:1563H         PUBLIC        timer0_reload_lo
  D:008EH         PUBLIC        CKCON
  -------         PROC          TIMER0_SETRELOAD
  -------         DO            
  X:1576H         SYMBOL        SFRPAGE_SAVE
  -------         ENDDO         
  C:9591H         LINE#         19
  C:9591H         LINE#         20
  C:9597H         LINE#         21
  C:959AH         LINE#         23
  C:95A1H         LINE#         24
  C:95A8H         LINE#         25
  C:95AFH         LINE#         26
  -------         ENDPROC       TIMER0_SETRELOAD
  -------         PROC          _TIMER0_INIT
  X:1560H         SYMBOL        p_c_CKCON
  -------         DO            
  X:1561H         SYMBOL        SFRPAGE_SAVE
  -------         ENDDO         
  C:90EEH         LINE#         42
  C:90F3H         LINE#         44
  C:90F9H         LINE#         46
  C:90FFH         LINE#         47
  C:9105H         LINE#         50
  C:9108H         LINE#         53
  C:910BH         LINE#         89
  C:910EH         LINE#         90
  C:9111H         LINE#         112
  C:9118H         LINE#         115
  C:911AH         LINE#         162
  C:911CH         LINE#         165
BL51 BANKED LINKER/LOCATER V6.22                                                      12/24/2012  13:21:13  PAGE 95


  C:9123H         LINE#         166
  -------         ENDPROC       _TIMER0_INIT
  -------         PROC          _TIMER1_INIT
  X:147FH         SYMBOL        sys_clk
  X:1483H         SYMBOL        prescaler
  -------         DO            
  X:1484H         SYMBOL        SFRPAGE_SAVE
  X:1485H         SYMBOL        timer1_reload_hi
  -------         ENDDO         
  C:7BF7H         LINE#         179
  C:7BFDH         LINE#         181
  C:7C03H         LINE#         184
  C:7C06H         LINE#         185
  C:7C5DH         LINE#         186
  C:7C67H         LINE#         189
  C:7C6AH         LINE#         190
  C:7C6DH         LINE#         197
  C:7C6FH         LINE#         201
  C:7C71H         LINE#         204
  C:7C78H         LINE#         205
  -------         ENDPROC       _TIMER1_INIT
  -------         PROC          _TIMER2_INIT
  X:14D2H         SYMBOL        sys_clk
  -------         DO            
  X:14D6H         SYMBOL        SFRPAGE_SAVE
  -------         ENDDO         
  C:8E80H         LINE#         217
  C:8E86H         LINE#         219
  C:8E8CH         LINE#         220
  C:8E8FH         LINE#         221
  C:8E92H         LINE#         225
  C:8E95H         LINE#         228
  C:8EADH         LINE#         229
  C:8EB3H         LINE#         230
  C:8EB5H         LINE#         231
  C:8EB7H         LINE#         232
  C:8EBEH         LINE#         234
  -------         ENDPROC       _TIMER2_INIT
  -------         PROC          _TIMER3_INIT
  X:14D7H         SYMBOL        sys_clk
  -------         DO            
  X:14DBH         SYMBOL        SFRPAGE_SAVE
  -------         ENDDO         
  C:8B1AH         LINE#         249
  C:8B20H         LINE#         251
  C:8B26H         LINE#         252
  C:8B29H         LINE#         253
  C:8B2CH         LINE#         256
  C:8B2FH         LINE#         259
  C:8B52H         LINE#         260
  C:8B58H         LINE#         261
  C:8B5BH         LINE#         263
  C:8B5DH         LINE#         264
  C:8B64H         LINE#         265
  -------         ENDPROC       _TIMER3_INIT
  -------         PROC          _TIMER4_INIT
  X:1486H         SYMBOL        sys_clk
BL51 BANKED LINKER/LOCATER V6.22                                                      12/24/2012  13:21:13  PAGE 96


  -------         DO            
  X:148AH         SYMBOL        SFRPAGE_SAVE
  X:148BH         SYMBOL        timer4_reload
  -------         ENDDO         
  C:8129H         LINE#         277
  C:812FH         LINE#         279
  C:8135H         LINE#         283
  C:8138H         LINE#         286
  C:813BH         LINE#         289
  C:813EH         LINE#         290
  C:8174H         LINE#         291
  C:8187H         LINE#         293
  C:818DH         LINE#         295
  C:8190H         LINE#         297
  C:8192H         LINE#         300
  C:8199H         LINE#         301
  -------         ENDPROC       _TIMER4_INIT
  -------         ENDMOD        PWRS_TIMER

  -------         MODULE        ?C?FPADD
  C:00ADH         PUBLIC        ?C?FPADD
  C:00A9H         PUBLIC        ?C?FPSUB
  -------         ENDMOD        ?C?FPADD

  -------         MODULE        ?C?FPMUL
  C:019EH         PUBLIC        ?C?FPMUL
  -------         ENDMOD        ?C?FPMUL

  -------         MODULE        ?C?FPDIV
  C:02A7H         PUBLIC        ?C?FPDIV
  -------         ENDMOD        ?C?FPDIV

  -------         MODULE        ?C?FPCMP
  C:0346H         PUBLIC        ?C?FPCMP
  C:0344H         PUBLIC        ?C?FPCMP3
  -------         ENDMOD        ?C?FPCMP

  -------         MODULE        ?C?FCAST
  C:03C7H         PUBLIC        ?C?FCASTC
  C:03C2H         PUBLIC        ?C?FCASTI
  C:03BDH         PUBLIC        ?C?FCASTL
  -------         ENDMOD        ?C?FCAST

  -------         MODULE        ?C?CASTF
  C:03FBH         PUBLIC        ?C?CASTF
  -------         ENDMOD        ?C?CASTF

  -------         MODULE        PRINTF
  X:12A0H         PUBLIC        ?_PRINTF?BYTE
  X:12A0H         PUBLIC        ?_SPRINTF?BYTE
  C:3D6DH         PUBLIC        _PRINTF
  C:3D67H         PUBLIC        _SPRINTF
  -------         ENDMOD        PRINTF

  -------         MODULE        ?C?FPROUND
  C:047CH         PUBLIC        ?C?FPROUND
  -------         ENDMOD        ?C?FPROUND
BL51 BANKED LINKER/LOCATER V6.22                                                      12/24/2012  13:21:13  PAGE 97



  -------         MODULE        ?C?FPCONVERT
  C:04B9H         PUBLIC        ?C?FPCONVERT
  -------         ENDMOD        ?C?FPCONVERT

  -------         MODULE        ?C?FTNPWR
  C:05EEH         PUBLIC        ?C?FTNPWR
  -------         ENDMOD        ?C?FTNPWR

  -------         MODULE        ?C?COPY
  C:06FEH         PUBLIC        ?C?COPY
  -------         ENDMOD        ?C?COPY

  -------         MODULE        ?C?CLDPTR
  C:0724H         PUBLIC        ?C?CLDPTR
  -------         ENDMOD        ?C?CLDPTR

  -------         MODULE        ?C?CLDOPTR
  C:073DH         PUBLIC        ?C?CLDOPTR
  -------         ENDMOD        ?C?CLDOPTR

  -------         MODULE        ?C?CSTPTR
  C:076AH         PUBLIC        ?C?CSTPTR
  -------         ENDMOD        ?C?CSTPTR

  -------         MODULE        ?C?CSTOPTR
  C:077CH         PUBLIC        ?C?CSTOPTR
  -------         ENDMOD        ?C?CSTOPTR

  -------         MODULE        ?C?IMUL
  C:079EH         PUBLIC        ?C?IMUL
  -------         ENDMOD        ?C?IMUL

  -------         MODULE        ?C?UIDIV
  C:07B0H         PUBLIC        ?C?UIDIV
  -------         ENDMOD        ?C?UIDIV

  -------         MODULE        ?C?SIDIV
  C:0805H         PUBLIC        ?C?SIDIV
  -------         ENDMOD        ?C?SIDIV

  -------         MODULE        ?C?IILDX
  C:083BH         PUBLIC        ?C?IILDX
  -------         ENDMOD        ?C?IILDX

  -------         MODULE        ?C?ILDPTR
  C:0851H         PUBLIC        ?C?ILDPTR
  -------         ENDMOD        ?C?ILDPTR

  -------         MODULE        ?C?ILDOPTR
  C:087CH         PUBLIC        ?C?ILDOPTR
  -------         ENDMOD        ?C?ILDOPTR

  -------         MODULE        ?C?IILDPTR
  C:08B4H         PUBLIC        ?C?IILDPTR
  -------         ENDMOD        ?C?IILDPTR

BL51 BANKED LINKER/LOCATER V6.22                                                      12/24/2012  13:21:13  PAGE 98


  -------         MODULE        ?C?ISTPTR
  C:08ECH         PUBLIC        ?C?ISTPTR
  -------         ENDMOD        ?C?ISTPTR

  -------         MODULE        ?C?ISTOPTR
  C:090BH         PUBLIC        ?C?ISTOPTR
  -------         ENDMOD        ?C?ISTOPTR

  -------         MODULE        ?C?LADD
  C:0938H         PUBLIC        ?C?LADD
  -------         ENDMOD        ?C?LADD

  -------         MODULE        ?C?LSUB
  C:0945H         PUBLIC        ?C?LSUB
  -------         ENDMOD        ?C?LSUB

  -------         MODULE        ?C?LMUL
  C:0953H         PUBLIC        ?C?LMUL
  -------         ENDMOD        ?C?LMUL

  -------         MODULE        ?C?ULDIV
  C:09DEH         PUBLIC        ?C?ULDIV
  -------         ENDMOD        ?C?ULDIV

  -------         MODULE        ?C?SLDIV
  C:8C7CH         PUBLIC        ?C?SLDIV
  -------         ENDMOD        ?C?SLDIV

  -------         MODULE        ?C?LNEG
  C:0A70H         PUBLIC        ?C?LNEG
  -------         ENDMOD        ?C?LNEG

  -------         MODULE        ?C?SLCMP
  C:0A7EH         PUBLIC        ?C?SLCMP
  -------         ENDMOD        ?C?SLCMP

  -------         MODULE        ?C?ULCMP
  C:0A94H         PUBLIC        ?C?ULCMP
  -------         ENDMOD        ?C?ULCMP

  -------         MODULE        ?C?SLSHR
  C:0AA5H         PUBLIC        ?C?SLSHR
  -------         ENDMOD        ?C?SLSHR

  -------         MODULE        ?C?LSHL
  C:0AB9H         PUBLIC        ?C?LSHL
  -------         ENDMOD        ?C?LSHL

  -------         MODULE        ?C?LSTPTR
  C:0ACCH         PUBLIC        ?C?LSTPTR
  -------         ENDMOD        ?C?LSTPTR

  -------         MODULE        ?C?LLDXDATA
  C:0AE6H         PUBLIC        ?C?LLDXDATA
  -------         ENDMOD        ?C?LLDXDATA

  -------         MODULE        ?C?LLDXDATA0
BL51 BANKED LINKER/LOCATER V6.22                                                      12/24/2012  13:21:13  PAGE 99


  C:0AF2H         PUBLIC        ?C?LLDXDATA0
  -------         ENDMOD        ?C?LLDXDATA0

  -------         MODULE        ?C?LSTXDATA
  C:0AFEH         PUBLIC        ?C?LSTXDATA
  -------         ENDMOD        ?C?LSTXDATA

  -------         MODULE        ?C?LSTKXDATA
  C:0B0AH         PUBLIC        ?C?LSTKXDATA
  -------         ENDMOD        ?C?LSTKXDATA

  -------         MODULE        ?C?LSTKPTR
  C:0B3BH         PUBLIC        ?C?LSTKPTR
  -------         ENDMOD        ?C?LSTKPTR

  -------         MODULE        ?C?OFFXADD
  C:0B55H         PUBLIC        ?C?OFFXADD
  -------         ENDMOD        ?C?OFFXADD

  -------         MODULE        ?C?PLDXDATA
  C:0B61H         PUBLIC        ?C?PLDXDATA
  -------         ENDMOD        ?C?PLDXDATA

  -------         MODULE        ?C?PLDIXDATA
  C:0B6AH         PUBLIC        ?C?PLDIXDATA
  -------         ENDMOD        ?C?PLDIXDATA

  -------         MODULE        ?C?PSTXDATA
  C:0B81H         PUBLIC        ?C?PSTXDATA
  -------         ENDMOD        ?C?PSTXDATA

  -------         MODULE        ?C?CCASE
  C:0B8AH         PUBLIC        ?C?CCASE
  -------         ENDMOD        ?C?CCASE

  -------         MODULE        ?C?ICALL
  C:0BB0H         PUBLIC        ?C?ICALL
  C:0BB4H         PUBLIC        ?C?ICALL2
  -------         ENDMOD        ?C?ICALL

  -------         MODULE        ?C?STRCMP
  C:0D34H         PUBLIC        ?C?STRCMP
  -------         ENDMOD        ?C?STRCMP

  -------         MODULE        STRLEN
  C:9677H         PUBLIC        _STRLEN
  -------         ENDMOD        STRLEN

  -------         MODULE        ?C?MEMSET
  C:0D51H         PUBLIC        ?C?MEMSET
  -------         ENDMOD        ?C?MEMSET

  -------         MODULE        ?C?LSTIDATA
  C:0D7DH         PUBLIC        ?C?LSTIDATA
  -------         ENDMOD        ?C?LSTIDATA

  -------         MODULE        ?C?LSTPDATA
BL51 BANKED LINKER/LOCATER V6.22                                                      12/24/2012  13:21:13  PAGE 100


  C:0D89H         PUBLIC        ?C?LSTPDATA
  -------         ENDMOD        ?C?LSTPDATA

  -------         MODULE        ?C?LSTKIDATA
  C:0D95H         PUBLIC        ?C?LSTKIDATA
  -------         ENDMOD        ?C?LSTKIDATA

  -------         MODULE        ?C?LSTKPDATA
  C:0DAEH         PUBLIC        ?C?LSTKPDATA
  -------         ENDMOD        ?C?LSTKPDATA

*** WARNING L16: UNCALLED SEGMENT, IGNORED FOR OVERLAY PROCESS
    SEGMENT: ?PR?SMBUS_TEARDOWNRX?C8051_SMBUS

*** WARNING L16: UNCALLED SEGMENT, IGNORED FOR OVERLAY PROCESS
    SEGMENT: ?PR?SPI0_FAILURECOUNT?C8051_SPI0

*** WARNING L16: UNCALLED SEGMENT, IGNORED FOR OVERLAY PROCESS
    SEGMENT: ?PR?_SPI0_GETPUTCHARS?C8051_SPI0

*** WARNING L16: UNCALLED SEGMENT, IGNORED FOR OVERLAY PROCESS
    SEGMENT: ?PR?BATTERY_CHARGINGCONTROL?PWRS_BATTERY

*** WARNING L16: UNCALLED SEGMENT, IGNORED FOR OVERLAY PROCESS
    SEGMENT: ?PR?_BATTERY_SETPWRSHT?PWRS_BATTERY

*** WARNING L16: UNCALLED SEGMENT, IGNORED FOR OVERLAY PROCESS
    SEGMENT: ?PR?BATTERY_UPDATEPARAMETERS?PWRS_BATTERY

*** WARNING L16: UNCALLED SEGMENT, IGNORED FOR OVERLAY PROCESS
    SEGMENT: ?PR?CALIBRATION_HANDLER?PWRS_CALIBRATION

*** WARNING L16: UNCALLED SEGMENT, IGNORED FOR OVERLAY PROCESS
    SEGMENT: ?PR?FAULT_HANDLING?PWRS_FAULT_HANDLING

*** WARNING L16: UNCALLED SEGMENT, IGNORED FOR OVERLAY PROCESS
    SEGMENT: ?PR?_MPPT_TRACKING?PWRS_MPPT

*** WARNING L16: UNCALLED SEGMENT, IGNORED FOR OVERLAY PROCESS
    SEGMENT: ?PR?HOUSEKEEPING_GETALL?PWRS_HOUSEKEEPING

*** WARNING L16: UNCALLED SEGMENT, IGNORED FOR OVERLAY PROCESS
    SEGMENT: ?PR?HOUSEKEEPING_GETINTERNAL?PWRS_HOUSEKEEPING

*** WARNING L16: UNCALLED SEGMENT, IGNORED FOR OVERLAY PROCESS
    SEGMENT: ?PR?THERMAL_UPDATETKSTATUS?PWRS_THERMAL

*** WARNING L16: UNCALLED SEGMENT, IGNORED FOR OVERLAY PROCESS
    SEGMENT: ?PR?RESET_OBDH?PWRS_RESET

*** WARNING L16: UNCALLED SEGMENT, IGNORED FOR OVERLAY PROCESS
    SEGMENT: ?PR?RESET_PWRS?PWRS_RESET

*** WARNING L16: UNCALLED SEGMENT, IGNORED FOR OVERLAY PROCESS
    SEGMENT: ?PR?CAMERA_ACQUISITIONHANDLER?PWRS_CAMERA

*** WARNING L16: UNCALLED SEGMENT, IGNORED FOR OVERLAY PROCESS
BL51 BANKED LINKER/LOCATER V6.22                                                      12/24/2012  13:21:13  PAGE 101


    SEGMENT: ?PR?CAMERA_GETFRAMEDATA?PWRS_CAMERA

*** WARNING L16: UNCALLED SEGMENT, IGNORED FOR OVERLAY PROCESS
    SEGMENT: ?PR?CAMERA_SMBUSTX?PWRS_CAMERA

*** WARNING L16: UNCALLED SEGMENT, IGNORED FOR OVERLAY PROCESS
    SEGMENT: ?PR?_CAMERA_UPLINKMCC?PWRS_CAMERA

*** WARNING L16: UNCALLED SEGMENT, IGNORED FOR OVERLAY PROCESS
    SEGMENT: ?PR?I2C_HANDLER?PWRS_I2C

*** WARNING L16: UNCALLED SEGMENT, IGNORED FOR OVERLAY PROCESS
    SEGMENT: ?PR?XBEECOORDHANDLER?XBEE

*** WARNING L16: UNCALLED SEGMENT, IGNORED FOR OVERLAY PROCESS
    SEGMENT: ?PR?XBEEINIT?XBEE

*** WARNING L16: UNCALLED SEGMENT, IGNORED FOR OVERLAY PROCESS
    SEGMENT: ?PR?_XBEEREMOTEATCMDREQUEST?XBEE_ATCMD

*** WARNING L16: UNCALLED SEGMENT, IGNORED FOR OVERLAY PROCESS
    SEGMENT: ?PR?DEBUG_PRINT?PWRS_DEBUG

Program Size: data=23.0 xdata=5495 code=38832
LINK/LOCATE RUN COMPLETE.  23 WARNING(S),  0 ERROR(S)
